Copyright 1986-2020 Xilinx, Inc. All Rights Reserved.
--------------------------------------------------------------------------------------------------------------------------------------------------------------------
| Tool Version : Vivado v.2020.1 (win64) Build 2902540 Wed May 27 19:54:49 MDT 2020
| Date         : Sat Mar 14 22:55:06 2026
| Host         : Hira running 64-bit major release  (build 9200)
| Command      : report_methodology -file RF_ALU_TOP_methodology_drc_routed.rpt -pb RF_ALU_TOP_methodology_drc_routed.pb -rpx RF_ALU_TOP_methodology_drc_routed.rpx
| Design       : RF_ALU_TOP
| Device       : xc7a35ticpg236-1L
| Speed File   : -1L
| Design State : Fully Routed
--------------------------------------------------------------------------------------------------------------------------------------------------------------------

Report Methodology

Table of Contents
-----------------
1. REPORT SUMMARY
2. REPORT DETAILS

1. REPORT SUMMARY
-----------------
            Netlist: netlist
          Floorplan: design_1
      Design limits: <entire design considered>
             Max violations: <unlimited>
             Violations found: 44
+-----------+----------+-------------------------------+------------+
| Rule      | Severity | Description                   | Violations |
+-----------+----------+-------------------------------+------------+
| TIMING-18 | Warning  | Missing input or output delay | 44         |
+-----------+----------+-------------------------------+------------+

2. REPORT DETAILS
-----------------
TIMING-18#1 Warning
Missing input or output delay  
An input delay is missing on rst relative to clock(s) sys_clk
Related violations: <none>

TIMING-18#2 Warning
Missing input or output delay  
An input delay is missing on sw[0] relative to clock(s) sys_clk
Related violations: <none>

TIMING-18#3 Warning
Missing input or output delay  
An input delay is missing on sw[10] relative to clock(s) sys_clk
Related violations: <none>

TIMING-18#4 Warning
Missing input or output delay  
An input delay is missing on sw[11] relative to clock(s) sys_clk
Related violations: <none>

TIMING-18#5 Warning
Missing input or output delay  
An input delay is missing on sw[12] relative to clock(s) sys_clk
Related violations: <none>

TIMING-18#6 Warning
Missing input or output delay  
An input delay is missing on sw[13] relative to clock(s) sys_clk
Related violations: <none>

TIMING-18#7 Warning
Missing input or output delay  
An input delay is missing on sw[14] relative to clock(s) sys_clk
Related violations: <none>

TIMING-18#8 Warning
Missing input or output delay  
An input delay is missing on sw[15] relative to clock(s) sys_clk
Related violations: <none>

TIMING-18#9 Warning
Missing input or output delay  
An input delay is missing on sw[1] relative to clock(s) sys_clk
Related violations: <none>

TIMING-18#10 Warning
Missing input or output delay  
An input delay is missing on sw[2] relative to clock(s) sys_clk
Related violations: <none>

TIMING-18#11 Warning
Missing input or output delay  
An input delay is missing on sw[3] relative to clock(s) sys_clk
Related violations: <none>

TIMING-18#12 Warning
Missing input or output delay  
An input delay is missing on sw[4] relative to clock(s) sys_clk
Related violations: <none>

TIMING-18#13 Warning
Missing input or output delay  
An input delay is missing on sw[5] relative to clock(s) sys_clk
Related violations: <none>

TIMING-18#14 Warning
Missing input or output delay  
An input delay is missing on sw[6] relative to clock(s) sys_clk
Related violations: <none>

TIMING-18#15 Warning
Missing input or output delay  
An input delay is missing on sw[7] relative to clock(s) sys_clk
Related violations: <none>

TIMING-18#16 Warning
Missing input or output delay  
An input delay is missing on sw[8] relative to clock(s) sys_clk
Related violations: <none>

TIMING-18#17 Warning
Missing input or output delay  
An input delay is missing on sw[9] relative to clock(s) sys_clk
Related violations: <none>

TIMING-18#18 Warning
Missing input or output delay  
An output delay is missing on LED[0] relative to clock(s) sys_clk
Related violations: <none>

TIMING-18#19 Warning
Missing input or output delay  
An output delay is missing on LED[10] relative to clock(s) sys_clk
Related violations: <none>

TIMING-18#20 Warning
Missing input or output delay  
An output delay is missing on LED[11] relative to clock(s) sys_clk
Related violations: <none>

TIMING-18#21 Warning
Missing input or output delay  
An output delay is missing on LED[12] relative to clock(s) sys_clk
Related violations: <none>

TIMING-18#22 Warning
Missing input or output delay  
An output delay is missing on LED[13] relative to clock(s) sys_clk
Related violations: <none>

TIMING-18#23 Warning
Missing input or output delay  
An output delay is missing on LED[14] relative to clock(s) sys_clk
Related violations: <none>

TIMING-18#24 Warning
Missing input or output delay  
An output delay is missing on LED[15] relative to clock(s) sys_clk
Related violations: <none>

TIMING-18#25 Warning
Missing input or output delay  
An output delay is missing on LED[1] relative to clock(s) sys_clk
Related violations: <none>

TIMING-18#26 Warning
Missing input or output delay  
An output delay is missing on LED[2] relative to clock(s) sys_clk
Related violations: <none>

TIMING-18#27 Warning
Missing input or output delay  
An output delay is missing on LED[3] relative to clock(s) sys_clk
Related violations: <none>

TIMING-18#28 Warning
Missing input or output delay  
An output delay is missing on LED[4] relative to clock(s) sys_clk
Related violations: <none>

TIMING-18#29 Warning
Missing input or output delay  
An output delay is missing on LED[5] relative to clock(s) sys_clk
Related violations: <none>

TIMING-18#30 Warning
Missing input or output delay  
An output delay is missing on LED[6] relative to clock(s) sys_clk
Related violations: <none>

TIMING-18#31 Warning
Missing input or output delay  
An output delay is missing on LED[7] relative to clock(s) sys_clk
Related violations: <none>

TIMING-18#32 Warning
Missing input or output delay  
An output delay is missing on LED[8] relative to clock(s) sys_clk
Related violations: <none>

TIMING-18#33 Warning
Missing input or output delay  
An output delay is missing on LED[9] relative to clock(s) sys_clk
Related violations: <none>

TIMING-18#34 Warning
Missing input or output delay  
An output delay is missing on an[0] relative to clock(s) sys_clk
Related violations: <none>

TIMING-18#35 Warning
Missing input or output delay  
An output delay is missing on an[1] relative to clock(s) sys_clk
Related violations: <none>

TIMING-18#36 Warning
Missing input or output delay  
An output delay is missing on an[2] relative to clock(s) sys_clk
Related violations: <none>

TIMING-18#37 Warning
Missing input or output delay  
An output delay is missing on an[3] relative to clock(s) sys_clk
Related violations: <none>

TIMING-18#38 Warning
Missing input or output delay  
An output delay is missing on seg[0] relative to clock(s) sys_clk
Related violations: <none>

TIMING-18#39 Warning
Missing input or output delay  
An output delay is missing on seg[1] relative to clock(s) sys_clk
Related violations: <none>

TIMING-18#40 Warning
Missing input or output delay  
An output delay is missing on seg[2] relative to clock(s) sys_clk
Related violations: <none>

TIMING-18#41 Warning
Missing input or output delay  
An output delay is missing on seg[3] relative to clock(s) sys_clk
Related violations: <none>

TIMING-18#42 Warning
Missing input or output delay  
An output delay is missing on seg[4] relative to clock(s) sys_clk
Related violations: <none>

TIMING-18#43 Warning
Missing input or output delay  
An output delay is missing on seg[5] relative to clock(s) sys_clk
Related violations: <none>

TIMING-18#44 Warning
Missing input or output delay  
An output delay is missing on seg[6] relative to clock(s) sys_clk
Related violations: <none>


