Vivado Simulator 2020.1
Copyright 1986-1999, 2001-2020 Xilinx, Inc. All Rights Reserved.
Running: C:/Xilinx/Vivado/2020.1/bin/unwrapped/win64.o/xelab.exe -wto 6d7f362fecc74a8eb4e0258cdf46684a --incr --debug typical --relax --mt 2 -L xil_defaultlib -L unisims_ver -L unimacro_ver -L secureip --snapshot tb_lab5_behav xil_defaultlib.tb_lab5 xil_defaultlib.glbl -log elaborate.log 
Using 2 slave threads.
Starting static elaboration
Pass Through NonSizing Optimizer
Completed static elaboration
Starting simulation data flow analysis
WARNING: [XSIM 43-4099] "C:/Users/sf10353/lab-05/lab-05.srcs/sources_1/new/lab5_top.v" Line 1. Module lab5_top doesn't have a timescale but at least one module in design has a timescale.
WARNING: [XSIM 43-4099] "C:/Users/sf10353/lab-05/lab-05.srcs/sources_1/new/debouncer.v" Line 1. Module debouncer doesn't have a timescale but at least one module in design has a timescale.
WARNING: [XSIM 43-4099] "C:/Users/sf10353/lab-05/lab-05.srcs/sources_1/new/fsm_controller.v" Line 1. Module fsm_counter doesn't have a timescale but at least one module in design has a timescale.
WARNING: [XSIM 43-4099] "C:/Users/sf10353/Downloads/lab-05/lab-05/lab-05.srcs/sources_1/new/sevenseg_basys3.v" Line 1. Module sevenseg_basys3 doesn't have a timescale but at least one module in design has a timescale.
WARNING: [XSIM 43-4099] "C:/Users/sf10353/lab-05/lab-05.srcs/sources_1/new/lab5_top.v" Line 1. Module lab5_top doesn't have a timescale but at least one module in design has a timescale.
WARNING: [XSIM 43-4099] "C:/Users/sf10353/lab-05/lab-05.srcs/sources_1/new/debouncer.v" Line 1. Module debouncer doesn't have a timescale but at least one module in design has a timescale.
WARNING: [XSIM 43-4099] "C:/Users/sf10353/lab-05/lab-05.srcs/sources_1/new/fsm_controller.v" Line 1. Module fsm_counter doesn't have a timescale but at least one module in design has a timescale.
WARNING: [XSIM 43-4099] "C:/Users/sf10353/Downloads/lab-05/lab-05/lab-05.srcs/sources_1/new/sevenseg_basys3.v" Line 1. Module sevenseg_basys3 doesn't have a timescale but at least one module in design has a timescale.
Completed simulation data flow analysis
Time Resolution for simulation is 1ps
Compiling module xil_defaultlib.debouncer
Compiling module xil_defaultlib.fsm_counter
Compiling module xil_defaultlib.sevenseg_basys3
Compiling module xil_defaultlib.lab5_top
Compiling module xil_defaultlib.tb_lab5
Compiling module xil_defaultlib.glbl
Built simulation snapshot tb_lab5_behav
