
*** Running vivado
    with args -log RF_ALU_TOP.vds -m64 -product Vivado -mode batch -messageDb vivado.pb -notrace -source RF_ALU_TOP.tcl



****** Vivado v2020.1 (64-bit)
  **** SW Build 2902540 on Wed May 27 19:54:49 MDT 2020
  **** IP Build 2902112 on Wed May 27 22:43:36 MDT 2020
    ** Copyright 1986-2020 Xilinx, Inc. All Rights Reserved.

source RF_ALU_TOP.tcl -notrace
Command: synth_design -top RF_ALU_TOP -part xc7a35ticpg236-1L
Starting synth_design
Attempting to get a license for feature 'Synthesis' and/or device 'xc7a35ti'
INFO: [Common 17-349] Got license for feature 'Synthesis' and/or device 'xc7a35ti'
INFO: [Device 21-403] Loading part xc7a35ticpg236-1L
INFO: [Synth 8-7079] Multithreading enabled for synth_design using a maximum of 2 processes.
INFO: [Synth 8-7078] Launching helper process for spawning children vivado processes
INFO: [Synth 8-7075] Helper process launched with PID 16004
---------------------------------------------------------------------------------
Starting RTL Elaboration : Time (s): cpu = 00:00:04 ; elapsed = 00:00:05 . Memory (MB): peak = 1052.156 ; gain = 0.000
---------------------------------------------------------------------------------
INFO: [Synth 8-6157] synthesizing module 'RF_ALU_TOP' [C:/Users/hira6/Downloads/lab la - Copy/project_1/project_1.srcs/sources_1/new/top_7.v:9]
INFO: [Synth 8-6157] synthesizing module 'FSM' [C:/Users/hira6/Downloads/lab la - Copy/project_1/project_1.srcs/sources_1/new/FSM.v:10]
	Parameter ST_INIT bound to: 4'b0000 
	Parameter ST_LOAD_A bound to: 4'b0001 
	Parameter ST_LOAD_B bound to: 4'b0010 
	Parameter ST_OP_SELECT bound to: 4'b0011 
	Parameter ST_READ bound to: 4'b0100 
	Parameter ST_WRITE bound to: 4'b0101 
INFO: [Synth 8-6155] done synthesizing module 'FSM' (1#1) [C:/Users/hira6/Downloads/lab la - Copy/project_1/project_1.srcs/sources_1/new/FSM.v:10]
INFO: [Synth 8-6157] synthesizing module 'RegisterFile' [C:/Users/hira6/Downloads/lab la - Copy/project_1/project_1.srcs/sources_1/new/RF.v:8]
INFO: [Synth 8-6155] done synthesizing module 'RegisterFile' (2#1) [C:/Users/hira6/Downloads/lab la - Copy/project_1/project_1.srcs/sources_1/new/RF.v:8]
INFO: [Synth 8-6157] synthesizing module 'ALU' [C:/Users/hira6/Downloads/lab la - Copy/project_1/project_1.srcs/sources_1/new/ALU.v:8]
INFO: [Synth 8-6155] done synthesizing module 'ALU' (3#1) [C:/Users/hira6/Downloads/lab la - Copy/project_1/project_1.srcs/sources_1/new/ALU.v:8]
INFO: [Synth 8-6157] synthesizing module 'sevenseg_basys3' [C:/Users/hira6/Downloads/lab la - Copy/project_1/project_1.srcs/sources_1/new/SEVENSEG.v:8]
INFO: [Synth 8-226] default block is never used [C:/Users/hira6/Downloads/lab la - Copy/project_1/project_1.srcs/sources_1/new/SEVENSEG.v:36]
INFO: [Synth 8-226] default block is never used [C:/Users/hira6/Downloads/lab la - Copy/project_1/project_1.srcs/sources_1/new/SEVENSEG.v:52]
INFO: [Synth 8-6155] done synthesizing module 'sevenseg_basys3' (4#1) [C:/Users/hira6/Downloads/lab la - Copy/project_1/project_1.srcs/sources_1/new/SEVENSEG.v:8]
INFO: [Synth 8-6155] done synthesizing module 'RF_ALU_TOP' (5#1) [C:/Users/hira6/Downloads/lab la - Copy/project_1/project_1.srcs/sources_1/new/top_7.v:9]
---------------------------------------------------------------------------------
Finished RTL Elaboration : Time (s): cpu = 00:00:05 ; elapsed = 00:00:07 . Memory (MB): peak = 1052.156 ; gain = 0.000
---------------------------------------------------------------------------------
---------------------------------------------------------------------------------
Start Handling Custom Attributes
---------------------------------------------------------------------------------
---------------------------------------------------------------------------------
Finished Handling Custom Attributes : Time (s): cpu = 00:00:06 ; elapsed = 00:00:08 . Memory (MB): peak = 1052.156 ; gain = 0.000
---------------------------------------------------------------------------------
---------------------------------------------------------------------------------
Finished RTL Optimization Phase 1 : Time (s): cpu = 00:00:06 ; elapsed = 00:00:08 . Memory (MB): peak = 1052.156 ; gain = 0.000
---------------------------------------------------------------------------------
Netlist sorting complete. Time (s): cpu = 00:00:00 ; elapsed = 00:00:00.027 . Memory (MB): peak = 1052.156 ; gain = 0.000
INFO: [Project 1-570] Preparing netlist for logic optimization

Processing XDC Constraints
Initializing timing engine
Parsing XDC File [C:/Users/hira6/Downloads/lab la - Copy/project_1/project_1.srcs/constrs_1/new/lab7.xdc]
Finished Parsing XDC File [C:/Users/hira6/Downloads/lab la - Copy/project_1/project_1.srcs/constrs_1/new/lab7.xdc]
INFO: [Project 1-236] Implementation specific constraints were found while reading constraint file [C:/Users/hira6/Downloads/lab la - Copy/project_1/project_1.srcs/constrs_1/new/lab7.xdc]. These constraints will be ignored for synthesis but will be used in implementation. Impacted constraints are listed in the file [.Xil/RF_ALU_TOP_propImpl.xdc].
Resolution: To avoid this warning, move constraints listed in [.Xil/RF_ALU_TOP_propImpl.xdc] to another XDC file and exclude this new file from synthesis with the used_in_synthesis property (File Properties dialog in GUI) and re-run elaboration/synthesis.
Completed Processing XDC Constraints

Netlist sorting complete. Time (s): cpu = 00:00:00 ; elapsed = 00:00:00.001 . Memory (MB): peak = 1052.156 ; gain = 0.000
INFO: [Project 1-111] Unisim Transformation Summary:
No Unisim elements were transformed.

Constraint Validation Runtime : Time (s): cpu = 00:00:00 ; elapsed = 00:00:00.014 . Memory (MB): peak = 1052.156 ; gain = 0.000
---------------------------------------------------------------------------------
Finished Constraint Validation : Time (s): cpu = 00:00:12 ; elapsed = 00:00:15 . Memory (MB): peak = 1052.156 ; gain = 0.000
---------------------------------------------------------------------------------
---------------------------------------------------------------------------------
Start Loading Part and Timing Information
---------------------------------------------------------------------------------
Loading part: xc7a35ticpg236-1L
---------------------------------------------------------------------------------
Finished Loading Part and Timing Information : Time (s): cpu = 00:00:12 ; elapsed = 00:00:15 . Memory (MB): peak = 1052.156 ; gain = 0.000
---------------------------------------------------------------------------------
---------------------------------------------------------------------------------
Start Applying 'set_property' XDC Constraints
---------------------------------------------------------------------------------
---------------------------------------------------------------------------------
Finished applying 'set_property' XDC Constraints : Time (s): cpu = 00:00:12 ; elapsed = 00:00:15 . Memory (MB): peak = 1052.156 ; gain = 0.000
---------------------------------------------------------------------------------
INFO: [Synth 8-802] inferred FSM for state register 'current_state_reg' in module 'FSM'
---------------------------------------------------------------------------------------------------
                   State |                     New Encoding |                Previous Encoding 
---------------------------------------------------------------------------------------------------
                 ST_INIT |                              000 |                             0000
               ST_LOAD_A |                              001 |                             0001
               ST_LOAD_B |                              010 |                             0010
            ST_OP_SELECT |                              011 |                             0011
                 ST_READ |                              100 |                             0100
                ST_WRITE |                              101 |                             0101
---------------------------------------------------------------------------------------------------
INFO: [Synth 8-3354] encoded FSM with state register 'current_state_reg' using encoding 'sequential' in module 'FSM'
---------------------------------------------------------------------------------
Finished RTL Optimization Phase 2 : Time (s): cpu = 00:00:13 ; elapsed = 00:00:16 . Memory (MB): peak = 1052.156 ; gain = 0.000
---------------------------------------------------------------------------------
---------------------------------------------------------------------------------
Start RTL Component Statistics 
---------------------------------------------------------------------------------
Detailed RTL Component Info : 
+---Adders : 
	   2 Input   32 Bit       Adders := 1     
	   3 Input   32 Bit       Adders := 1     
+---XORs : 
	   2 Input     32 Bit         XORs := 1     
+---Registers : 
	               32 Bit    Registers := 32    
	                5 Bit    Registers := 2     
+---Muxes : 
	  33 Input   32 Bit        Muxes := 3     
	   2 Input   32 Bit        Muxes := 1     
	   2 Input   16 Bit        Muxes := 1     
	   2 Input    5 Bit        Muxes := 2     
	   6 Input    5 Bit        Muxes := 1     
	   6 Input    4 Bit        Muxes := 2     
	   4 Input    4 Bit        Muxes := 2     
	   6 Input    3 Bit        Muxes := 1     
	   2 Input    3 Bit        Muxes := 3     
	   6 Input    2 Bit        Muxes := 1     
	   2 Input    1 Bit        Muxes := 34    
	   6 Input    1 Bit        Muxes := 6     
---------------------------------------------------------------------------------
Finished RTL Component Statistics 
---------------------------------------------------------------------------------
---------------------------------------------------------------------------------
Start Part Resource Summary
---------------------------------------------------------------------------------
Part Resources:
DSPs: 90 (col length:60)
BRAMs: 100 (col length: RAMB18 60 RAMB36 30)
---------------------------------------------------------------------------------
Finished Part Resource Summary
---------------------------------------------------------------------------------
---------------------------------------------------------------------------------
Start Cross Boundary and Area Optimization
---------------------------------------------------------------------------------
---------------------------------------------------------------------------------
Finished Cross Boundary and Area Optimization : Time (s): cpu = 00:02:41 ; elapsed = 00:02:50 . Memory (MB): peak = 1052.156 ; gain = 0.000
---------------------------------------------------------------------------------
---------------------------------------------------------------------------------
Start Applying XDC Timing Constraints
---------------------------------------------------------------------------------
---------------------------------------------------------------------------------
Finished Applying XDC Timing Constraints : Time (s): cpu = 00:02:49 ; elapsed = 00:02:59 . Memory (MB): peak = 1052.156 ; gain = 0.000
---------------------------------------------------------------------------------
---------------------------------------------------------------------------------
Start Timing Optimization
---------------------------------------------------------------------------------
---------------------------------------------------------------------------------
Finished Timing Optimization : Time (s): cpu = 00:05:00 ; elapsed = 00:05:13 . Memory (MB): peak = 1173.020 ; gain = 120.863
---------------------------------------------------------------------------------
---------------------------------------------------------------------------------
Start Technology Mapping
---------------------------------------------------------------------------------
---------------------------------------------------------------------------------
Finished Technology Mapping : Time (s): cpu = 00:05:03 ; elapsed = 00:05:17 . Memory (MB): peak = 1173.020 ; gain = 120.863
---------------------------------------------------------------------------------
---------------------------------------------------------------------------------
Start IO Insertion
---------------------------------------------------------------------------------
---------------------------------------------------------------------------------
Start Flattening Before IO Insertion
---------------------------------------------------------------------------------
---------------------------------------------------------------------------------
Finished Flattening Before IO Insertion
---------------------------------------------------------------------------------
---------------------------------------------------------------------------------
Start Final Netlist Cleanup
---------------------------------------------------------------------------------
---------------------------------------------------------------------------------
Finished Final Netlist Cleanup
---------------------------------------------------------------------------------
---------------------------------------------------------------------------------
Finished IO Insertion : Time (s): cpu = 00:05:07 ; elapsed = 00:05:21 . Memory (MB): peak = 1173.020 ; gain = 120.863
---------------------------------------------------------------------------------
---------------------------------------------------------------------------------
Start Renaming Generated Instances
---------------------------------------------------------------------------------
---------------------------------------------------------------------------------
Finished Renaming Generated Instances : Time (s): cpu = 00:05:07 ; elapsed = 00:05:21 . Memory (MB): peak = 1173.020 ; gain = 120.863
---------------------------------------------------------------------------------
---------------------------------------------------------------------------------
Start Rebuilding User Hierarchy
---------------------------------------------------------------------------------
---------------------------------------------------------------------------------
Finished Rebuilding User Hierarchy : Time (s): cpu = 00:05:07 ; elapsed = 00:05:21 . Memory (MB): peak = 1173.020 ; gain = 120.863
---------------------------------------------------------------------------------
---------------------------------------------------------------------------------
Start Renaming Generated Ports
---------------------------------------------------------------------------------
---------------------------------------------------------------------------------
Finished Renaming Generated Ports : Time (s): cpu = 00:05:07 ; elapsed = 00:05:21 . Memory (MB): peak = 1173.020 ; gain = 120.863
---------------------------------------------------------------------------------
---------------------------------------------------------------------------------
Start Handling Custom Attributes
---------------------------------------------------------------------------------
---------------------------------------------------------------------------------
Finished Handling Custom Attributes : Time (s): cpu = 00:05:07 ; elapsed = 00:05:21 . Memory (MB): peak = 1173.020 ; gain = 120.863
---------------------------------------------------------------------------------
---------------------------------------------------------------------------------
Start Renaming Generated Nets
---------------------------------------------------------------------------------
---------------------------------------------------------------------------------
Finished Renaming Generated Nets : Time (s): cpu = 00:05:07 ; elapsed = 00:05:22 . Memory (MB): peak = 1173.020 ; gain = 120.863
---------------------------------------------------------------------------------
---------------------------------------------------------------------------------
Start Writing Synthesis Report
---------------------------------------------------------------------------------

Report BlackBoxes: 
+-+--------------+----------+
| |BlackBox name |Instances |
+-+--------------+----------+
+-+--------------+----------+

Report Cell Usage: 
+------+-------+------+
|      |Cell   |Count |
+------+-------+------+
|1     |BUFG   |     1|
|2     |CARRY4 |    25|
|3     |LUT1   |     1|
|4     |LUT2   |   103|
|5     |LUT3   |    13|
|6     |LUT4   |    84|
|7     |LUT5   |   180|
|8     |LUT6   |   909|
|9     |MUXF7  |   354|
|10    |MUXF8  |    42|
|11    |FDCE   |  1029|
|12    |IBUF   |    18|
|13    |OBUF   |    27|
+------+-------+------+
---------------------------------------------------------------------------------
Finished Writing Synthesis Report : Time (s): cpu = 00:05:07 ; elapsed = 00:05:22 . Memory (MB): peak = 1173.020 ; gain = 120.863
---------------------------------------------------------------------------------
Synthesis finished with 0 errors, 0 critical warnings and 0 warnings.
Synthesis Optimization Runtime : Time (s): cpu = 00:05:00 ; elapsed = 00:05:19 . Memory (MB): peak = 1173.020 ; gain = 120.863
Synthesis Optimization Complete : Time (s): cpu = 00:05:08 ; elapsed = 00:05:22 . Memory (MB): peak = 1173.020 ; gain = 120.863
INFO: [Project 1-571] Translating synthesized netlist
Netlist sorting complete. Time (s): cpu = 00:00:00 ; elapsed = 00:00:00.033 . Memory (MB): peak = 1173.020 ; gain = 0.000
INFO: [Netlist 29-17] Analyzing 421 Unisim elements for replacement
INFO: [Netlist 29-28] Unisim Transformation completed in 0 CPU seconds
WARNING: [Netlist 29-101] Netlist 'RF_ALU_TOP' is not ideal for floorplanning, since the cellview 'RegisterFile' contains a large number of primitives.  Please consider enabling hierarchy in synthesis if you want to do floorplanning.
INFO: [Project 1-570] Preparing netlist for logic optimization
INFO: [Opt 31-138] Pushed 0 inverter(s) to 0 load pin(s).
Netlist sorting complete. Time (s): cpu = 00:00:00 ; elapsed = 00:00:00.001 . Memory (MB): peak = 1173.020 ; gain = 0.000
INFO: [Project 1-111] Unisim Transformation Summary:
No Unisim elements were transformed.

INFO: [Common 17-83] Releasing license: Synthesis
29 Infos, 1 Warnings, 0 Critical Warnings and 0 Errors encountered.
synth_design completed successfully
synth_design: Time (s): cpu = 00:05:14 ; elapsed = 00:05:49 . Memory (MB): peak = 1173.020 ; gain = 120.863
INFO: [Common 17-1381] The checkpoint 'C:/Users/hira6/Downloads/lab la - Copy/project_1/project_1.runs/synth_1/RF_ALU_TOP.dcp' has been generated.
INFO: [runtcl-4] Executing : report_utilization -file RF_ALU_TOP_utilization_synth.rpt -pb RF_ALU_TOP_utilization_synth.pb
INFO: [Common 17-206] Exiting Vivado at Sat Mar 14 22:53:25 2026...
