#-----------------------------------------------------------
# Vivado v2020.1 (64-bit)
# SW Build 2902540 on Wed May 27 19:54:49 MDT 2020
# IP Build 2902112 on Wed May 27 22:43:36 MDT 2020
# Start of session at: Wed Mar 25 01:38:34 2026
# Process ID: 18588
# Current directory: C:/Users/hira6/Downloads/lab_6_ca/lab6hirasidrah
# Command line: vivado.exe -gui_launcher_event rodinguilauncherevent18472 C:\Users\hira6\Downloads\lab_6_ca\lab6hirasidrah\lab6hirasidrah.xpr
# Log file: C:/Users/hira6/Downloads/lab_6_ca/lab6hirasidrah/vivado.log
# Journal file: C:/Users/hira6/Downloads/lab_6_ca/lab6hirasidrah\vivado.jou
#-----------------------------------------------------------
start_gui
open_project C:/Users/hira6/Downloads/lab_6_ca/lab6hirasidrah/lab6hirasidrah.xpr
INFO: [Project 1-313] Project file moved from 'C:/Users/nh10085/Downloads/lab6hirasidrah' since last save.
CRITICAL WARNING: [Project 1-311] Could not find the file 'C:/Users/hira6/Downloads/lab_6_ca/lab6/switchescorrect.v', nor could it be found using path 'C:/Users/nh10085/Downloads/lab6/switchescorrect.v'.
CRITICAL WARNING: [Project 1-311] Could not find the file 'C:/Users/hira6/Downloads/lab_6_ca/lab6/debounchercorrect.v', nor could it be found using path 'C:/Users/nh10085/Downloads/lab6/debounchercorrect.v'.
CRITICAL WARNING: [Project 1-311] Could not find the file 'C:/Users/hira6/Downloads/lab_6_ca/lab6/ledcorrect.v', nor could it be found using path 'C:/Users/nh10085/Downloads/lab6/ledcorrect.v'.
Scanning sources...
Finished scanning sources
INFO: [IP_Flow 19-234] Refreshing IP repositories
INFO: [IP_Flow 19-1704] No user IP repositories specified
INFO: [IP_Flow 19-2313] Loaded Vivado IP repository 'C:/Xilinx/Vivado/2020.1/data/ip'.
open_project: Time (s): cpu = 00:00:11 ; elapsed = 00:00:06 . Memory (MB): peak = 1011.863 ; gain = 0.000
update_compile_order -fileset sources_1
close [ open C:/Users/hira6/Downloads/lab_6_ca/lab6hirasidrah/lab6hirasidrah.srcs/sources_1/new/debouncer.v w ]
add_files C:/Users/hira6/Downloads/lab_6_ca/lab6hirasidrah/lab6hirasidrah.srcs/sources_1/new/debouncer.v
close [ open C:/Users/hira6/Downloads/lab_6_ca/lab6hirasidrah/lab6hirasidrah.srcs/sources_1/new/Led.v w ]
add_files C:/Users/hira6/Downloads/lab_6_ca/lab6hirasidrah/lab6hirasidrah.srcs/sources_1/new/Led.v
close [ open C:/Users/hira6/Downloads/lab_6_ca/lab6hirasidrah/lab6hirasidrah.srcs/sources_1/new/switches.v w ]
add_files C:/Users/hira6/Downloads/lab_6_ca/lab6hirasidrah/lab6hirasidrah.srcs/sources_1/new/switches.v
update_compile_order -fileset sources_1
export_ip_user_files -of_objects  [get_files C:/Users/hira6/Downloads/lab_6_ca/lab6/debounchercorrect.v] -no_script -reset -force -quiet
remove_files  C:/Users/hira6/Downloads/lab_6_ca/lab6/debounchercorrect.v
export_ip_user_files -of_objects  [get_files C:/Users/hira6/Downloads/lab_6_ca/lab6/ledcorrect.v] -no_script -reset -force -quiet
remove_files  C:/Users/hira6/Downloads/lab_6_ca/lab6/ledcorrect.v
export_ip_user_files -of_objects  [get_files C:/Users/hira6/Downloads/lab_6_ca/lab6/switchescorrect.v] -no_script -reset -force -quiet
remove_files  C:/Users/hira6/Downloads/lab_6_ca/lab6/switchescorrect.v
reset_run synth_1
launch_runs synth_1 -jobs 6
[Wed Mar 25 01:42:14 2026] Launched synth_1...
Run output will be captured here: C:/Users/hira6/Downloads/lab_6_ca/lab6hirasidrah/lab6hirasidrah.runs/synth_1/runme.log
launch_runs impl_1 -jobs 6
[Wed Mar 25 01:43:28 2026] Launched impl_1...
Run output will be captured here: C:/Users/hira6/Downloads/lab_6_ca/lab6hirasidrah/lab6hirasidrah.runs/impl_1/runme.log
launch_runs impl_1 -to_step write_bitstream -jobs 6
[Wed Mar 25 01:47:38 2026] Launched impl_1...
Run output will be captured here: C:/Users/hira6/Downloads/lab_6_ca/lab6hirasidrah/lab6hirasidrah.runs/impl_1/runme.log
launch_simulation
Command: launch_simulation 
INFO: [Vivado 12-5682] Launching behavioral simulation in 'C:/Users/hira6/Downloads/lab_6_ca/lab6hirasidrah/lab6hirasidrah.sim/sim_1/behav/xsim'
INFO: [SIM-utils-51] Simulation object is 'sim_1'
INFO: [SIM-utils-54] Inspecting design source files for 'RISCVALU_tb_small' in fileset 'sim_1'...
INFO: [USF-XSim-97] Finding global include files...
INFO: [USF-XSim-98] Fetching design files from 'sim_1'...
INFO: [USF-XSim-2] XSim::Compile design
INFO: [USF-XSim-61] Executing 'COMPILE and ANALYZE' step in 'C:/Users/hira6/Downloads/lab_6_ca/lab6hirasidrah/lab6hirasidrah.sim/sim_1/behav/xsim'
"xvlog --incr --relax -prj RISCVALU_tb_small_vlog.prj"
INFO: [VRFC 10-2263] Analyzing Verilog file "C:/Users/hira6/Downloads/lab_6_ca/lab6hirasidrah/lab6hirasidrah.srcs/sources_1/new/RISCVALU.v" into library xil_defaultlib
INFO: [VRFC 10-311] analyzing module RISCVALU
INFO: [VRFC 10-2263] Analyzing Verilog file "C:/Users/hira6/Downloads/lab_6_ca/lab6hirasidrah/lab6hirasidrah.srcs/sources_1/new/alu.tb" into library xil_defaultlib
INFO: [VRFC 10-311] analyzing module RISCVALU_tb_small
INFO: [VRFC 10-2263] Analyzing Verilog file "C:/Users/hira6/Downloads/lab_6_ca/lab6hirasidrah/lab6hirasidrah.sim/sim_1/behav/xsim/glbl.v" into library xil_defaultlib
INFO: [VRFC 10-311] analyzing module glbl
INFO: [USF-XSim-69] 'compile' step finished in '3' seconds
INFO: [USF-XSim-3] XSim::Elaborate design
INFO: [USF-XSim-61] Executing 'ELABORATE' step in 'C:/Users/hira6/Downloads/lab_6_ca/lab6hirasidrah/lab6hirasidrah.sim/sim_1/behav/xsim'
"xelab -wto 2a3bdc18034b4d95a7ca6378ab715abb --incr --debug typical --relax --mt 2 -L xil_defaultlib -L unisims_ver -L unimacro_ver -L secureip --snapshot RISCVALU_tb_small_behav xil_defaultlib.RISCVALU_tb_small xil_defaultlib.glbl -log elaborate.log"
Vivado Simulator 2020.1
Copyright 1986-1999, 2001-2020 Xilinx, Inc. All Rights Reserved.
Running: C:/Xilinx/Vivado/2020.1/bin/unwrapped/win64.o/xelab.exe -wto 2a3bdc18034b4d95a7ca6378ab715abb --incr --debug typical --relax --mt 2 -L xil_defaultlib -L unisims_ver -L unimacro_ver -L secureip --snapshot RISCVALU_tb_small_behav xil_defaultlib.RISCVALU_tb_small xil_defaultlib.glbl -log elaborate.log 
Using 2 slave threads.
Starting static elaboration
Pass Through NonSizing Optimizer
Completed static elaboration
Starting simulation data flow analysis
WARNING: [XSIM 43-4099] "C:/Users/hira6/Downloads/lab_6_ca/lab6hirasidrah/lab6hirasidrah.srcs/sources_1/new/RISCVALU.v" Line 1. Module RISCVALU doesn't have a timescale but at least one module in design has a timescale.
WARNING: [XSIM 43-4099] "C:/Users/hira6/Downloads/lab_6_ca/lab6hirasidrah/lab6hirasidrah.srcs/sources_1/new/RISCVALU.v" Line 1. Module RISCVALU doesn't have a timescale but at least one module in design has a timescale.
Completed simulation data flow analysis
Time Resolution for simulation is 1ps
Compiling module xil_defaultlib.RISCVALU
Compiling module xil_defaultlib.RISCVALU_tb_small
Compiling module xil_defaultlib.glbl
Built simulation snapshot RISCVALU_tb_small_behav

****** Webtalk v2020.1 (64-bit)
  **** SW Build 2902540 on Wed May 27 19:54:49 MDT 2020
  **** IP Build 2902112 on Wed May 27 22:43:36 MDT 2020
    ** Copyright 1986-2020 Xilinx, Inc. All Rights Reserved.

source C:/Users/hira6/Downloads/lab_6_ca/lab6hirasidrah/lab6hirasidrah.sim/sim_1/behav/xsim/xsim.dir/RISCVALU_tb_small_behav/webtalk/xsim_webtalk.tcl -notrace
INFO: [Common 17-206] Exiting Webtalk at Wed Mar 25 01:49:31 2026...
run_program: Time (s): cpu = 00:00:00 ; elapsed = 00:00:05 . Memory (MB): peak = 1011.863 ; gain = 0.000
INFO: [USF-XSim-69] 'elaborate' step finished in '5' seconds
INFO: [USF-XSim-4] XSim::Simulate design
INFO: [USF-XSim-61] Executing 'SIMULATE' step in 'C:/Users/hira6/Downloads/lab_6_ca/lab6hirasidrah/lab6hirasidrah.sim/sim_1/behav/xsim'
INFO: [USF-XSim-98] *** Running xsim
   with args "RISCVALU_tb_small_behav -key {Behavioral:sim_1:Functional:RISCVALU_tb_small} -tclbatch {RISCVALU_tb_small.tcl} -log {simulate.log}"
INFO: [USF-XSim-8] Loading simulator feature
Vivado Simulator 2020.1
Time resolution is 1 ps
source RISCVALU_tb_small.tcl
# set curr_wave [current_wave_config]
# if { [string length $curr_wave] == 0 } {
#   if { [llength [get_objects]] > 0} {
#     add_wave /
#     set_property needs_save false [current_wave_config]
#   } else {
#      send_msg_id Add_Wave-1 WARNING "No top level signals found. Simulator will start without a wave window. If you want to open a wave window go to 'File->New Waveform Configuration' or type 'create_wave_config' in the TCL console."
#   }
# }
# run 1000ns
$stop called at time : 150 ns : File "C:/Users/hira6/Downloads/lab_6_ca/lab6hirasidrah/lab6hirasidrah.srcs/sources_1/new/alu.tb" Line 80
xsim: Time (s): cpu = 00:00:05 ; elapsed = 00:00:11 . Memory (MB): peak = 1011.863 ; gain = 0.000
INFO: [USF-XSim-96] XSim completed. Design snapshot 'RISCVALU_tb_small_behav' loaded.
INFO: [USF-XSim-97] XSim simulation ran for 1000ns
launch_simulation: Time (s): cpu = 00:00:06 ; elapsed = 00:00:20 . Memory (MB): peak = 1011.863 ; gain = 0.000
