#-----------------------------------------------------------
# Vivado v2020.1 (64-bit)
# SW Build 2902540 on Wed May 27 19:54:49 MDT 2020
# IP Build 2902112 on Wed May 27 22:43:36 MDT 2020
# Start of session at: Tue Mar 24 10:31:35 2026
# Process ID: 20728
# Current directory: C:/Users/DELL/Downloads/lab 5 wo reset/lab-05
# Command line: vivado.exe -gui_launcher_event rodinguilauncherevent24168 C:\Users\DELL\Downloads\lab 5 wo reset\lab-05\lab-05.xpr
# Log file: C:/Users/DELL/Downloads/lab 5 wo reset/lab-05/vivado.log
# Journal file: C:/Users/DELL/Downloads/lab 5 wo reset/lab-05\vivado.jou
#-----------------------------------------------------------
start_gui
open_project {C:/Users/DELL/Downloads/lab 5 wo reset/lab-05/lab-05.xpr}
CRITICAL WARNING: [Project 1-19] Could not find the file 'C:/Users/DELL/Downloads/lab 5 wo reset/Downloads/lab-05/lab-05/lab-05.srcs/sources_1/new/sevenseg_basys3.v'.
Scanning sources...
Finished scanning sources
INFO: [IP_Flow 19-234] Refreshing IP repositories
INFO: [IP_Flow 19-1704] No user IP repositories specified
INFO: [IP_Flow 19-2313] Loaded Vivado IP repository 'C:/Xilinx/Vivado/2020.1/data/ip'.
open_project: Time (s): cpu = 00:00:22 ; elapsed = 00:00:13 . Memory (MB): peak = 1010.684 ; gain = 0.000
update_compile_order -fileset sources_1
close_project
open_project C:/Users/DELL/Downloads/lab8sidrahira/lab888.xpr
Scanning sources...
Finished scanning sources
INFO: [IP_Flow 19-234] Refreshing IP repositories
INFO: [IP_Flow 19-1704] No user IP repositories specified
INFO: [IP_Flow 19-2313] Loaded Vivado IP repository 'C:/Xilinx/Vivado/2020.1/data/ip'.
update_compile_order -fileset sources_1
exit
INFO: [Common 17-206] Exiting Vivado at Wed Mar 25 01:31:35 2026...
