#-----------------------------------------------------------
# Vivado v2020.1 (64-bit)
# SW Build 2902540 on Wed May 27 19:54:49 MDT 2020
# IP Build 2902112 on Wed May 27 22:43:36 MDT 2020
# Start of session at: Tue Feb 17 10:00:15 2026
# Process ID: 7036
# Current directory: C:/Users/sf10353/lab-05
# Command line: vivado.exe -gui_launcher_event rodinguilauncherevent16704 C:\Users\sf10353\lab-05\lab-05.xpr
# Log file: C:/Users/sf10353/lab-05/vivado.log
# Journal file: C:/Users/sf10353/lab-05\vivado.jou
#-----------------------------------------------------------
start_gui
open_project C:/Users/sf10353/lab-05/lab-05.xpr
Scanning sources...
Finished scanning sources
INFO: [IP_Flow 19-234] Refreshing IP repositories
INFO: [IP_Flow 19-1704] No user IP repositories specified
INFO: [IP_Flow 19-2313] Loaded Vivado IP repository 'C:/Xilinx/Vivado/2020.1/data/ip'.
update_compile_order -fileset sources_1
add_files -norecurse C:/Users/sf10353/Downloads/lab-05/lab-05/lab-05.srcs/sources_1/new/sevenseg_basys3.v
update_compile_order -fileset sources_1
launch_simulation
Command: launch_simulation 
INFO: [Vivado 12-5682] Launching behavioral simulation in 'C:/Users/sf10353/lab-05/lab-05.sim/sim_1/behav/xsim'
INFO: [SIM-utils-51] Simulation object is 'sim_1'
INFO: [SIM-utils-54] Inspecting design source files for 'tb_lab5' in fileset 'sim_1'...
INFO: [USF-XSim-97] Finding global include files...
INFO: [USF-XSim-98] Fetching design files from 'sim_1'...
INFO: [USF-XSim-2] XSim::Compile design
INFO: [USF-XSim-61] Executing 'COMPILE and ANALYZE' step in 'C:/Users/sf10353/lab-05/lab-05.sim/sim_1/behav/xsim'
"xvlog --incr --relax -prj tb_lab5_vlog.prj"
INFO: [VRFC 10-2263] Analyzing Verilog file "C:/Users/sf10353/lab-05/lab-05.srcs/sources_1/new/debouncer.v" into library xil_defaultlib
INFO: [VRFC 10-311] analyzing module debouncer
INFO: [VRFC 10-2263] Analyzing Verilog file "C:/Users/sf10353/lab-05/lab-05.srcs/sources_1/new/fsm_controller.v" into library xil_defaultlib
INFO: [VRFC 10-311] analyzing module fsm_counter
INFO: [VRFC 10-2263] Analyzing Verilog file "C:/Users/sf10353/lab-05/lab-05.srcs/sources_1/new/lab5_top.v" into library xil_defaultlib
INFO: [VRFC 10-311] analyzing module lab5_top
INFO: [VRFC 10-2263] Analyzing Verilog file "C:/Users/sf10353/lab-05/lab-05.srcs/sources_1/new/leds.v" into library xil_defaultlib
INFO: [VRFC 10-311] analyzing module leds
INFO: [VRFC 10-2263] Analyzing Verilog file "C:/Users/sf10353/lab-05/lab-05.srcs/sim_1/new/tb_lab5.v" into library xil_defaultlib
INFO: [VRFC 10-311] analyzing module tb_lab5
INFO: [USF-XSim-69] 'compile' step finished in '3' seconds
INFO: [USF-XSim-3] XSim::Elaborate design
INFO: [USF-XSim-61] Executing 'ELABORATE' step in 'C:/Users/sf10353/lab-05/lab-05.sim/sim_1/behav/xsim'
"xelab -wto 6d7f362fecc74a8eb4e0258cdf46684a --incr --debug typical --relax --mt 2 -L xil_defaultlib -L unisims_ver -L unimacro_ver -L secureip --snapshot tb_lab5_behav xil_defaultlib.tb_lab5 xil_defaultlib.glbl -log elaborate.log"
Vivado Simulator 2020.1
Copyright 1986-1999, 2001-2020 Xilinx, Inc. All Rights Reserved.
Running: C:/Xilinx/Vivado/2020.1/bin/unwrapped/win64.o/xelab.exe -wto 6d7f362fecc74a8eb4e0258cdf46684a --incr --debug typical --relax --mt 2 -L xil_defaultlib -L unisims_ver -L unimacro_ver -L secureip --snapshot tb_lab5_behav xil_defaultlib.tb_lab5 xil_defaultlib.glbl -log elaborate.log 
Using 2 slave threads.
Starting static elaboration
Pass Through NonSizing Optimizer
Completed static elaboration
Starting simulation data flow analysis
WARNING: [XSIM 43-4099] "C:/Users/sf10353/lab-05/lab-05.srcs/sources_1/new/lab5_top.v" Line 1. Module lab5_top doesn't have a timescale but at least one module in design has a timescale.
WARNING: [XSIM 43-4099] "C:/Users/sf10353/lab-05/lab-05.srcs/sources_1/new/debouncer.v" Line 1. Module debouncer doesn't have a timescale but at least one module in design has a timescale.
WARNING: [XSIM 43-4099] "C:/Users/sf10353/lab-05/lab-05.srcs/sources_1/new/fsm_controller.v" Line 1. Module fsm_counter doesn't have a timescale but at least one module in design has a timescale.
WARNING: [XSIM 43-4099] "C:/Users/sf10353/lab-05/lab-05.srcs/sources_1/new/leds.v" Line 1. Module leds doesn't have a timescale but at least one module in design has a timescale.
WARNING: [XSIM 43-4099] "C:/Users/sf10353/lab-05/lab-05.srcs/sources_1/new/lab5_top.v" Line 1. Module lab5_top doesn't have a timescale but at least one module in design has a timescale.
WARNING: [XSIM 43-4099] "C:/Users/sf10353/lab-05/lab-05.srcs/sources_1/new/debouncer.v" Line 1. Module debouncer doesn't have a timescale but at least one module in design has a timescale.
WARNING: [XSIM 43-4099] "C:/Users/sf10353/lab-05/lab-05.srcs/sources_1/new/fsm_controller.v" Line 1. Module fsm_counter doesn't have a timescale but at least one module in design has a timescale.
WARNING: [XSIM 43-4099] "C:/Users/sf10353/lab-05/lab-05.srcs/sources_1/new/leds.v" Line 1. Module leds doesn't have a timescale but at least one module in design has a timescale.
Completed simulation data flow analysis
Time Resolution for simulation is 1ps
Compiling module xil_defaultlib.debouncer
Compiling module xil_defaultlib.fsm_counter
Compiling module xil_defaultlib.leds
Compiling module xil_defaultlib.lab5_top
Compiling module xil_defaultlib.tb_lab5
Compiling module xil_defaultlib.glbl
Built simulation snapshot tb_lab5_behav

****** Webtalk v2020.1 (64-bit)
  **** SW Build 2902540 on Wed May 27 19:54:49 MDT 2020
  **** IP Build 2902112 on Wed May 27 22:43:36 MDT 2020
    ** Copyright 1986-2020 Xilinx, Inc. All Rights Reserved.

source C:/Users/sf10353/lab-05/lab-05.sim/sim_1/behav/xsim/xsim.dir/tb_lab5_behav/webtalk/xsim_webtalk.tcl -notrace
INFO: [Common 17-206] Exiting Webtalk at Tue Feb 17 10:16:11 2026...
run_program: Time (s): cpu = 00:00:00 ; elapsed = 00:00:09 . Memory (MB): peak = 1024.797 ; gain = 0.000
INFO: [USF-XSim-69] 'elaborate' step finished in '8' seconds
INFO: [USF-XSim-4] XSim::Simulate design
INFO: [USF-XSim-61] Executing 'SIMULATE' step in 'C:/Users/sf10353/lab-05/lab-05.sim/sim_1/behav/xsim'
INFO: [USF-XSim-98] *** Running xsim
   with args "tb_lab5_behav -key {Behavioral:sim_1:Functional:tb_lab5} -tclbatch {tb_lab5.tcl} -log {simulate.log}"
INFO: [USF-XSim-8] Loading simulator feature
Vivado Simulator 2020.1
Time resolution is 1 ps
source tb_lab5.tcl
# set curr_wave [current_wave_config]
# if { [string length $curr_wave] == 0 } {
#   if { [llength [get_objects]] > 0} {
#     add_wave /
#     set_property needs_save false [current_wave_config]
#   } else {
#      send_msg_id Add_Wave-1 WARNING "No top level signals found. Simulator will start without a wave window. If you want to open a wave window go to 'File->New Waveform Configuration' or type 'create_wave_config' in the TCL console."
#   }
# }
# run 1000ns
$finish called at time : 300 ns : File "C:/Users/sf10353/lab-05/lab-05.srcs/sim_1/new/tb_lab5.v" Line 39
INFO: [USF-XSim-96] XSim completed. Design snapshot 'tb_lab5_behav' loaded.
INFO: [USF-XSim-97] XSim simulation ran for 1000ns
launch_simulation: Time (s): cpu = 00:00:07 ; elapsed = 00:00:19 . Memory (MB): peak = 1024.797 ; gain = 0.000
reset_run synth_1
WARNING: [Vivado 12-1017] Problems encountered:
1. Failed to delete one or more files in run directory C:/Users/sf10353/lab-05/lab-05.runs/synth_1

launch_runs synth_1 -jobs 10
[Tue Feb 17 10:17:40 2026] Launched synth_1...
Run output will be captured here: C:/Users/sf10353/lab-05/lab-05.runs/synth_1/runme.log
launch_runs impl_1 -jobs 10
[Tue Feb 17 10:18:38 2026] Launched impl_1...
Run output will be captured here: C:/Users/sf10353/lab-05/lab-05.runs/impl_1/runme.log
launch_runs impl_1 -to_step write_bitstream -jobs 10
[Tue Feb 17 10:19:41 2026] Launched impl_1...
Run output will be captured here: C:/Users/sf10353/lab-05/lab-05.runs/impl_1/runme.log
open_hw_manager
connect_hw_server -allow_non_jtag
INFO: [Labtools 27-2285] Connecting to hw_server url TCP:localhost:3121
INFO: [Labtools 27-2222] Launching hw_server...
INFO: [Labtools 27-2221] Launch Output:

****** Xilinx hw_server v2020.1
  **** Build date : May 27 2020 at 20:24:38
    ** Copyright 1986-2020 Xilinx, Inc. All Rights Reserved.


INFO: [Labtools 27-3415] Connecting to cs_server url TCP:localhost:3042
INFO: [Labtools 27-3417] Launching cs_server...
INFO: [Labtools 27-2221] Launch Output:


****** Xilinx cs_server v2020.1.0
  **** Build date : May 14 2020-06:10:29
    ** Copyright 2017-2020 Xilinx, Inc. All Rights Reserved.



connect_hw_server: Time (s): cpu = 00:00:01 ; elapsed = 00:00:12 . Memory (MB): peak = 1024.797 ; gain = 0.000
open_hw_target
INFO: [Labtoolstcl 44-466] Opening hw_target localhost:3121/xilinx_tcf/Digilent/210183AF305BA
set_property PROGRAM.FILE {C:/Users/sf10353/lab-05/lab-05.runs/impl_1/lab5_top.bit} [get_hw_devices xc7a35t_0]
current_hw_device [get_hw_devices xc7a35t_0]
refresh_hw_device -update_hw_probes false [lindex [get_hw_devices xc7a35t_0] 0]
INFO: [Labtools 27-1434] Device xc7a35t (JTAG device index = 0) is programmed with a design that has no supported debug core(s) in it.
set_property PROBES.FILE {} [get_hw_devices xc7a35t_0]
set_property FULL_PROBES.FILE {} [get_hw_devices xc7a35t_0]
set_property PROGRAM.FILE {C:/Users/sf10353/lab-05/lab-05.runs/impl_1/lab5_top.bit} [get_hw_devices xc7a35t_0]
program_hw_devices [get_hw_devices xc7a35t_0]
INFO: [Labtools 27-3164] End of startup status: HIGH
refresh_hw_device [lindex [get_hw_devices xc7a35t_0] 0]
INFO: [Labtools 27-1434] Device xc7a35t (JTAG device index = 0) is programmed with a design that has no supported debug core(s) in it.
set_property PROBES.FILE {} [get_hw_devices xc7a35t_0]
set_property FULL_PROBES.FILE {} [get_hw_devices xc7a35t_0]
set_property PROGRAM.FILE {C:/Users/sf10353/lab-05/lab-05.runs/impl_1/lab5_top.bit} [get_hw_devices xc7a35t_0]
program_hw_devices [get_hw_devices xc7a35t_0]
INFO: [Labtools 27-3164] End of startup status: HIGH
refresh_hw_device [lindex [get_hw_devices xc7a35t_0] 0]
INFO: [Labtools 27-1434] Device xc7a35t (JTAG device index = 0) is programmed with a design that has no supported debug core(s) in it.
refresh_hw_device [lindex [get_hw_devices xc7a35t_0] 0]
INFO: [Labtools 27-1434] Device xc7a35t (JTAG device index = 0) is programmed with a design that has no supported debug core(s) in it.
ERROR: [Labtoolstcl 44-513] HW Target shutdown. Closing target: localhost:3121/xilinx_tcf/Digilent/210183AF305BA
close_hw_manager
close_sim
INFO: [Simtcl 6-16] Simulation closed
update_compile_order -fileset sources_1
launch_simulation
Command: launch_simulation 
INFO: [Vivado 12-5682] Launching behavioral simulation in 'C:/Users/sf10353/lab-05/lab-05.sim/sim_1/behav/xsim'
INFO: [SIM-utils-51] Simulation object is 'sim_1'
INFO: [SIM-utils-54] Inspecting design source files for 'tb_lab5' in fileset 'sim_1'...
INFO: [USF-XSim-97] Finding global include files...
INFO: [USF-XSim-98] Fetching design files from 'sim_1'...
INFO: [USF-XSim-2] XSim::Compile design
INFO: [USF-XSim-61] Executing 'COMPILE and ANALYZE' step in 'C:/Users/sf10353/lab-05/lab-05.sim/sim_1/behav/xsim'
"xvlog --incr --relax -prj tb_lab5_vlog.prj"
INFO: [VRFC 10-2263] Analyzing Verilog file "C:/Users/sf10353/lab-05/lab-05.srcs/sources_1/new/debouncer.v" into library xil_defaultlib
INFO: [VRFC 10-311] analyzing module debouncer
INFO: [VRFC 10-2263] Analyzing Verilog file "C:/Users/sf10353/lab-05/lab-05.srcs/sources_1/new/fsm_controller.v" into library xil_defaultlib
INFO: [VRFC 10-311] analyzing module fsm_counter
INFO: [VRFC 10-2263] Analyzing Verilog file "C:/Users/sf10353/lab-05/lab-05.srcs/sources_1/new/lab5_top.v" into library xil_defaultlib
INFO: [VRFC 10-311] analyzing module lab5_top
INFO: [VRFC 10-2263] Analyzing Verilog file "C:/Users/sf10353/Downloads/lab-05/lab-05/lab-05.srcs/sources_1/new/sevenseg_basys3.v" into library xil_defaultlib
INFO: [VRFC 10-311] analyzing module sevenseg_basys3
INFO: [VRFC 10-2263] Analyzing Verilog file "C:/Users/sf10353/lab-05/lab-05.srcs/sim_1/new/tb_lab5.v" into library xil_defaultlib
INFO: [VRFC 10-311] analyzing module tb_lab5
INFO: [USF-XSim-69] 'compile' step finished in '1' seconds
INFO: [USF-XSim-3] XSim::Elaborate design
INFO: [USF-XSim-61] Executing 'ELABORATE' step in 'C:/Users/sf10353/lab-05/lab-05.sim/sim_1/behav/xsim'
"xelab -wto 6d7f362fecc74a8eb4e0258cdf46684a --incr --debug typical --relax --mt 2 -L xil_defaultlib -L unisims_ver -L unimacro_ver -L secureip --snapshot tb_lab5_behav xil_defaultlib.tb_lab5 xil_defaultlib.glbl -log elaborate.log"
Vivado Simulator 2020.1
Copyright 1986-1999, 2001-2020 Xilinx, Inc. All Rights Reserved.
Running: C:/Xilinx/Vivado/2020.1/bin/unwrapped/win64.o/xelab.exe -wto 6d7f362fecc74a8eb4e0258cdf46684a --incr --debug typical --relax --mt 2 -L xil_defaultlib -L unisims_ver -L unimacro_ver -L secureip --snapshot tb_lab5_behav xil_defaultlib.tb_lab5 xil_defaultlib.glbl -log elaborate.log 
Using 2 slave threads.
Starting static elaboration
Pass Through NonSizing Optimizer
Completed static elaboration
Starting simulation data flow analysis
WARNING: [XSIM 43-4099] "C:/Users/sf10353/lab-05/lab-05.srcs/sources_1/new/lab5_top.v" Line 1. Module lab5_top doesn't have a timescale but at least one module in design has a timescale.
WARNING: [XSIM 43-4099] "C:/Users/sf10353/lab-05/lab-05.srcs/sources_1/new/debouncer.v" Line 1. Module debouncer doesn't have a timescale but at least one module in design has a timescale.
WARNING: [XSIM 43-4099] "C:/Users/sf10353/lab-05/lab-05.srcs/sources_1/new/fsm_controller.v" Line 1. Module fsm_counter doesn't have a timescale but at least one module in design has a timescale.
WARNING: [XSIM 43-4099] "C:/Users/sf10353/Downloads/lab-05/lab-05/lab-05.srcs/sources_1/new/sevenseg_basys3.v" Line 1. Module sevenseg_basys3 doesn't have a timescale but at least one module in design has a timescale.
WARNING: [XSIM 43-4099] "C:/Users/sf10353/lab-05/lab-05.srcs/sources_1/new/lab5_top.v" Line 1. Module lab5_top doesn't have a timescale but at least one module in design has a timescale.
WARNING: [XSIM 43-4099] "C:/Users/sf10353/lab-05/lab-05.srcs/sources_1/new/debouncer.v" Line 1. Module debouncer doesn't have a timescale but at least one module in design has a timescale.
WARNING: [XSIM 43-4099] "C:/Users/sf10353/lab-05/lab-05.srcs/sources_1/new/fsm_controller.v" Line 1. Module fsm_counter doesn't have a timescale but at least one module in design has a timescale.
WARNING: [XSIM 43-4099] "C:/Users/sf10353/Downloads/lab-05/lab-05/lab-05.srcs/sources_1/new/sevenseg_basys3.v" Line 1. Module sevenseg_basys3 doesn't have a timescale but at least one module in design has a timescale.
Completed simulation data flow analysis
Time Resolution for simulation is 1ps
Compiling module xil_defaultlib.debouncer
Compiling module xil_defaultlib.fsm_counter
Compiling module xil_defaultlib.sevenseg_basys3
Compiling module xil_defaultlib.lab5_top
Compiling module xil_defaultlib.tb_lab5
Compiling module xil_defaultlib.glbl
Built simulation snapshot tb_lab5_behav
INFO: [USF-XSim-69] 'elaborate' step finished in '3' seconds
INFO: [USF-XSim-4] XSim::Simulate design
INFO: [USF-XSim-61] Executing 'SIMULATE' step in 'C:/Users/sf10353/lab-05/lab-05.sim/sim_1/behav/xsim'
INFO: [USF-XSim-98] *** Running xsim
   with args "tb_lab5_behav -key {Behavioral:sim_1:Functional:tb_lab5} -tclbatch {tb_lab5.tcl} -log {simulate.log}"
INFO: [USF-XSim-8] Loading simulator feature
Vivado Simulator 2020.1
Time resolution is 1 ps
source tb_lab5.tcl
# set curr_wave [current_wave_config]
# if { [string length $curr_wave] == 0 } {
#   if { [llength [get_objects]] > 0} {
#     add_wave /
#     set_property needs_save false [current_wave_config]
#   } else {
#      send_msg_id Add_Wave-1 WARNING "No top level signals found. Simulator will start without a wave window. If you want to open a wave window go to 'File->New Waveform Configuration' or type 'create_wave_config' in the TCL console."
#   }
# }
# run 1000ns
$finish called at time : 300 ns : File "C:/Users/sf10353/lab-05/lab-05.srcs/sim_1/new/tb_lab5.v" Line 39
INFO: [USF-XSim-96] XSim completed. Design snapshot 'tb_lab5_behav' loaded.
INFO: [USF-XSim-97] XSim simulation ran for 1000ns
launch_simulation: Time (s): cpu = 00:00:03 ; elapsed = 00:00:09 . Memory (MB): peak = 2280.996 ; gain = 0.000
close_sim
INFO: [Simtcl 6-16] Simulation closed
launch_simulation
Command: launch_simulation 
INFO: [Vivado 12-5682] Launching behavioral simulation in 'C:/Users/sf10353/lab-05/lab-05.sim/sim_1/behav/xsim'
INFO: [SIM-utils-51] Simulation object is 'sim_1'
INFO: [SIM-utils-54] Inspecting design source files for 'tb_lab5' in fileset 'sim_1'...
INFO: [USF-XSim-97] Finding global include files...
INFO: [USF-XSim-98] Fetching design files from 'sim_1'...
INFO: [USF-XSim-2] XSim::Compile design
INFO: [USF-XSim-61] Executing 'COMPILE and ANALYZE' step in 'C:/Users/sf10353/lab-05/lab-05.sim/sim_1/behav/xsim'
"xvlog --incr --relax -prj tb_lab5_vlog.prj"
INFO: [VRFC 10-2263] Analyzing Verilog file "C:/Users/sf10353/Downloads/lab-05/lab-05/lab-05.srcs/sources_1/new/sevenseg_basys3.v" into library xil_defaultlib
INFO: [VRFC 10-311] analyzing module sevenseg_basys3
INFO: [VRFC 10-2263] Analyzing Verilog file "C:/Users/sf10353/lab-05/lab-05.srcs/sim_1/new/tb_lab5.v" into library xil_defaultlib
INFO: [VRFC 10-311] analyzing module tb_lab5
INFO: [USF-XSim-69] 'compile' step finished in '2' seconds
INFO: [USF-XSim-3] XSim::Elaborate design
INFO: [USF-XSim-61] Executing 'ELABORATE' step in 'C:/Users/sf10353/lab-05/lab-05.sim/sim_1/behav/xsim'
"xelab -wto 6d7f362fecc74a8eb4e0258cdf46684a --incr --debug typical --relax --mt 2 -L xil_defaultlib -L unisims_ver -L unimacro_ver -L secureip --snapshot tb_lab5_behav xil_defaultlib.tb_lab5 xil_defaultlib.glbl -log elaborate.log"
Vivado Simulator 2020.1
Copyright 1986-1999, 2001-2020 Xilinx, Inc. All Rights Reserved.
Running: C:/Xilinx/Vivado/2020.1/bin/unwrapped/win64.o/xelab.exe -wto 6d7f362fecc74a8eb4e0258cdf46684a --incr --debug typical --relax --mt 2 -L xil_defaultlib -L unisims_ver -L unimacro_ver -L secureip --snapshot tb_lab5_behav xil_defaultlib.tb_lab5 xil_defaultlib.glbl -log elaborate.log 
Using 2 slave threads.
Starting static elaboration
Pass Through NonSizing Optimizer
Completed static elaboration
Starting simulation data flow analysis
WARNING: [XSIM 43-4099] "C:/Users/sf10353/lab-05/lab-05.srcs/sources_1/new/lab5_top.v" Line 1. Module lab5_top doesn't have a timescale but at least one module in design has a timescale.
WARNING: [XSIM 43-4099] "C:/Users/sf10353/lab-05/lab-05.srcs/sources_1/new/debouncer.v" Line 1. Module debouncer doesn't have a timescale but at least one module in design has a timescale.
WARNING: [XSIM 43-4099] "C:/Users/sf10353/lab-05/lab-05.srcs/sources_1/new/fsm_controller.v" Line 1. Module fsm_counter doesn't have a timescale but at least one module in design has a timescale.
WARNING: [XSIM 43-4099] "C:/Users/sf10353/Downloads/lab-05/lab-05/lab-05.srcs/sources_1/new/sevenseg_basys3.v" Line 1. Module sevenseg_basys3 doesn't have a timescale but at least one module in design has a timescale.
WARNING: [XSIM 43-4099] "C:/Users/sf10353/lab-05/lab-05.srcs/sources_1/new/lab5_top.v" Line 1. Module lab5_top doesn't have a timescale but at least one module in design has a timescale.
WARNING: [XSIM 43-4099] "C:/Users/sf10353/lab-05/lab-05.srcs/sources_1/new/debouncer.v" Line 1. Module debouncer doesn't have a timescale but at least one module in design has a timescale.
WARNING: [XSIM 43-4099] "C:/Users/sf10353/lab-05/lab-05.srcs/sources_1/new/fsm_controller.v" Line 1. Module fsm_counter doesn't have a timescale but at least one module in design has a timescale.
WARNING: [XSIM 43-4099] "C:/Users/sf10353/Downloads/lab-05/lab-05/lab-05.srcs/sources_1/new/sevenseg_basys3.v" Line 1. Module sevenseg_basys3 doesn't have a timescale but at least one module in design has a timescale.
Completed simulation data flow analysis
Time Resolution for simulation is 1ps
Compiling module xil_defaultlib.debouncer
Compiling module xil_defaultlib.fsm_counter
Compiling module xil_defaultlib.sevenseg_basys3
Compiling module xil_defaultlib.lab5_top
Compiling module xil_defaultlib.tb_lab5
Compiling module xil_defaultlib.glbl
Built simulation snapshot tb_lab5_behav
INFO: [USF-XSim-69] 'elaborate' step finished in '2' seconds
INFO: [USF-XSim-4] XSim::Simulate design
INFO: [USF-XSim-61] Executing 'SIMULATE' step in 'C:/Users/sf10353/lab-05/lab-05.sim/sim_1/behav/xsim'
INFO: [USF-XSim-98] *** Running xsim
   with args "tb_lab5_behav -key {Behavioral:sim_1:Functional:tb_lab5} -tclbatch {tb_lab5.tcl} -log {simulate.log}"
INFO: [USF-XSim-8] Loading simulator feature
Vivado Simulator 2020.1
Time resolution is 1 ps
source tb_lab5.tcl
# set curr_wave [current_wave_config]
# if { [string length $curr_wave] == 0 } {
#   if { [llength [get_objects]] > 0} {
#     add_wave /
#     set_property needs_save false [current_wave_config]
#   } else {
#      send_msg_id Add_Wave-1 WARNING "No top level signals found. Simulator will start without a wave window. If you want to open a wave window go to 'File->New Waveform Configuration' or type 'create_wave_config' in the TCL console."
#   }
# }
# run 1000ns
$finish called at time : 300 ns : File "C:/Users/sf10353/lab-05/lab-05.srcs/sim_1/new/tb_lab5.v" Line 39
INFO: [USF-XSim-96] XSim completed. Design snapshot 'tb_lab5_behav' loaded.
INFO: [USF-XSim-97] XSim simulation ran for 1000ns
launch_simulation: Time (s): cpu = 00:00:03 ; elapsed = 00:00:07 . Memory (MB): peak = 2280.996 ; gain = 0.000
close_sim
INFO: [Simtcl 6-16] Simulation closed
launch_simulation
Command: launch_simulation 
INFO: [Vivado 12-5682] Launching behavioral simulation in 'C:/Users/sf10353/lab-05/lab-05.sim/sim_1/behav/xsim'
INFO: [SIM-utils-51] Simulation object is 'sim_1'
INFO: [SIM-utils-54] Inspecting design source files for 'tb_lab5' in fileset 'sim_1'...
INFO: [USF-XSim-97] Finding global include files...
INFO: [USF-XSim-98] Fetching design files from 'sim_1'...
INFO: [USF-XSim-2] XSim::Compile design
INFO: [USF-XSim-61] Executing 'COMPILE and ANALYZE' step in 'C:/Users/sf10353/lab-05/lab-05.sim/sim_1/behav/xsim'
"xvlog --incr --relax -prj tb_lab5_vlog.prj"
INFO: [USF-XSim-69] 'compile' step finished in '1' seconds
INFO: [USF-XSim-3] XSim::Elaborate design
INFO: [USF-XSim-61] Executing 'ELABORATE' step in 'C:/Users/sf10353/lab-05/lab-05.sim/sim_1/behav/xsim'
"xelab -wto 6d7f362fecc74a8eb4e0258cdf46684a --incr --debug typical --relax --mt 2 -L xil_defaultlib -L unisims_ver -L unimacro_ver -L secureip --snapshot tb_lab5_behav xil_defaultlib.tb_lab5 xil_defaultlib.glbl -log elaborate.log"
Vivado Simulator 2020.1
Copyright 1986-1999, 2001-2020 Xilinx, Inc. All Rights Reserved.
Running: C:/Xilinx/Vivado/2020.1/bin/unwrapped/win64.o/xelab.exe -wto 6d7f362fecc74a8eb4e0258cdf46684a --incr --debug typical --relax --mt 2 -L xil_defaultlib -L unisims_ver -L unimacro_ver -L secureip --snapshot tb_lab5_behav xil_defaultlib.tb_lab5 xil_defaultlib.glbl -log elaborate.log 
Using 2 slave threads.
Starting static elaboration
Pass Through NonSizing Optimizer
Completed static elaboration
INFO: [XSIM 43-4323] No Change in HDL. Linking previously generated obj files to create kernel
INFO: [USF-XSim-69] 'elaborate' step finished in '2' seconds
INFO: [USF-XSim-4] XSim::Simulate design
INFO: [USF-XSim-61] Executing 'SIMULATE' step in 'C:/Users/sf10353/lab-05/lab-05.sim/sim_1/behav/xsim'
INFO: [USF-XSim-98] *** Running xsim
   with args "tb_lab5_behav -key {Behavioral:sim_1:Functional:tb_lab5} -tclbatch {tb_lab5.tcl} -log {simulate.log}"
INFO: [USF-XSim-8] Loading simulator feature
Vivado Simulator 2020.1
Time resolution is 1 ps
source tb_lab5.tcl
# set curr_wave [current_wave_config]
# if { [string length $curr_wave] == 0 } {
#   if { [llength [get_objects]] > 0} {
#     add_wave /
#     set_property needs_save false [current_wave_config]
#   } else {
#      send_msg_id Add_Wave-1 WARNING "No top level signals found. Simulator will start without a wave window. If you want to open a wave window go to 'File->New Waveform Configuration' or type 'create_wave_config' in the TCL console."
#   }
# }
# run 1000ns
$finish called at time : 300 ns : File "C:/Users/sf10353/lab-05/lab-05.srcs/sim_1/new/tb_lab5.v" Line 39
INFO: [USF-XSim-96] XSim completed. Design snapshot 'tb_lab5_behav' loaded.
INFO: [USF-XSim-97] XSim simulation ran for 1000ns
launch_simulation: Time (s): cpu = 00:00:05 ; elapsed = 00:00:06 . Memory (MB): peak = 2319.012 ; gain = 38.016
reset_run synth_1
WARNING: [Vivado 12-1017] Problems encountered:
1. Failed to delete one or more files in run directory C:/Users/sf10353/lab-05/lab-05.runs/synth_1

launch_runs synth_1 -jobs 10
[Tue Feb 17 12:26:58 2026] Launched synth_1...
Run output will be captured here: C:/Users/sf10353/lab-05/lab-05.runs/synth_1/runme.log
launch_runs impl_1 -jobs 10
[Tue Feb 17 12:28:25 2026] Launched impl_1...
Run output will be captured here: C:/Users/sf10353/lab-05/lab-05.runs/impl_1/runme.log
launch_runs impl_1 -to_step write_bitstream -jobs 10
[Tue Feb 17 12:29:12 2026] Launched impl_1...
Run output will be captured here: C:/Users/sf10353/lab-05/lab-05.runs/impl_1/runme.log
reset_run synth_1
WARNING: [Vivado 12-1017] Problems encountered:
1. Failed to delete one or more files in run directory C:/Users/sf10353/lab-05/lab-05.runs/synth_1

close_sim
INFO: [Simtcl 6-16] Simulation closed
launch_simulation
Command: launch_simulation 
INFO: [Vivado 12-5682] Launching behavioral simulation in 'C:/Users/sf10353/lab-05/lab-05.sim/sim_1/behav/xsim'
INFO: [SIM-utils-51] Simulation object is 'sim_1'
INFO: [SIM-utils-54] Inspecting design source files for 'tb_lab5' in fileset 'sim_1'...
INFO: [USF-XSim-97] Finding global include files...
INFO: [USF-XSim-98] Fetching design files from 'sim_1'...
INFO: [USF-XSim-2] XSim::Compile design
INFO: [USF-XSim-61] Executing 'COMPILE and ANALYZE' step in 'C:/Users/sf10353/lab-05/lab-05.sim/sim_1/behav/xsim'
"xvlog --incr --relax -prj tb_lab5_vlog.prj"
INFO: [USF-XSim-69] 'compile' step finished in '1' seconds
INFO: [USF-XSim-3] XSim::Elaborate design
INFO: [USF-XSim-61] Executing 'ELABORATE' step in 'C:/Users/sf10353/lab-05/lab-05.sim/sim_1/behav/xsim'
"xelab -wto 6d7f362fecc74a8eb4e0258cdf46684a --incr --debug typical --relax --mt 2 -L xil_defaultlib -L unisims_ver -L unimacro_ver -L secureip --snapshot tb_lab5_behav xil_defaultlib.tb_lab5 xil_defaultlib.glbl -log elaborate.log"
Vivado Simulator 2020.1
Copyright 1986-1999, 2001-2020 Xilinx, Inc. All Rights Reserved.
Running: C:/Xilinx/Vivado/2020.1/bin/unwrapped/win64.o/xelab.exe -wto 6d7f362fecc74a8eb4e0258cdf46684a --incr --debug typical --relax --mt 2 -L xil_defaultlib -L unisims_ver -L unimacro_ver -L secureip --snapshot tb_lab5_behav xil_defaultlib.tb_lab5 xil_defaultlib.glbl -log elaborate.log 
Using 2 slave threads.
Starting static elaboration
Pass Through NonSizing Optimizer
Completed static elaboration
INFO: [XSIM 43-4323] No Change in HDL. Linking previously generated obj files to create kernel
INFO: [USF-XSim-69] 'elaborate' step finished in '2' seconds
INFO: [USF-XSim-4] XSim::Simulate design
INFO: [USF-XSim-61] Executing 'SIMULATE' step in 'C:/Users/sf10353/lab-05/lab-05.sim/sim_1/behav/xsim'
INFO: [USF-XSim-98] *** Running xsim
   with args "tb_lab5_behav -key {Behavioral:sim_1:Functional:tb_lab5} -tclbatch {tb_lab5.tcl} -log {simulate.log}"
INFO: [USF-XSim-8] Loading simulator feature
Vivado Simulator 2020.1
Time resolution is 1 ps
source tb_lab5.tcl
# set curr_wave [current_wave_config]
# if { [string length $curr_wave] == 0 } {
#   if { [llength [get_objects]] > 0} {
#     add_wave /
#     set_property needs_save false [current_wave_config]
#   } else {
#      send_msg_id Add_Wave-1 WARNING "No top level signals found. Simulator will start without a wave window. If you want to open a wave window go to 'File->New Waveform Configuration' or type 'create_wave_config' in the TCL console."
#   }
# }
# run 1000ns
$finish called at time : 300 ns : File "C:/Users/sf10353/lab-05/lab-05.srcs/sim_1/new/tb_lab5.v" Line 39
INFO: [USF-XSim-96] XSim completed. Design snapshot 'tb_lab5_behav' loaded.
INFO: [USF-XSim-97] XSim simulation ran for 1000ns
launch_runs synth_1 -jobs 10
[Tue Feb 17 12:31:20 2026] Launched synth_1...
Run output will be captured here: C:/Users/sf10353/lab-05/lab-05.runs/synth_1/runme.log
launch_runs impl_1 -jobs 10
[Tue Feb 17 12:31:56 2026] Launched impl_1...
Run output will be captured here: C:/Users/sf10353/lab-05/lab-05.runs/impl_1/runme.log
launch_runs impl_1 -to_step write_bitstream -jobs 10
[Tue Feb 17 12:32:46 2026] Launched impl_1...
Run output will be captured here: C:/Users/sf10353/lab-05/lab-05.runs/impl_1/runme.log
open_hw_manager
connect_hw_server -allow_non_jtag
INFO: [Labtools 27-2285] Connecting to hw_server url TCP:localhost:3121
INFO: [Labtools 27-2222] Launching hw_server...
INFO: [Labtools 27-2221] Launch Output:

****** Xilinx hw_server v2020.1
  **** Build date : May 27 2020 at 20:24:38
    ** Copyright 1986-2020 Xilinx, Inc. All Rights Reserved.


INFO: [Labtools 27-3415] Connecting to cs_server url TCP:localhost:3042
INFO: [Labtools 27-3417] Launching cs_server...
INFO: [Labtools 27-2221] Launch Output:


****** Xilinx cs_server v2020.1.0
  **** Build date : May 14 2020-06:10:29
    ** Copyright 2017-2020 Xilinx, Inc. All Rights Reserved.



connect_hw_server: Time (s): cpu = 00:00:00 ; elapsed = 00:00:08 . Memory (MB): peak = 2326.691 ; gain = 0.000
open_hw_target
INFO: [Labtoolstcl 44-466] Opening hw_target localhost:3121/xilinx_tcf/Digilent/210183AF305BA
set_property PROGRAM.FILE {C:/Users/sf10353/lab-05/lab-05.runs/impl_1/lab5_top.bit} [get_hw_devices xc7a35t_0]
current_hw_device [get_hw_devices xc7a35t_0]
refresh_hw_device -update_hw_probes false [lindex [get_hw_devices xc7a35t_0] 0]
INFO: [Labtools 27-1434] Device xc7a35t (JTAG device index = 0) is programmed with a design that has no supported debug core(s) in it.
set_property PROBES.FILE {} [get_hw_devices xc7a35t_0]
set_property FULL_PROBES.FILE {} [get_hw_devices xc7a35t_0]
set_property PROGRAM.FILE {C:/Users/sf10353/lab-05/lab-05.runs/impl_1/lab5_top.bit} [get_hw_devices xc7a35t_0]
program_hw_devices [get_hw_devices xc7a35t_0]
INFO: [Labtools 27-3164] End of startup status: HIGH
refresh_hw_device [lindex [get_hw_devices xc7a35t_0] 0]
INFO: [Labtools 27-1434] Device xc7a35t (JTAG device index = 0) is programmed with a design that has no supported debug core(s) in it.
ERROR: [Labtoolstcl 44-513] HW Target shutdown. Closing target: localhost:3121/xilinx_tcf/Digilent/210183AF305BA
close_sim
INFO: [Simtcl 6-16] Simulation closed
launch_simulation
Command: launch_simulation 
INFO: [Vivado 12-5682] Launching behavioral simulation in 'C:/Users/sf10353/lab-05/lab-05.sim/sim_1/behav/xsim'
INFO: [SIM-utils-51] Simulation object is 'sim_1'
INFO: [SIM-utils-54] Inspecting design source files for 'tb_lab5' in fileset 'sim_1'...
INFO: [USF-XSim-97] Finding global include files...
INFO: [USF-XSim-98] Fetching design files from 'sim_1'...
INFO: [USF-XSim-2] XSim::Compile design
INFO: [USF-XSim-61] Executing 'COMPILE and ANALYZE' step in 'C:/Users/sf10353/lab-05/lab-05.sim/sim_1/behav/xsim'
"xvlog --incr --relax -prj tb_lab5_vlog.prj"
INFO: [VRFC 10-2263] Analyzing Verilog file "C:/Users/sf10353/lab-05/lab-05.srcs/sources_1/new/debouncer.v" into library xil_defaultlib
INFO: [VRFC 10-311] analyzing module debouncer
INFO: [VRFC 10-2263] Analyzing Verilog file "C:/Users/sf10353/lab-05/lab-05.srcs/sources_1/new/fsm_controller.v" into library xil_defaultlib
INFO: [VRFC 10-311] analyzing module fsm_counter
INFO: [VRFC 10-2263] Analyzing Verilog file "C:/Users/sf10353/lab-05/lab-05.srcs/sources_1/new/lab5_top.v" into library xil_defaultlib
INFO: [VRFC 10-311] analyzing module lab5_top
INFO: [VRFC 10-2263] Analyzing Verilog file "C:/Users/sf10353/Downloads/lab-05/lab-05/lab-05.srcs/sources_1/new/sevenseg_basys3.v" into library xil_defaultlib
INFO: [VRFC 10-311] analyzing module sevenseg_basys3
INFO: [VRFC 10-2263] Analyzing Verilog file "C:/Users/sf10353/lab-05/lab-05.srcs/sim_1/new/tb_lab5.v" into library xil_defaultlib
INFO: [VRFC 10-311] analyzing module tb_lab5
INFO: [USF-XSim-69] 'compile' step finished in '2' seconds
INFO: [USF-XSim-3] XSim::Elaborate design
INFO: [USF-XSim-61] Executing 'ELABORATE' step in 'C:/Users/sf10353/lab-05/lab-05.sim/sim_1/behav/xsim'
"xelab -wto 6d7f362fecc74a8eb4e0258cdf46684a --incr --debug typical --relax --mt 2 -L xil_defaultlib -L unisims_ver -L unimacro_ver -L secureip --snapshot tb_lab5_behav xil_defaultlib.tb_lab5 xil_defaultlib.glbl -log elaborate.log"
Vivado Simulator 2020.1
Copyright 1986-1999, 2001-2020 Xilinx, Inc. All Rights Reserved.
Running: C:/Xilinx/Vivado/2020.1/bin/unwrapped/win64.o/xelab.exe -wto 6d7f362fecc74a8eb4e0258cdf46684a --incr --debug typical --relax --mt 2 -L xil_defaultlib -L unisims_ver -L unimacro_ver -L secureip --snapshot tb_lab5_behav xil_defaultlib.tb_lab5 xil_defaultlib.glbl -log elaborate.log 
Using 2 slave threads.
Starting static elaboration
Pass Through NonSizing Optimizer
Completed static elaboration
Starting simulation data flow analysis
WARNING: [XSIM 43-4099] "C:/Users/sf10353/lab-05/lab-05.srcs/sources_1/new/lab5_top.v" Line 1. Module lab5_top doesn't have a timescale but at least one module in design has a timescale.
WARNING: [XSIM 43-4099] "C:/Users/sf10353/lab-05/lab-05.srcs/sources_1/new/debouncer.v" Line 1. Module debouncer doesn't have a timescale but at least one module in design has a timescale.
WARNING: [XSIM 43-4099] "C:/Users/sf10353/lab-05/lab-05.srcs/sources_1/new/fsm_controller.v" Line 1. Module fsm_counter doesn't have a timescale but at least one module in design has a timescale.
WARNING: [XSIM 43-4099] "C:/Users/sf10353/Downloads/lab-05/lab-05/lab-05.srcs/sources_1/new/sevenseg_basys3.v" Line 1. Module sevenseg_basys3 doesn't have a timescale but at least one module in design has a timescale.
WARNING: [XSIM 43-4099] "C:/Users/sf10353/lab-05/lab-05.srcs/sources_1/new/lab5_top.v" Line 1. Module lab5_top doesn't have a timescale but at least one module in design has a timescale.
WARNING: [XSIM 43-4099] "C:/Users/sf10353/lab-05/lab-05.srcs/sources_1/new/debouncer.v" Line 1. Module debouncer doesn't have a timescale but at least one module in design has a timescale.
WARNING: [XSIM 43-4099] "C:/Users/sf10353/lab-05/lab-05.srcs/sources_1/new/fsm_controller.v" Line 1. Module fsm_counter doesn't have a timescale but at least one module in design has a timescale.
WARNING: [XSIM 43-4099] "C:/Users/sf10353/Downloads/lab-05/lab-05/lab-05.srcs/sources_1/new/sevenseg_basys3.v" Line 1. Module sevenseg_basys3 doesn't have a timescale but at least one module in design has a timescale.
Completed simulation data flow analysis
Time Resolution for simulation is 1ps
Compiling module xil_defaultlib.debouncer
Compiling module xil_defaultlib.fsm_counter
Compiling module xil_defaultlib.sevenseg_basys3
Compiling module xil_defaultlib.lab5_top
Compiling module xil_defaultlib.tb_lab5
Compiling module xil_defaultlib.glbl
Built simulation snapshot tb_lab5_behav
INFO: [USF-XSim-69] 'elaborate' step finished in '3' seconds
INFO: [USF-XSim-4] XSim::Simulate design
INFO: [USF-XSim-61] Executing 'SIMULATE' step in 'C:/Users/sf10353/lab-05/lab-05.sim/sim_1/behav/xsim'
INFO: [USF-XSim-98] *** Running xsim
   with args "tb_lab5_behav -key {Behavioral:sim_1:Functional:tb_lab5} -tclbatch {tb_lab5.tcl} -log {simulate.log}"
INFO: [USF-XSim-8] Loading simulator feature
Vivado Simulator 2020.1
Time resolution is 1 ps
source tb_lab5.tcl
# set curr_wave [current_wave_config]
# if { [string length $curr_wave] == 0 } {
#   if { [llength [get_objects]] > 0} {
#     add_wave /
#     set_property needs_save false [current_wave_config]
#   } else {
#      send_msg_id Add_Wave-1 WARNING "No top level signals found. Simulator will start without a wave window. If you want to open a wave window go to 'File->New Waveform Configuration' or type 'create_wave_config' in the TCL console."
#   }
# }
# run 1000ns
$finish called at time : 300 ns : File "C:/Users/sf10353/lab-05/lab-05.srcs/sim_1/new/tb_lab5.v" Line 39
INFO: [USF-XSim-96] XSim completed. Design snapshot 'tb_lab5_behav' loaded.
INFO: [USF-XSim-97] XSim simulation ran for 1000ns
launch_simulation: Time (s): cpu = 00:00:03 ; elapsed = 00:00:08 . Memory (MB): peak = 2340.871 ; gain = 0.000
reset_run synth_1
WARNING: [Vivado 12-1017] Problems encountered:
1. Failed to delete one or more files in run directory C:/Users/sf10353/lab-05/lab-05.runs/synth_1

launch_runs synth_1 -jobs 10
[Tue Feb 17 13:02:23 2026] Launched synth_1...
Run output will be captured here: C:/Users/sf10353/lab-05/lab-05.runs/synth_1/runme.log
launch_runs impl_1 -jobs 10
[Tue Feb 17 13:03:54 2026] Launched impl_1...
Run output will be captured here: C:/Users/sf10353/lab-05/lab-05.runs/impl_1/runme.log
launch_runs impl_1 -to_step write_bitstream -jobs 10
[Tue Feb 17 13:04:40 2026] Launched impl_1...
Run output will be captured here: C:/Users/sf10353/lab-05/lab-05.runs/impl_1/runme.log
INFO: [Labtoolstcl 44-466] Opening hw_target localhost:3121/xilinx_tcf/Digilent/210183AF305BA
INFO: [Labtools 27-1434] Device xc7a35t (JTAG device index = 0) is programmed with a design that has no supported debug core(s) in it.
WARNING: [Labtoolstcl 44-129] No matching hw_ila_data was found.
set_property PROBES.FILE {} [get_hw_devices xc7a35t_0]
set_property FULL_PROBES.FILE {} [get_hw_devices xc7a35t_0]
set_property PROGRAM.FILE {C:/Users/sf10353/lab-05/lab-05.runs/impl_1/lab5_top.bit} [get_hw_devices xc7a35t_0]
program_hw_devices [get_hw_devices xc7a35t_0]
INFO: [Labtools 27-3164] End of startup status: HIGH
refresh_hw_device [lindex [get_hw_devices xc7a35t_0] 0]
INFO: [Labtools 27-1434] Device xc7a35t (JTAG device index = 0) is programmed with a design that has no supported debug core(s) in it.
set_property PROBES.FILE {} [get_hw_devices xc7a35t_0]
set_property FULL_PROBES.FILE {} [get_hw_devices xc7a35t_0]
set_property PROGRAM.FILE {C:/Users/sf10353/lab-05/lab-05.runs/impl_1/lab5_top.bit} [get_hw_devices xc7a35t_0]
program_hw_devices [get_hw_devices xc7a35t_0]
INFO: [Labtools 27-3164] End of startup status: HIGH
refresh_hw_device [lindex [get_hw_devices xc7a35t_0] 0]
INFO: [Labtools 27-1434] Device xc7a35t (JTAG device index = 0) is programmed with a design that has no supported debug core(s) in it.
close_sim
INFO: [Simtcl 6-16] Simulation closed
exit
INFO: [Common 17-206] Exiting Vivado at Tue Feb 17 13:11:16 2026...
