#-----------------------------------------------------------
# Vivado v2020.1 (64-bit)
# SW Build 2902540 on Wed May 27 19:54:49 MDT 2020
# IP Build 2902112 on Wed May 27 22:43:36 MDT 2020
# Start of session at: Tue Mar 31 06:54:51 2026
# Process ID: 26980
# Current directory: C:/Users/hira6/Downloads/lab_11/lab_11
# Command line: vivado.exe -gui_launcher_event rodinguilauncherevent24240 C:\Users\hira6\Downloads\lab_11\lab_11\lab_10.xpr
# Log file: C:/Users/hira6/Downloads/lab_11/lab_11/vivado.log
# Journal file: C:/Users/hira6/Downloads/lab_11/lab_11\vivado.jou
#-----------------------------------------------------------
start_gui
open_project C:/Users/hira6/Downloads/lab_11/lab_11/lab_10.xpr
Scanning sources...
Finished scanning sources
INFO: [IP_Flow 19-234] Refreshing IP repositories
INFO: [IP_Flow 19-1704] No user IP repositories specified
INFO: [IP_Flow 19-2313] Loaded Vivado IP repository 'C:/Xilinx/Vivado/2020.1/data/ip'.
open_project: Time (s): cpu = 00:00:11 ; elapsed = 00:00:08 . Memory (MB): peak = 1011.281 ; gain = 0.000
update_compile_order -fileset sources_1
close [ open C:/Users/hira6/Downloads/lab_11/lab_11/lab_10.srcs/sources_1/new/TopLevelProcessor.v w ]
add_files C:/Users/hira6/Downloads/lab_11/lab_11/lab_10.srcs/sources_1/new/TopLevelProcessor.v
update_compile_order -fileset sources_1
export_ip_user_files -of_objects  [get_files C:/Users/hira6/Downloads/lab_11/lab_11/lab_10.srcs/sources_1/new/RegisterFile.v] -no_script -reset -force -quiet
remove_files  C:/Users/hira6/Downloads/lab_11/lab_11/lab_10.srcs/sources_1/new/RegisterFile.v
add_files -norecurse {C:/Users/hira6/Downloads/lab-09/lab-09/lab-09.srcs/sources_1/new/MainControl.v C:/Users/hira6/Downloads/lab-09/lab-09/lab-09.srcs/sources_1/new/ALUControl.v}
update_compile_order -fileset sources_1
update_compile_order -fileset sources_1
synth_design -rtl -name rtl_1
Command: synth_design -rtl -name rtl_1
Starting synth_design
Using part: xc7a35ticpg236-1L
Top: TopLevelProcessor
INFO: [Device 21-403] Loading part xc7a35ticpg236-1L
---------------------------------------------------------------------------------
Starting RTL Elaboration : Time (s): cpu = 00:00:02 ; elapsed = 00:00:03 . Memory (MB): peak = 1322.211 ; gain = 239.863
---------------------------------------------------------------------------------
INFO: [Synth 8-6157] synthesizing module 'TopLevelProcessor' [C:/Users/hira6/Downloads/lab_11/lab_11/lab_10.srcs/sources_1/new/TopLevelProcessor.v:67]
INFO: [Synth 8-6157] synthesizing module 'ProgramCounter' [C:/Users/hira6/Downloads/lab_11/lab_11/lab_10.srcs/sources_1/new/ProgramCounter.v:9]
INFO: [Synth 8-6155] done synthesizing module 'ProgramCounter' (1#1) [C:/Users/hira6/Downloads/lab_11/lab_11/lab_10.srcs/sources_1/new/ProgramCounter.v:9]
INFO: [Synth 8-6157] synthesizing module 'pcAdder' [C:/Users/hira6/Downloads/lab_11/lab_11/lab_10.srcs/sources_1/new/pcAdder.v:5]
INFO: [Synth 8-6155] done synthesizing module 'pcAdder' (2#1) [C:/Users/hira6/Downloads/lab_11/lab_11/lab_10.srcs/sources_1/new/pcAdder.v:5]
INFO: [Synth 8-6157] synthesizing module 'InstructionMemory' [C:/Users/hira6/Downloads/lab_11/lab_11/lab_10.srcs/sources_1/new/TopLevelProcessor.v:39]
INFO: [Synth 8-6155] done synthesizing module 'InstructionMemory' (3#1) [C:/Users/hira6/Downloads/lab_11/lab_11/lab_10.srcs/sources_1/new/TopLevelProcessor.v:39]
INFO: [Synth 8-6157] synthesizing module 'immGen' [C:/Users/hira6/Downloads/lab_11/lab_11/lab_10.srcs/sources_1/new/immGen.v:3]
INFO: [Synth 8-6155] done synthesizing module 'immGen' (4#1) [C:/Users/hira6/Downloads/lab_11/lab_11/lab_10.srcs/sources_1/new/immGen.v:3]
INFO: [Synth 8-6157] synthesizing module 'MainControl' [C:/Users/hira6/Downloads/lab-09/lab-09/lab-09.srcs/sources_1/new/MainControl.v:21]
INFO: [Synth 8-6155] done synthesizing module 'MainControl' (5#1) [C:/Users/hira6/Downloads/lab-09/lab-09/lab-09.srcs/sources_1/new/MainControl.v:21]
INFO: [Synth 8-6157] synthesizing module 'register_file' [C:/Users/hira6/Downloads/lab067/lab_7/lab_7/lab_7.srcs/sources_1/new/register_file.v:3]
INFO: [Synth 8-6155] done synthesizing module 'register_file' (6#1) [C:/Users/hira6/Downloads/lab067/lab_7/lab_7/lab_7.srcs/sources_1/new/register_file.v:3]
INFO: [Synth 8-6157] synthesizing module 'mux2' [C:/Users/hira6/Downloads/lab_11/lab_11/lab_10.srcs/sources_1/new/mux2.v:7]
INFO: [Synth 8-6155] done synthesizing module 'mux2' (7#1) [C:/Users/hira6/Downloads/lab_11/lab_11/lab_10.srcs/sources_1/new/mux2.v:7]
INFO: [Synth 8-6157] synthesizing module 'ALUControl' [C:/Users/hira6/Downloads/lab-09/lab-09/lab-09.srcs/sources_1/new/ALUControl.v:31]
INFO: [Synth 8-226] default block is never used [C:/Users/hira6/Downloads/lab-09/lab-09/lab-09.srcs/sources_1/new/ALUControl.v:71]
INFO: [Synth 8-6155] done synthesizing module 'ALUControl' (8#1) [C:/Users/hira6/Downloads/lab-09/lab-09/lab-09.srcs/sources_1/new/ALUControl.v:31]
INFO: [Synth 8-6157] synthesizing module 'RISCVALU' [C:/Users/hira6/CA-LABS-5-11/lab_6_ca/lab6hirasidrah/lab6hirasidrah.srcs/sources_1/new/RISCVALU.v:1]
INFO: [Synth 8-6155] done synthesizing module 'RISCVALU' (9#1) [C:/Users/hira6/CA-LABS-5-11/lab_6_ca/lab6hirasidrah/lab6hirasidrah.srcs/sources_1/new/RISCVALU.v:1]
INFO: [Synth 8-6157] synthesizing module 'branchAdder' [C:/Users/hira6/Downloads/lab_11/lab_11/lab_10.srcs/sources_1/new/branchAdder.v:15]
INFO: [Synth 8-6155] done synthesizing module 'branchAdder' (10#1) [C:/Users/hira6/Downloads/lab_11/lab_11/lab_10.srcs/sources_1/new/branchAdder.v:15]
INFO: [Synth 8-6157] synthesizing module 'AddressDecoder' [C:/Users/hira6/CA-LABS-5-11/lab8ca/lab8sidrahira/lab888.srcs/sources_1/new/AddressDecoder.v:2]
INFO: [Synth 8-155] case statement is not full and has no default [C:/Users/hira6/CA-LABS-5-11/lab8ca/lab8sidrahira/lab888.srcs/sources_1/new/AddressDecoder.v:21]
INFO: [Synth 8-6155] done synthesizing module 'AddressDecoder' (11#1) [C:/Users/hira6/CA-LABS-5-11/lab8ca/lab8sidrahira/lab888.srcs/sources_1/new/AddressDecoder.v:2]
INFO: [Synth 8-6157] synthesizing module 'DataMemory' [C:/Users/hira6/CA-LABS-5-11/lab8ca/lab8sidrahira/lab888.srcs/sources_1/new/DataMemory.v:2]
INFO: [Synth 8-6155] done synthesizing module 'DataMemory' (12#1) [C:/Users/hira6/CA-LABS-5-11/lab8ca/lab8sidrahira/lab888.srcs/sources_1/new/DataMemory.v:2]
INFO: [Synth 8-6155] done synthesizing module 'TopLevelProcessor' (13#1) [C:/Users/hira6/Downloads/lab_11/lab_11/lab_10.srcs/sources_1/new/TopLevelProcessor.v:67]
---------------------------------------------------------------------------------
Finished RTL Elaboration : Time (s): cpu = 00:00:04 ; elapsed = 00:00:04 . Memory (MB): peak = 1396.445 ; gain = 314.098
---------------------------------------------------------------------------------
---------------------------------------------------------------------------------
Start Handling Custom Attributes
---------------------------------------------------------------------------------
---------------------------------------------------------------------------------
Finished Handling Custom Attributes : Time (s): cpu = 00:00:04 ; elapsed = 00:00:05 . Memory (MB): peak = 1405.676 ; gain = 323.328
---------------------------------------------------------------------------------
---------------------------------------------------------------------------------
Finished RTL Optimization Phase 1 : Time (s): cpu = 00:00:04 ; elapsed = 00:00:05 . Memory (MB): peak = 1405.676 ; gain = 323.328
---------------------------------------------------------------------------------
Netlist sorting complete. Time (s): cpu = 00:00:00 ; elapsed = 00:00:00.014 . Memory (MB): peak = 1405.676 ; gain = 0.000
INFO: [Project 1-570] Preparing netlist for logic optimization

Processing XDC Constraints
Initializing timing engine
Completed Processing XDC Constraints

INFO: [Opt 31-138] Pushed 0 inverter(s) to 0 load pin(s).
Netlist sorting complete. Time (s): cpu = 00:00:00 ; elapsed = 00:00:00 . Memory (MB): peak = 1496.043 ; gain = 0.000
INFO: [Project 1-111] Unisim Transformation Summary:
No Unisim elements were transformed.

RTL Elaboration Complete:  : Time (s): cpu = 00:00:23 ; elapsed = 00:00:15 . Memory (MB): peak = 1568.102 ; gain = 485.754
32 Infos, 0 Warnings, 0 Critical Warnings and 0 Errors encountered.
synth_design completed successfully
synth_design: Time (s): cpu = 00:00:26 ; elapsed = 00:00:28 . Memory (MB): peak = 1568.102 ; gain = 556.820
exit
INFO: [Common 17-206] Exiting Vivado at Tue Mar 31 07:29:30 2026...
