
*** Running vivado
    with args -log addressDecoderTop.vds -m64 -product Vivado -mode batch -messageDb vivado.pb -notrace -source addressDecoderTop.tcl



****** Vivado v2020.1 (64-bit)
  **** SW Build 2902540 on Wed May 27 19:54:49 MDT 2020
  **** IP Build 2902112 on Wed May 27 22:43:36 MDT 2020
    ** Copyright 1986-2020 Xilinx, Inc. All Rights Reserved.

source addressDecoderTop.tcl -notrace
Command: synth_design -top addressDecoderTop -part xc7a35tcpg236-1
Starting synth_design
Attempting to get a license for feature 'Synthesis' and/or device 'xc7a35t'
INFO: [Common 17-349] Got license for feature 'Synthesis' and/or device 'xc7a35t'
INFO: [Device 21-403] Loading part xc7a35tcpg236-1
INFO: [Synth 8-7079] Multithreading enabled for synth_design using a maximum of 2 processes.
INFO: [Synth 8-7078] Launching helper process for spawning children vivado processes
INFO: [Synth 8-7075] Helper process launched with PID 3112
---------------------------------------------------------------------------------
Starting RTL Elaboration : Time (s): cpu = 00:00:04 ; elapsed = 00:00:07 . Memory (MB): peak = 1173.625 ; gain = 0.000
---------------------------------------------------------------------------------
INFO: [Synth 8-6157] synthesizing module 'addressDecoderTop' [C:/Users/DELL/Downloads/lab8sidrahira/lab888.srcs/sources_1/new/addressDecoderTop.v:2]
	Parameter WRITE_LED bound to: 2'b00 
	Parameter READ_SWITCH bound to: 2'b01 
	Parameter WRITE_MEM bound to: 2'b10 
	Parameter READ_MEM bound to: 2'b11 
INFO: [Synth 8-226] default block is never used [C:/Users/DELL/Downloads/lab8sidrahira/lab888.srcs/sources_1/new/addressDecoderTop.v:36]
INFO: [Synth 8-6157] synthesizing module 'AddressDecoder' [C:/Users/DELL/Downloads/lab8sidrahira/lab888.srcs/sources_1/new/AddressDecoder.v:2]
INFO: [Synth 8-155] case statement is not full and has no default [C:/Users/DELL/Downloads/lab8sidrahira/lab888.srcs/sources_1/new/AddressDecoder.v:21]
INFO: [Synth 8-6155] done synthesizing module 'AddressDecoder' (1#1) [C:/Users/DELL/Downloads/lab8sidrahira/lab888.srcs/sources_1/new/AddressDecoder.v:2]
INFO: [Synth 8-6157] synthesizing module 'DataMemory' [C:/Users/DELL/Downloads/lab8sidrahira/lab888.srcs/sources_1/new/DataMemory.v:2]
INFO: [Synth 8-6155] done synthesizing module 'DataMemory' (2#1) [C:/Users/DELL/Downloads/lab8sidrahira/lab888.srcs/sources_1/new/DataMemory.v:2]
INFO: [Synth 8-6157] synthesizing module 'LEDInterface' [C:/Users/DELL/Downloads/lab8sidrahira/lab888.srcs/sources_1/new/LEDInterface.v:2]
INFO: [Synth 8-6155] done synthesizing module 'LEDInterface' (3#1) [C:/Users/DELL/Downloads/lab8sidrahira/lab888.srcs/sources_1/new/LEDInterface.v:2]
INFO: [Synth 8-6157] synthesizing module 'SwitchInterface' [C:/Users/DELL/Downloads/lab8sidrahira/lab888.srcs/sources_1/new/SwitchInterface.v:2]
INFO: [Synth 8-6155] done synthesizing module 'SwitchInterface' (4#1) [C:/Users/DELL/Downloads/lab8sidrahira/lab888.srcs/sources_1/new/SwitchInterface.v:2]
INFO: [Synth 8-6155] done synthesizing module 'addressDecoderTop' (5#1) [C:/Users/DELL/Downloads/lab8sidrahira/lab888.srcs/sources_1/new/addressDecoderTop.v:2]
---------------------------------------------------------------------------------
Finished RTL Elaboration : Time (s): cpu = 00:00:05 ; elapsed = 00:00:08 . Memory (MB): peak = 1173.625 ; gain = 0.000
---------------------------------------------------------------------------------
---------------------------------------------------------------------------------
Start Handling Custom Attributes
---------------------------------------------------------------------------------
---------------------------------------------------------------------------------
Finished Handling Custom Attributes : Time (s): cpu = 00:00:06 ; elapsed = 00:00:10 . Memory (MB): peak = 1173.625 ; gain = 0.000
---------------------------------------------------------------------------------
---------------------------------------------------------------------------------
Finished RTL Optimization Phase 1 : Time (s): cpu = 00:00:06 ; elapsed = 00:00:10 . Memory (MB): peak = 1173.625 ; gain = 0.000
---------------------------------------------------------------------------------
Netlist sorting complete. Time (s): cpu = 00:00:00 ; elapsed = 00:00:00.001 . Memory (MB): peak = 1173.625 ; gain = 0.000
INFO: [Project 1-570] Preparing netlist for logic optimization

Processing XDC Constraints
Initializing timing engine
Parsing XDC File [C:/Users/DELL/Downloads/lab8sidrahira/lab888.srcs/constrs_1/new/constraint.xdc]
Finished Parsing XDC File [C:/Users/DELL/Downloads/lab8sidrahira/lab888.srcs/constrs_1/new/constraint.xdc]
INFO: [Project 1-236] Implementation specific constraints were found while reading constraint file [C:/Users/DELL/Downloads/lab8sidrahira/lab888.srcs/constrs_1/new/constraint.xdc]. These constraints will be ignored for synthesis but will be used in implementation. Impacted constraints are listed in the file [.Xil/addressDecoderTop_propImpl.xdc].
Resolution: To avoid this warning, move constraints listed in [.Xil/addressDecoderTop_propImpl.xdc] to another XDC file and exclude this new file from synthesis with the used_in_synthesis property (File Properties dialog in GUI) and re-run elaboration/synthesis.
Completed Processing XDC Constraints

Netlist sorting complete. Time (s): cpu = 00:00:00 ; elapsed = 00:00:00 . Memory (MB): peak = 1173.625 ; gain = 0.000
INFO: [Project 1-111] Unisim Transformation Summary:
No Unisim elements were transformed.

Constraint Validation Runtime : Time (s): cpu = 00:00:00 ; elapsed = 00:00:00.019 . Memory (MB): peak = 1173.625 ; gain = 0.000
---------------------------------------------------------------------------------
Finished Constraint Validation : Time (s): cpu = 00:00:11 ; elapsed = 00:00:17 . Memory (MB): peak = 1173.625 ; gain = 0.000
---------------------------------------------------------------------------------
---------------------------------------------------------------------------------
Start Loading Part and Timing Information
---------------------------------------------------------------------------------
Loading part: xc7a35tcpg236-1
---------------------------------------------------------------------------------
Finished Loading Part and Timing Information : Time (s): cpu = 00:00:11 ; elapsed = 00:00:17 . Memory (MB): peak = 1173.625 ; gain = 0.000
---------------------------------------------------------------------------------
---------------------------------------------------------------------------------
Start Applying 'set_property' XDC Constraints
---------------------------------------------------------------------------------
---------------------------------------------------------------------------------
Finished applying 'set_property' XDC Constraints : Time (s): cpu = 00:00:11 ; elapsed = 00:00:17 . Memory (MB): peak = 1173.625 ; gain = 0.000
---------------------------------------------------------------------------------
---------------------------------------------------------------------------------
Finished RTL Optimization Phase 2 : Time (s): cpu = 00:00:11 ; elapsed = 00:00:18 . Memory (MB): peak = 1173.625 ; gain = 0.000
---------------------------------------------------------------------------------
---------------------------------------------------------------------------------
Start RTL Component Statistics 
---------------------------------------------------------------------------------
Detailed RTL Component Info : 
+---Registers : 
	                6 Bit    Registers := 1     
+---Muxes : 
	   4 Input   10 Bit        Muxes := 1     
	   2 Input    6 Bit        Muxes := 2     
	   4 Input    6 Bit        Muxes := 1     
	   4 Input    1 Bit        Muxes := 5     
---------------------------------------------------------------------------------
Finished RTL Component Statistics 
---------------------------------------------------------------------------------
---------------------------------------------------------------------------------
Start Part Resource Summary
---------------------------------------------------------------------------------
Part Resources:
DSPs: 90 (col length:60)
BRAMs: 100 (col length: RAMB18 60 RAMB36 30)
---------------------------------------------------------------------------------
Finished Part Resource Summary
---------------------------------------------------------------------------------
---------------------------------------------------------------------------------
Start Cross Boundary and Area Optimization
---------------------------------------------------------------------------------
---------------------------------------------------------------------------------
Finished Cross Boundary and Area Optimization : Time (s): cpu = 00:00:13 ; elapsed = 00:00:20 . Memory (MB): peak = 1173.625 ; gain = 0.000
---------------------------------------------------------------------------------
---------------------------------------------------------------------------------
Start ROM, RAM, DSP and Shift Register Reporting
---------------------------------------------------------------------------------

Distributed RAM: Preliminary Mapping	Report (see note below)
+------------------+-------------------+-----------+----------------------+----------------+
|Module Name       | RTL Object        | Inference | Size (Depth x Width) | Primitives     | 
+------------------+-------------------+-----------+----------------------+----------------+
|addressDecoderTop | memory/memory_reg | Implied   | 256 x 6              | RAM256X1S x 6	 | 
+------------------+-------------------+-----------+----------------------+----------------+

Note: The table above is a preliminary report that shows the Distributed RAMs at the current stage of the synthesis flow. Some Distributed RAMs may be reimplemented as non Distributed RAM primitives later in the synthesis flow. Multiple instantiated RAMs are reported only once.
---------------------------------------------------------------------------------
Finished ROM, RAM, DSP and Shift Register Reporting
---------------------------------------------------------------------------------
---------------------------------------------------------------------------------
Start Applying XDC Timing Constraints
---------------------------------------------------------------------------------
---------------------------------------------------------------------------------
Finished Applying XDC Timing Constraints : Time (s): cpu = 00:00:19 ; elapsed = 00:00:27 . Memory (MB): peak = 1173.625 ; gain = 0.000
---------------------------------------------------------------------------------
---------------------------------------------------------------------------------
Start Timing Optimization
---------------------------------------------------------------------------------
---------------------------------------------------------------------------------
Finished Timing Optimization : Time (s): cpu = 00:00:19 ; elapsed = 00:00:27 . Memory (MB): peak = 1173.625 ; gain = 0.000
---------------------------------------------------------------------------------
---------------------------------------------------------------------------------
Start ROM, RAM, DSP and Shift Register Reporting
---------------------------------------------------------------------------------

Distributed RAM: Final Mapping	Report
+------------------+-------------------+-----------+----------------------+----------------+
|Module Name       | RTL Object        | Inference | Size (Depth x Width) | Primitives     | 
+------------------+-------------------+-----------+----------------------+----------------+
|addressDecoderTop | memory/memory_reg | Implied   | 256 x 6              | RAM256X1S x 6	 | 
+------------------+-------------------+-----------+----------------------+----------------+

---------------------------------------------------------------------------------
Finished ROM, RAM, DSP and Shift Register Reporting
---------------------------------------------------------------------------------
---------------------------------------------------------------------------------
Start Technology Mapping
---------------------------------------------------------------------------------
---------------------------------------------------------------------------------
Finished Technology Mapping : Time (s): cpu = 00:00:19 ; elapsed = 00:00:27 . Memory (MB): peak = 1173.625 ; gain = 0.000
---------------------------------------------------------------------------------
---------------------------------------------------------------------------------
Start IO Insertion
---------------------------------------------------------------------------------
---------------------------------------------------------------------------------
Start Flattening Before IO Insertion
---------------------------------------------------------------------------------
---------------------------------------------------------------------------------
Finished Flattening Before IO Insertion
---------------------------------------------------------------------------------
---------------------------------------------------------------------------------
Start Final Netlist Cleanup
---------------------------------------------------------------------------------
---------------------------------------------------------------------------------
Finished Final Netlist Cleanup
---------------------------------------------------------------------------------
---------------------------------------------------------------------------------
Finished IO Insertion : Time (s): cpu = 00:00:23 ; elapsed = 00:00:32 . Memory (MB): peak = 1173.625 ; gain = 0.000
---------------------------------------------------------------------------------
---------------------------------------------------------------------------------
Start Renaming Generated Instances
---------------------------------------------------------------------------------
---------------------------------------------------------------------------------
Finished Renaming Generated Instances : Time (s): cpu = 00:00:23 ; elapsed = 00:00:32 . Memory (MB): peak = 1173.625 ; gain = 0.000
---------------------------------------------------------------------------------
---------------------------------------------------------------------------------
Start Rebuilding User Hierarchy
---------------------------------------------------------------------------------
---------------------------------------------------------------------------------
Finished Rebuilding User Hierarchy : Time (s): cpu = 00:00:23 ; elapsed = 00:00:32 . Memory (MB): peak = 1173.625 ; gain = 0.000
---------------------------------------------------------------------------------
---------------------------------------------------------------------------------
Start Renaming Generated Ports
---------------------------------------------------------------------------------
---------------------------------------------------------------------------------
Finished Renaming Generated Ports : Time (s): cpu = 00:00:23 ; elapsed = 00:00:32 . Memory (MB): peak = 1173.625 ; gain = 0.000
---------------------------------------------------------------------------------
---------------------------------------------------------------------------------
Start Handling Custom Attributes
---------------------------------------------------------------------------------
---------------------------------------------------------------------------------
Finished Handling Custom Attributes : Time (s): cpu = 00:00:23 ; elapsed = 00:00:32 . Memory (MB): peak = 1173.625 ; gain = 0.000
---------------------------------------------------------------------------------
---------------------------------------------------------------------------------
Start Renaming Generated Nets
---------------------------------------------------------------------------------
---------------------------------------------------------------------------------
Finished Renaming Generated Nets : Time (s): cpu = 00:00:23 ; elapsed = 00:00:32 . Memory (MB): peak = 1173.625 ; gain = 0.000
---------------------------------------------------------------------------------
---------------------------------------------------------------------------------
Start Writing Synthesis Report
---------------------------------------------------------------------------------

Report BlackBoxes: 
+-+--------------+----------+
| |BlackBox name |Instances |
+-+--------------+----------+
+-+--------------+----------+

Report Cell Usage: 
+------+----------+------+
|      |Cell      |Count |
+------+----------+------+
|1     |BUFG      |     1|
|2     |LUT2      |     2|
|3     |LUT5      |     6|
|4     |RAM256X1S |     6|
|5     |FDRE      |     6|
|6     |IBUF      |    10|
|7     |OBUF      |     6|
+------+----------+------+
---------------------------------------------------------------------------------
Finished Writing Synthesis Report : Time (s): cpu = 00:00:23 ; elapsed = 00:00:32 . Memory (MB): peak = 1173.625 ; gain = 0.000
---------------------------------------------------------------------------------
Synthesis finished with 0 errors, 0 critical warnings and 0 warnings.
Synthesis Optimization Runtime : Time (s): cpu = 00:00:15 ; elapsed = 00:00:30 . Memory (MB): peak = 1173.625 ; gain = 0.000
Synthesis Optimization Complete : Time (s): cpu = 00:00:23 ; elapsed = 00:00:32 . Memory (MB): peak = 1173.625 ; gain = 0.000
INFO: [Project 1-571] Translating synthesized netlist
Netlist sorting complete. Time (s): cpu = 00:00:00 ; elapsed = 00:00:00 . Memory (MB): peak = 1173.625 ; gain = 0.000
INFO: [Netlist 29-17] Analyzing 6 Unisim elements for replacement
INFO: [Netlist 29-28] Unisim Transformation completed in 0 CPU seconds
INFO: [Project 1-570] Preparing netlist for logic optimization
INFO: [Opt 31-138] Pushed 0 inverter(s) to 0 load pin(s).
Netlist sorting complete. Time (s): cpu = 00:00:00 ; elapsed = 00:00:00 . Memory (MB): peak = 1173.625 ; gain = 0.000
INFO: [Project 1-111] Unisim Transformation Summary:
  A total of 6 instances were transformed.
  RAM256X1S => RAM256X1S (MUXF7(x2), MUXF8, RAMS64E(x4)): 6 instances

INFO: [Common 17-83] Releasing license: Synthesis
27 Infos, 0 Warnings, 0 Critical Warnings and 0 Errors encountered.
synth_design completed successfully
synth_design: Time (s): cpu = 00:00:31 ; elapsed = 00:00:43 . Memory (MB): peak = 1173.625 ; gain = 92.785
INFO: [Common 17-1381] The checkpoint 'C:/Users/DELL/Downloads/lab8sidrahira/lab888.runs/synth_1/addressDecoderTop.dcp' has been generated.
INFO: [runtcl-4] Executing : report_utilization -file addressDecoderTop_utilization_synth.rpt -pb addressDecoderTop_utilization_synth.pb
INFO: [Common 17-206] Exiting Vivado at Tue Mar 17 10:54:18 2026...
