Copyright 1986-2020 Xilinx, Inc. All Rights Reserved.
----------------------------------------------------------------------------------------------
| Tool Version : Vivado v.2020.1 (win64) Build 2902540 Wed May 27 19:54:49 MDT 2020
| Date         : Thu Apr  2 18:27:22 2026
| Host         : Hira running 64-bit major release  (build 9200)
| Command      : report_control_sets -verbose -file TopLevelProcessor_control_sets_placed.rpt
| Design       : TopLevelProcessor
| Device       : xc7a35ti
----------------------------------------------------------------------------------------------

Control Set Information

Table of Contents
-----------------
1. Summary
2. Histogram
3. Flip-Flop Distribution
4. Detailed Control Set Information

1. Summary
----------

+----------------------------------------------------------+-------+
|                          Status                          | Count |
+----------------------------------------------------------+-------+
| Total control sets                                       |    34 |
|    Minimum number of control sets                        |    34 |
|    Addition due to synthesis replication                 |     0 |
|    Addition due to physical synthesis replication        |     0 |
| Unused register locations in slices containing registers |     4 |
+----------------------------------------------------------+-------+
* Control sets can be merged at opt_design using control_set_merge or merge_equivalent_drivers
** Run report_qor_suggestions for automated merging and remapping suggestions


2. Histogram
------------

+--------------------+-------+
|       Fanout       | Count |
+--------------------+-------+
| Total control sets |    34 |
| >= 0 to < 4        |     0 |
| >= 4 to < 6        |     0 |
| >= 6 to < 8        |     1 |
| >= 8 to < 10       |     0 |
| >= 10 to < 12      |     0 |
| >= 12 to < 14      |     0 |
| >= 14 to < 16      |     1 |
| >= 16              |    32 |
+--------------------+-------+
* Control sets can be remapped at either synth_design or opt_design


3. Flip-Flop Distribution
-------------------------

+--------------+-----------------------+------------------------+-----------------+--------------+
| Clock Enable | Synchronous Set/Reset | Asynchronous Set/Reset | Total Registers | Total Slices |
+--------------+-----------------------+------------------------+-----------------+--------------+
| No           | No                    | No                     |               0 |            0 |
| No           | No                    | Yes                    |               0 |            0 |
| No           | Yes                   | No                     |              14 |            6 |
| Yes          | No                    | No                     |               0 |            0 |
| Yes          | No                    | Yes                    |             992 |          489 |
| Yes          | Yes                   | No                     |               6 |            3 |
+--------------+-----------------------+------------------------+-----------------+--------------+


4. Detailed Control Set Information
-----------------------------------

+----------------+--------------------------+------------------+------------------+----------------+--------------+
|  Clock Signal  |       Enable Signal      | Set/Reset Signal | Slice Load Count | Bel Load Count | Bels / Slice |
+----------------+--------------------------+------------------+------------------+----------------+--------------+
|  clk_IBUF_BUFG | u_PC/E[0]                | reset_IBUF       |                3 |              6 |         2.00 |
|  clk_IBUF_BUFG |                          | reset_IBUF       |                6 |             14 |         2.33 |
|  clk_IBUF_BUFG | u_PC/PC_reg_rep[6]_1[0]  | reset_IBUF       |               19 |             32 |         1.68 |
|  clk_IBUF_BUFG | u_PC/PC_reg_rep[6]_11[0] | reset_IBUF       |               15 |             32 |         2.13 |
|  clk_IBUF_BUFG | u_PC/PC_reg_rep[6]_12[0] | reset_IBUF       |                8 |             32 |         4.00 |
|  clk_IBUF_BUFG | u_PC/PC_reg_rep[6]_14[0] | reset_IBUF       |               15 |             32 |         2.13 |
|  clk_IBUF_BUFG | u_PC/PC_reg_rep[6]_10[0] | reset_IBUF       |               20 |             32 |         1.60 |
|  clk_IBUF_BUFG | u_PC/PC_reg_rep[6]_13[0] | reset_IBUF       |               15 |             32 |         2.13 |
|  clk_IBUF_BUFG | u_PC/PC_reg_rep[6]_15[0] | reset_IBUF       |               18 |             32 |         1.78 |
|  clk_IBUF_BUFG | u_PC/PC_reg_rep[6]_27[0] | reset_IBUF       |               17 |             32 |         1.88 |
|  clk_IBUF_BUFG | u_PC/PC_reg_rep[6]_20[0] | reset_IBUF       |               16 |             32 |         2.00 |
|  clk_IBUF_BUFG | u_PC/PC_reg_rep[6]_5[0]  | reset_IBUF       |               12 |             32 |         2.67 |
|  clk_IBUF_BUFG | u_PC/PC_reg_rep[6]_7[0]  | reset_IBUF       |               15 |             32 |         2.13 |
|  clk_IBUF_BUFG | u_PC/PC_reg_rep[6]_22[0] | reset_IBUF       |               14 |             32 |         2.29 |
|  clk_IBUF_BUFG | u_PC/PC_reg_rep[6]_24[0] | reset_IBUF       |               18 |             32 |         1.78 |
|  clk_IBUF_BUFG | u_PC/PC_reg_rep[6]_31[0] | reset_IBUF       |               13 |             32 |         2.46 |
|  clk_IBUF_BUFG | u_PC/PC_reg_rep[6]_23[0] | reset_IBUF       |               19 |             32 |         1.68 |
|  clk_IBUF_BUFG | u_PC/PC_reg_rep[6]_26[0] | reset_IBUF       |               17 |             32 |         1.88 |
|  clk_IBUF_BUFG | u_PC/PC_reg_rep[6]_8[0]  | reset_IBUF       |               16 |             32 |         2.00 |
|  clk_IBUF_BUFG | u_PC/PC_reg_rep[6]_17[0] | reset_IBUF       |               18 |             32 |         1.78 |
|  clk_IBUF_BUFG | u_PC/PC_reg_rep[6]_21[0] | reset_IBUF       |               13 |             32 |         2.46 |
|  clk_IBUF_BUFG | u_PC/PC_reg_rep[6]_18[0] | reset_IBUF       |               16 |             32 |         2.00 |
|  clk_IBUF_BUFG | u_PC/PC_reg_rep[6]_6[0]  | reset_IBUF       |               17 |             32 |         1.88 |
|  clk_IBUF_BUFG | u_PC/PC_reg_rep[6]_3[0]  | reset_IBUF       |               17 |             32 |         1.88 |
|  clk_IBUF_BUFG | u_PC/PC_reg_rep[6]_9[0]  | reset_IBUF       |               12 |             32 |         2.67 |
|  clk_IBUF_BUFG | u_PC/PC_reg_rep[6]_19[0] | reset_IBUF       |               20 |             32 |         1.60 |
|  clk_IBUF_BUFG | u_PC/PC_reg_rep[6]_29[0] | reset_IBUF       |               11 |             32 |         2.91 |
|  clk_IBUF_BUFG | u_PC/PC_reg_rep[6]_16[0] | reset_IBUF       |               16 |             32 |         2.00 |
|  clk_IBUF_BUFG | u_PC/PC_reg_rep[6]_25[0] | reset_IBUF       |               13 |             32 |         2.46 |
|  clk_IBUF_BUFG | u_PC/PC_reg_rep[6]_4[0]  | reset_IBUF       |               16 |             32 |         2.00 |
|  clk_IBUF_BUFG | u_PC/PC_reg_rep[6]_30[0] | reset_IBUF       |               17 |             32 |         1.88 |
|  clk_IBUF_BUFG | u_PC/PC_reg_rep[6]_2[0]  | reset_IBUF       |               18 |             32 |         1.78 |
|  clk_IBUF_BUFG | u_PC/PC_reg_rep[6]_28[0] | reset_IBUF       |               18 |             32 |         1.78 |
|  clk_IBUF_BUFG | u_PC/DataMemWrite_en     |                  |               32 |            128 |         4.00 |
+----------------+--------------------------+------------------+------------------+----------------+--------------+


