#-----------------------------------------------------------
# Vivado v2020.1 (64-bit)
# SW Build 2902540 on Wed May 27 19:54:49 MDT 2020
# IP Build 2902112 on Wed May 27 22:43:36 MDT 2020
# Start of session at: Tue Mar 24 12:24:45 2026
# Process ID: 17912
# Current directory: C:/Users/hira6/Downloads/lab-09/lab-09
# Command line: vivado.exe -gui_launcher_event rodinguilauncherevent8328 C:\Users\hira6\Downloads\lab-09\lab-09\lab-09.xpr
# Log file: C:/Users/hira6/Downloads/lab-09/lab-09/vivado.log
# Journal file: C:/Users/hira6/Downloads/lab-09/lab-09\vivado.jou
#-----------------------------------------------------------
start_gui
open_project C:/Users/hira6/Downloads/lab-09/lab-09/lab-09.xpr
Scanning sources...
Finished scanning sources
INFO: [IP_Flow 19-234] Refreshing IP repositories
INFO: [IP_Flow 19-1704] No user IP repositories specified
INFO: [Common 17-41] Interrupt caught. Command should exit soon.
INFO: [IP_Flow 19-2313] Loaded Vivado IP repository 'C:/Xilinx/Vivado/2020.1/data/ip'.
INFO: [IP_Flow 19-2338] Canceling the changes to the IP catalog. Reverting the catalog back to its previous state.
INFO: [IP_Flow 19-2340] The IP catalog has been returned to its previous state.
INFO: [Common 17-344] 'open_project' was cancelled
reset_run synth_1
WARNING: [Vivado 12-1017] Problems encountered:
1. Failed to delete one or more files in run directory exit
INFO: [Common 17-206] Exiting Vivado at Tue Mar 24 12:25:55 2026...
ommon 17-206] Exiting Vivado at Tue Mar 24 12:25:41 2026...
