#-----------------------------------------------------------
# Vivado v2020.1 (64-bit)
# SW Build 2902540 on Wed May 27 19:54:49 MDT 2020
# IP Build 2902112 on Wed May 27 22:43:36 MDT 2020
# Start of session at: Tue Mar 24 21:47:23 2026
# Process ID: 24012
# Current directory: C:/Users/hira6/Downloads/lab-09/lab-09
# Command line: vivado.exe -gui_launcher_event rodinguilauncherevent1264 C:\Users\hira6\Downloads\lab-09\lab-09\lab-09.xpr
# Log file: C:/Users/hira6/Downloads/lab-09/lab-09/vivado.log
# Journal file: C:/Users/hira6/Downloads/lab-09/lab-09\vivado.jou
#-----------------------------------------------------------
start_gui
open_project C:/Users/hira6/Downloads/lab-09/lab-09/lab-09.xpr
Scanning sources...
Finished scanning sources
INFO: [IP_Flow 19-234] Refreshing IP repositories
INFO: [IP_Flow 19-1704] No user IP repositories specified
INFO: [IP_Flow 19-2313] Loaded Vivado IP repository 'C:/Xilinx/Vivado/2020.1/data/ip'.
open_project: Time (s): cpu = 00:00:10 ; elapsed = 00:00:08 . Memory (MB): peak = 1015.648 ; gain = 0.000
update_compile_order -fileset sources_1
launch_simulation
Command: launch_simulation 
INFO: [Vivado 12-5682] Launching behavioral simulation in 'C:/Users/hira6/Downloads/lab-09/lab-09/lab-09.sim/sim_1/behav/xsim'
INFO: [SIM-utils-51] Simulation object is 'sim_1'
INFO: [SIM-utils-54] Inspecting design source files for 'control_tb' in fileset 'sim_1'...
INFO: [USF-XSim-97] Finding global include files...
INFO: [USF-XSim-98] Fetching design files from 'sim_1'...
INFO: [USF-XSim-2] XSim::Compile design
INFO: [USF-XSim-61] Executing 'COMPILE and ANALYZE' step in 'C:/Users/hira6/Downloads/lab-09/lab-09/lab-09.sim/sim_1/behav/xsim'
"xvlog --incr --relax -prj control_tb_vlog.prj"
INFO: [VRFC 10-2263] Analyzing Verilog file "C:/Users/hira6/Downloads/lab-09/lab-09/lab-09.srcs/sources_1/new/ALUControl.v" into library xil_defaultlib
INFO: [VRFC 10-311] analyzing module ALUControl
INFO: [VRFC 10-2263] Analyzing Verilog file "C:/Users/hira6/Downloads/lab-09/lab-09/lab-09.srcs/sources_1/new/MainControl.v" into library xil_defaultlib
INFO: [VRFC 10-311] analyzing module MainControl
INFO: [VRFC 10-2263] Analyzing Verilog file "C:/Users/hira6/Downloads/lab-09/lab-09/lab-09.srcs/sim_1/new/control_tb.v" into library xil_defaultlib
INFO: [VRFC 10-311] analyzing module control_tb
INFO: [VRFC 10-2263] Analyzing Verilog file "C:/Users/hira6/Downloads/lab-09/lab-09/lab-09.sim/sim_1/behav/xsim/glbl.v" into library xil_defaultlib
INFO: [VRFC 10-311] analyzing module glbl
INFO: [USF-XSim-69] 'compile' step finished in '4' seconds
INFO: [USF-XSim-3] XSim::Elaborate design
INFO: [USF-XSim-61] Executing 'ELABORATE' step in 'C:/Users/hira6/Downloads/lab-09/lab-09/lab-09.sim/sim_1/behav/xsim'
"xelab -wto 725e7323d6144b618727ac733475e42f --incr --debug typical --relax --mt 2 -L xil_defaultlib -L unisims_ver -L unimacro_ver -L secureip --snapshot control_tb_behav xil_defaultlib.control_tb xil_defaultlib.glbl -log elaborate.log"
Vivado Simulator 2020.1
Copyright 1986-1999, 2001-2020 Xilinx, Inc. All Rights Reserved.
Running: C:/Xilinx/Vivado/2020.1/bin/unwrapped/win64.o/xelab.exe -wto 725e7323d6144b618727ac733475e42f --incr --debug typical --relax --mt 2 -L xil_defaultlib -L unisims_ver -L unimacro_ver -L secureip --snapshot control_tb_behav xil_defaultlib.control_tb xil_defaultlib.glbl -log elaborate.log 
Using 2 slave threads.
Starting static elaboration
Pass Through NonSizing Optimizer
Completed static elaboration
Starting simulation data flow analysis
Completed simulation data flow analysis
Time Resolution for simulation is 1ps
Compiling module xil_defaultlib.MainControl
Compiling module xil_defaultlib.ALUControl
Compiling module xil_defaultlib.control_tb
Compiling module xil_defaultlib.glbl
Built simulation snapshot control_tb_behav

****** Webtalk v2020.1 (64-bit)
  **** SW Build 2902540 on Wed May 27 19:54:49 MDT 2020
  **** IP Build 2902112 on Wed May 27 22:43:36 MDT 2020
    ** Copyright 1986-2020 Xilinx, Inc. All Rights Reserved.

source C:/Users/hira6/Downloads/lab-09/lab-09/lab-09.sim/sim_1/behav/xsim/xsim.dir/control_tb_behav/webtalk/xsim_webtalk.tcl -notrace
webtalk_transmit: Time (s): cpu = 00:00:00 ; elapsed = 00:00:06 . Memory (MB): peak = 96.371 ; gain = 0.000
INFO: [Common 17-206] Exiting Webtalk at Tue Mar 24 21:58:37 2026...
run_program: Time (s): cpu = 00:00:01 ; elapsed = 00:00:11 . Memory (MB): peak = 1015.648 ; gain = 0.000
INFO: [USF-XSim-69] 'elaborate' step finished in '10' seconds
INFO: [USF-XSim-4] XSim::Simulate design
INFO: [USF-XSim-61] Executing 'SIMULATE' step in 'C:/Users/hira6/Downloads/lab-09/lab-09/lab-09.sim/sim_1/behav/xsim'
INFO: [USF-XSim-98] *** Running xsim
   with args "control_tb_behav -key {Behavioral:sim_1:Functional:control_tb} -tclbatch {control_tb.tcl} -log {simulate.log}"
INFO: [USF-XSim-8] Loading simulator feature
Vivado Simulator 2020.1
Time resolution is 1 ps
source control_tb.tcl
# set curr_wave [current_wave_config]
# if { [string length $curr_wave] == 0 } {
#   if { [llength [get_objects]] > 0} {
#     add_wave /
#     set_property needs_save false [current_wave_config]
#   } else {
#      send_msg_id Add_Wave-1 WARNING "No top level signals found. Simulator will start without a wave window. If you want to open a wave window go to 'File->New Waveform Configuration' or type 'create_wave_config' in the TCL console."
#   }
# }
# run 1000ns
==============================================================
  control_tb - Task 2  MainControl + ALUControl Verification  
  Columns: RW=RegWrite  AO=ALUOp  MR=MemRead  MW=MemWrite     
           AS=ALUSrc  MtR=MemtoReg  Br=Branch  AC=ALUControl  
==============================================================
[PASS]    ADD   | RW=1 AO=10 MR=0 MW=0 AS=0 MtR=0 Br=0 | ALUCtrl=0010
[PASS]    SUB   | RW=1 AO=10 MR=0 MW=0 AS=0 MtR=0 Br=0 | ALUCtrl=0110
[PASS]    SLL   | RW=1 AO=10 MR=0 MW=0 AS=0 MtR=0 Br=0 | ALUCtrl=0100
[PASS]    SRL   | RW=1 AO=10 MR=0 MW=0 AS=0 MtR=0 Br=0 | ALUCtrl=0101
[PASS]    AND   | RW=1 AO=10 MR=0 MW=0 AS=0 MtR=0 Br=0 | ALUCtrl=0000
[PASS]    OR    | RW=1 AO=10 MR=0 MW=0 AS=0 MtR=0 Br=0 | ALUCtrl=0001
[PASS]    XOR   | RW=1 AO=10 MR=0 MW=0 AS=0 MtR=0 Br=0 | ALUCtrl=0011
[PASS]    ADDI  | RW=1 AO=10 MR=0 MW=0 AS=1 MtR=0 Br=0 | ALUCtrl=0010
[PASS]    LW    | RW=1 AO=00 MR=1 MW=0 AS=1 MtR=1 Br=0 | ALUCtrl=0010
[PASS]    LH    | RW=1 AO=00 MR=1 MW=0 AS=1 MtR=1 Br=0 | ALUCtrl=0010
[PASS]    LB    | RW=1 AO=00 MR=1 MW=0 AS=1 MtR=1 Br=0 | ALUCtrl=0010
[PASS]    SW    | RW=0 AO=00 MR=0 MW=1 AS=1 MtR=0 Br=0 | ALUCtrl=0010
[PASS]    SH    | RW=0 AO=00 MR=0 MW=1 AS=1 MtR=0 Br=0 | ALUCtrl=0010
[PASS]    SB    | RW=0 AO=00 MR=0 MW=1 AS=1 MtR=0 Br=0 | ALUCtrl=0010
[PASS]    BEQ   | RW=0 AO=01 MR=0 MW=0 AS=0 MtR=0 Br=1 | ALUCtrl=0110
[PASS]    UNK   | RW=0 AO=00 MR=0 MW=0 AS=0 MtR=0 Br=0 | ALUCtrl=0010
==============================================================
  RESULTS : 16 / 16 tests PASSED  |  0 FAILED
==============================================================
$finish called at time : 160 ns : File "C:/Users/hira6/Downloads/lab-09/lab-09/lab-09.srcs/sim_1/new/control_tb.v" Line 245
xsim: Time (s): cpu = 00:00:07 ; elapsed = 00:00:11 . Memory (MB): peak = 1015.648 ; gain = 0.000
INFO: [USF-XSim-96] XSim completed. Design snapshot 'control_tb_behav' loaded.
INFO: [USF-XSim-97] XSim simulation ran for 1000ns
launch_simulation: Time (s): cpu = 00:00:09 ; elapsed = 00:00:27 . Memory (MB): peak = 1015.648 ; gain = 0.000
reset_run synth_1
WARNING: [Vivado 12-1017] Problems encountered:
1. Failed to delete one or more files in run directory C:/Users/hira6/Downloads/lab-09/lab-09/lab-09.runs/synth_1

synth_design -rtl -name rtl_1
Command: synth_design -rtl -name rtl_1
Starting synth_design
Using part: xc7a35ticpg236-1L
Top: top_control_fpga
INFO: [Device 21-403] Loading part xc7a35ticpg236-1L
---------------------------------------------------------------------------------
Starting RTL Elaboration : Time (s): cpu = 00:00:04 ; elapsed = 00:00:05 . Memory (MB): peak = 1363.727 ; gain = 238.773
---------------------------------------------------------------------------------
INFO: [Synth 8-6157] synthesizing module 'top_control_fpga' [C:/Users/hira6/Downloads/lab-09/lab-09/lab-09.srcs/sources_1/new/top_control_fpga.v:25]
INFO: [Synth 8-6157] synthesizing module 'switches' [C:/Users/hira6/Downloads/lab-09/lab-09/lab-09.srcs/sources_1/new/switches.v:3]
INFO: [Synth 8-6155] done synthesizing module 'switches' (1#1) [C:/Users/hira6/Downloads/lab-09/lab-09/lab-09.srcs/sources_1/new/switches.v:3]
INFO: [Synth 8-6157] synthesizing module 'MainControl' [C:/Users/hira6/Downloads/lab-09/lab-09/lab-09.srcs/sources_1/new/MainControl.v:21]
INFO: [Synth 8-6155] done synthesizing module 'MainControl' (2#1) [C:/Users/hira6/Downloads/lab-09/lab-09/lab-09.srcs/sources_1/new/MainControl.v:21]
INFO: [Synth 8-6157] synthesizing module 'ALUControl' [C:/Users/hira6/Downloads/lab-09/lab-09/lab-09.srcs/sources_1/new/ALUControl.v:31]
INFO: [Synth 8-226] default block is never used [C:/Users/hira6/Downloads/lab-09/lab-09/lab-09.srcs/sources_1/new/ALUControl.v:71]
INFO: [Synth 8-6155] done synthesizing module 'ALUControl' (3#1) [C:/Users/hira6/Downloads/lab-09/lab-09/lab-09.srcs/sources_1/new/ALUControl.v:31]
INFO: [Synth 8-6155] done synthesizing module 'top_control_fpga' (4#1) [C:/Users/hira6/Downloads/lab-09/lab-09/lab-09.srcs/sources_1/new/top_control_fpga.v:25]
---------------------------------------------------------------------------------
Finished RTL Elaboration : Time (s): cpu = 00:00:05 ; elapsed = 00:00:07 . Memory (MB): peak = 1414.176 ; gain = 289.223
---------------------------------------------------------------------------------
---------------------------------------------------------------------------------
Start Handling Custom Attributes
---------------------------------------------------------------------------------
---------------------------------------------------------------------------------
Finished Handling Custom Attributes : Time (s): cpu = 00:00:05 ; elapsed = 00:00:08 . Memory (MB): peak = 1414.176 ; gain = 289.223
---------------------------------------------------------------------------------
---------------------------------------------------------------------------------
Finished RTL Optimization Phase 1 : Time (s): cpu = 00:00:05 ; elapsed = 00:00:08 . Memory (MB): peak = 1414.176 ; gain = 289.223
---------------------------------------------------------------------------------
Netlist sorting complete. Time (s): cpu = 00:00:00 ; elapsed = 00:00:00.006 . Memory (MB): peak = 1414.176 ; gain = 0.000
INFO: [Project 1-570] Preparing netlist for logic optimization
INFO: [Opt 31-141] Inserted 3 OBUFs to IO ports without IO buffers.

Processing XDC Constraints
Initializing timing engine
Parsing XDC File [C:/Users/hira6/Downloads/lab-09/lab-09/lab-09.srcs/constrs_1/new/conts.xdc]
Finished Parsing XDC File [C:/Users/hira6/Downloads/lab-09/lab-09/lab-09.srcs/constrs_1/new/conts.xdc]
Completed Processing XDC Constraints

INFO: [Opt 31-138] Pushed 0 inverter(s) to 0 load pin(s).
Netlist sorting complete. Time (s): cpu = 00:00:00 ; elapsed = 00:00:00 . Memory (MB): peak = 1513.102 ; gain = 0.000
INFO: [Project 1-111] Unisim Transformation Summary:
No Unisim elements were transformed.

RTL Elaboration Complete:  : Time (s): cpu = 00:00:20 ; elapsed = 00:00:16 . Memory (MB): peak = 1600.129 ; gain = 475.176
14 Infos, 0 Warnings, 0 Critical Warnings and 0 Errors encountered.
synth_design completed successfully
synth_design: Time (s): cpu = 00:00:25 ; elapsed = 00:00:39 . Memory (MB): peak = 1600.129 ; gain = 584.480
close_sim
INFO: [Simtcl 6-16] Simulation closed
close_sim: Time (s): cpu = 00:00:02 ; elapsed = 00:00:12 . Memory (MB): peak = 2197.488 ; gain = 12.984
launch_simulation
Command: launch_simulation 
INFO: [Vivado 12-5682] Launching behavioral simulation in 'C:/Users/hira6/Downloads/lab-09/lab-09/lab-09.sim/sim_1/behav/xsim'
INFO: [SIM-utils-51] Simulation object is 'sim_1'
INFO: [SIM-utils-54] Inspecting design source files for 'control_tb' in fileset 'sim_1'...
INFO: [USF-XSim-97] Finding global include files...
INFO: [USF-XSim-98] Fetching design files from 'sim_1'...
INFO: [USF-XSim-2] XSim::Compile design
INFO: [USF-XSim-61] Executing 'COMPILE and ANALYZE' step in 'C:/Users/hira6/Downloads/lab-09/lab-09/lab-09.sim/sim_1/behav/xsim'
"xvlog --incr --relax -prj control_tb_vlog.prj"
INFO: [USF-XSim-69] 'compile' step finished in '3' seconds
INFO: [USF-XSim-3] XSim::Elaborate design
INFO: [USF-XSim-61] Executing 'ELABORATE' step in 'C:/Users/hira6/Downloads/lab-09/lab-09/lab-09.sim/sim_1/behav/xsim'
"xelab -wto 725e7323d6144b618727ac733475e42f --incr --debug typical --relax --mt 2 -L xil_defaultlib -L unisims_ver -L unimacro_ver -L secureip --snapshot control_tb_behav xil_defaultlib.control_tb xil_defaultlib.glbl -log elaborate.log"
Vivado Simulator 2020.1
Copyright 1986-1999, 2001-2020 Xilinx, Inc. All Rights Reserved.
Running: C:/Xilinx/Vivado/2020.1/bin/unwrapped/win64.o/xelab.exe -wto 725e7323d6144b618727ac733475e42f --incr --debug typical --relax --mt 2 -L xil_defaultlib -L unisims_ver -L unimacro_ver -L secureip --snapshot control_tb_behav xil_defaultlib.control_tb xil_defaultlib.glbl -log elaborate.log 
Using 2 slave threads.
Starting static elaboration
Pass Through NonSizing Optimizer
Completed static elaboration
INFO: [XSIM 43-4323] No Change in HDL. Linking previously generated obj files to create kernel
INFO: [USF-XSim-69] 'elaborate' step finished in '2' seconds
INFO: [USF-XSim-4] XSim::Simulate design
INFO: [USF-XSim-61] Executing 'SIMULATE' step in 'C:/Users/hira6/Downloads/lab-09/lab-09/lab-09.sim/sim_1/behav/xsim'
INFO: [USF-XSim-98] *** Running xsim
   with args "control_tb_behav -key {Behavioral:sim_1:Functional:control_tb} -tclbatch {control_tb.tcl} -log {simulate.log}"
INFO: [USF-XSim-8] Loading simulator feature
Vivado Simulator 2020.1
Time resolution is 1 ps
source control_tb.tcl
# set curr_wave [current_wave_config]
# if { [string length $curr_wave] == 0 } {
#   if { [llength [get_objects]] > 0} {
#     add_wave /
#     set_property needs_save false [current_wave_config]
#   } else {
#      send_msg_id Add_Wave-1 WARNING "No top level signals found. Simulator will start without a wave window. If you want to open a wave window go to 'File->New Waveform Configuration' or type 'create_wave_config' in the TCL console."
#   }
# }
# run 1000ns
==============================================================
  control_tb - Task 2  MainControl + ALUControl Verification  
  Columns: RW=RegWrite  AO=ALUOp  MR=MemRead  MW=MemWrite     
           AS=ALUSrc  MtR=MemtoReg  Br=Branch  AC=ALUControl  
==============================================================
[PASS]    ADD   | RW=1 AO=10 MR=0 MW=0 AS=0 MtR=0 Br=0 | ALUCtrl=0010
[PASS]    SUB   | RW=1 AO=10 MR=0 MW=0 AS=0 MtR=0 Br=0 | ALUCtrl=0110
[PASS]    SLL   | RW=1 AO=10 MR=0 MW=0 AS=0 MtR=0 Br=0 | ALUCtrl=0100
[PASS]    SRL   | RW=1 AO=10 MR=0 MW=0 AS=0 MtR=0 Br=0 | ALUCtrl=0101
[PASS]    AND   | RW=1 AO=10 MR=0 MW=0 AS=0 MtR=0 Br=0 | ALUCtrl=0000
[PASS]    OR    | RW=1 AO=10 MR=0 MW=0 AS=0 MtR=0 Br=0 | ALUCtrl=0001
[PASS]    XOR   | RW=1 AO=10 MR=0 MW=0 AS=0 MtR=0 Br=0 | ALUCtrl=0011
[PASS]    ADDI  | RW=1 AO=10 MR=0 MW=0 AS=1 MtR=0 Br=0 | ALUCtrl=0010
[PASS]    LW    | RW=1 AO=00 MR=1 MW=0 AS=1 MtR=1 Br=0 | ALUCtrl=0010
[PASS]    LH    | RW=1 AO=00 MR=1 MW=0 AS=1 MtR=1 Br=0 | ALUCtrl=0010
[PASS]    LB    | RW=1 AO=00 MR=1 MW=0 AS=1 MtR=1 Br=0 | ALUCtrl=0010
[PASS]    SW    | RW=0 AO=00 MR=0 MW=1 AS=1 MtR=0 Br=0 | ALUCtrl=0010
[PASS]    SH    | RW=0 AO=00 MR=0 MW=1 AS=1 MtR=0 Br=0 | ALUCtrl=0010
[PASS]    SB    | RW=0 AO=00 MR=0 MW=1 AS=1 MtR=0 Br=0 | ALUCtrl=0010
[PASS]    BEQ   | RW=0 AO=01 MR=0 MW=0 AS=0 MtR=0 Br=1 | ALUCtrl=0110
[PASS]    UNK   | RW=0 AO=00 MR=0 MW=0 AS=0 MtR=0 Br=0 | ALUCtrl=0010
==============================================================
  RESULTS : 16 / 16 tests PASSED  |  0 FAILED
==============================================================
$finish called at time : 160 ns : File "C:/Users/hira6/Downloads/lab-09/lab-09/lab-09.srcs/sim_1/new/control_tb.v" Line 245
xsim: Time (s): cpu = 00:00:09 ; elapsed = 00:00:44 . Memory (MB): peak = 2197.488 ; gain = 0.000
INFO: [USF-XSim-96] XSim completed. Design snapshot 'control_tb_behav' loaded.
INFO: [USF-XSim-97] XSim simulation ran for 1000ns
launch_simulation: Time (s): cpu = 00:00:10 ; elapsed = 00:00:51 . Memory (MB): peak = 2197.488 ; gain = 0.000
launch_runs synth_1 -jobs 6
[Tue Mar 24 23:43:38 2026] Launched synth_1...
Run output will be captured here: C:/Users/hira6/Downloads/lab-09/lab-09/lab-09.runs/synth_1/runme.log
launch_runs impl_1 -jobs 6
[Tue Mar 24 23:45:56 2026] Launched impl_1...
Run output will be captured here: C:/Users/hira6/Downloads/lab-09/lab-09/lab-09.runs/impl_1/runme.log
launch_runs impl_1 -to_step write_bitstream -jobs 6
[Tue Mar 24 23:47:02 2026] Launched impl_1...
Run output will be captured here: C:/Users/hira6/Downloads/lab-09/lab-09/lab-09.runs/impl_1/runme.log
launch_simulation
Command: launch_simulation 
boost::filesystem::remove: The process cannot access the file because it is being used by another process: "C:/Users/hira6/Downloads/lab-09/lab-09/lab-09.sim/sim_1/behav/xsim/simulate.log"
update_compile_order -fileset sim_1
launch_simulation
Command: launch_simulation 
boost::filesystem::remove: The process cannot access the file because it is being used by another process: "C:/Users/hira6/Downloads/lab-09/lab-09/lab-09.sim/sim_1/behav/xsim/simulate.log"
close_sim
INFO: [Simtcl 6-16] Simulation closed
launch_simulation
Command: launch_simulation 
INFO: [Vivado 12-5682] Launching behavioral simulation in 'C:/Users/hira6/Downloads/lab-09/lab-09/lab-09.sim/sim_1/behav/xsim'
INFO: [SIM-utils-51] Simulation object is 'sim_1'
INFO: [SIM-utils-54] Inspecting design source files for 'top_control_fpga' in fileset 'sim_1'...
INFO: [USF-XSim-97] Finding global include files...
INFO: [USF-XSim-98] Fetching design files from 'sim_1'...
INFO: [USF-XSim-2] XSim::Compile design
INFO: [USF-XSim-61] Executing 'COMPILE and ANALYZE' step in 'C:/Users/hira6/Downloads/lab-09/lab-09/lab-09.sim/sim_1/behav/xsim'
"xvlog --incr --relax -prj top_control_fpga_vlog.prj"
INFO: [VRFC 10-2263] Analyzing Verilog file "C:/Users/hira6/Downloads/lab-09/lab-09/lab-09.srcs/sources_1/new/switches.v" into library xil_defaultlib
INFO: [VRFC 10-311] analyzing module switches
INFO: [VRFC 10-2263] Analyzing Verilog file "C:/Users/hira6/Downloads/lab-09/lab-09/lab-09.srcs/sources_1/new/top_control_fpga.v" into library xil_defaultlib
INFO: [VRFC 10-311] analyzing module top_control_fpga
INFO: [USF-XSim-69] 'compile' step finished in '4' seconds
INFO: [USF-XSim-3] XSim::Elaborate design
INFO: [USF-XSim-61] Executing 'ELABORATE' step in 'C:/Users/hira6/Downloads/lab-09/lab-09/lab-09.sim/sim_1/behav/xsim'
"xelab -wto 725e7323d6144b618727ac733475e42f --incr --debug typical --relax --mt 2 -L xil_defaultlib -L unisims_ver -L unimacro_ver -L secureip --snapshot top_control_fpga_behav xil_defaultlib.top_control_fpga xil_defaultlib.glbl -log elaborate.log"
Vivado Simulator 2020.1
Copyright 1986-1999, 2001-2020 Xilinx, Inc. All Rights Reserved.
Running: C:/Xilinx/Vivado/2020.1/bin/unwrapped/win64.o/xelab.exe -wto 725e7323d6144b618727ac733475e42f --incr --debug typical --relax --mt 2 -L xil_defaultlib -L unisims_ver -L unimacro_ver -L secureip --snapshot top_control_fpga_behav xil_defaultlib.top_control_fpga xil_defaultlib.glbl -log elaborate.log 
Using 2 slave threads.
Starting static elaboration
Pass Through NonSizing Optimizer
Completed static elaboration
Starting simulation data flow analysis
Completed simulation data flow analysis
Time Resolution for simulation is 1ps
Compiling module xil_defaultlib.switches
Compiling module xil_defaultlib.MainControl
Compiling module xil_defaultlib.ALUControl
Compiling module xil_defaultlib.top_control_fpga
Compiling module xil_defaultlib.glbl
Built simulation snapshot top_control_fpga_behav

****** Webtalk v2020.1 (64-bit)
  **** SW Build 2902540 on Wed May 27 19:54:49 MDT 2020
  **** IP Build 2902112 on Wed May 27 22:43:36 MDT 2020
    ** Copyright 1986-2020 Xilinx, Inc. All Rights Reserved.

source C:/Users/hira6/Downloads/lab-09/lab-09/lab-09.sim/sim_1/behav/xsim/xsim.dir/top_control_fpga_behav/webtalk/xsim_webtalk.tcl -notrace
INFO: [Common 17-206] Exiting Webtalk at Wed Mar 25 00:05:02 2026...
run_program: Time (s): cpu = 00:00:01 ; elapsed = 00:00:05 . Memory (MB): peak = 2197.488 ; gain = 0.000
INFO: [USF-XSim-69] 'elaborate' step finished in '5' seconds
INFO: [USF-XSim-4] XSim::Simulate design
INFO: [USF-XSim-61] Executing 'SIMULATE' step in 'C:/Users/hira6/Downloads/lab-09/lab-09/lab-09.sim/sim_1/behav/xsim'
INFO: [USF-XSim-98] *** Running xsim
   with args "top_control_fpga_behav -key {Behavioral:sim_1:Functional:top_control_fpga} -tclbatch {top_control_fpga.tcl} -log {simulate.log}"
INFO: [USF-XSim-8] Loading simulator feature
Vivado Simulator 2020.1
Time resolution is 1 ps
source top_control_fpga.tcl
# set curr_wave [current_wave_config]
# if { [string length $curr_wave] == 0 } {
#   if { [llength [get_objects]] > 0} {
#     add_wave /
#     set_property needs_save false [current_wave_config]
#   } else {
#      send_msg_id Add_Wave-1 WARNING "No top level signals found. Simulator will start without a wave window. If you want to open a wave window go to 'File->New Waveform Configuration' or type 'create_wave_config' in the TCL console."
#   }
# }
# run 1000ns
INFO: [USF-XSim-96] XSim completed. Design snapshot 'top_control_fpga_behav' loaded.
INFO: [USF-XSim-97] XSim simulation ran for 1000ns
launch_simulation: Time (s): cpu = 00:00:05 ; elapsed = 00:00:13 . Memory (MB): peak = 2197.488 ; gain = 0.000
close_sim
INFO: [Simtcl 6-16] Simulation closed
close_sim: Time (s): cpu = 00:00:01 ; elapsed = 00:00:07 . Memory (MB): peak = 2197.488 ; gain = 0.000
launch_simulation
Command: launch_simulation 
INFO: [Vivado 12-5682] Launching behavioral simulation in 'C:/Users/hira6/Downloads/lab-09/lab-09/lab-09.sim/sim_1/behav/xsim'
INFO: [SIM-utils-51] Simulation object is 'sim_1'
INFO: [SIM-utils-54] Inspecting design source files for 'top_control_fpga' in fileset 'sim_1'...
INFO: [USF-XSim-97] Finding global include files...
INFO: [USF-XSim-98] Fetching design files from 'sim_1'...
INFO: [USF-XSim-2] XSim::Compile design
INFO: [USF-XSim-61] Executing 'COMPILE and ANALYZE' step in 'C:/Users/hira6/Downloads/lab-09/lab-09/lab-09.sim/sim_1/behav/xsim'
"xvlog --incr --relax -prj top_control_fpga_vlog.prj"
INFO: [USF-XSim-69] 'compile' step finished in '1' seconds
INFO: [USF-XSim-3] XSim::Elaborate design
INFO: [USF-XSim-61] Executing 'ELABORATE' step in 'C:/Users/hira6/Downloads/lab-09/lab-09/lab-09.sim/sim_1/behav/xsim'
"xelab -wto 725e7323d6144b618727ac733475e42f --incr --debug typical --relax --mt 2 -L xil_defaultlib -L unisims_ver -L unimacro_ver -L secureip --snapshot top_control_fpga_behav xil_defaultlib.top_control_fpga xil_defaultlib.glbl -log elaborate.log"
Vivado Simulator 2020.1
Copyright 1986-1999, 2001-2020 Xilinx, Inc. All Rights Reserved.
Running: C:/Xilinx/Vivado/2020.1/bin/unwrapped/win64.o/xelab.exe -wto 725e7323d6144b618727ac733475e42f --incr --debug typical --relax --mt 2 -L xil_defaultlib -L unisims_ver -L unimacro_ver -L secureip --snapshot top_control_fpga_behav xil_defaultlib.top_control_fpga xil_defaultlib.glbl -log elaborate.log 
Using 2 slave threads.
Starting static elaboration
Pass Through NonSizing Optimizer
Completed static elaboration
INFO: [XSIM 43-4323] No Change in HDL. Linking previously generated obj files to create kernel
INFO: [USF-XSim-69] 'elaborate' step finished in '2' seconds
INFO: [USF-XSim-4] XSim::Simulate design
INFO: [USF-XSim-61] Executing 'SIMULATE' step in 'C:/Users/hira6/Downloads/lab-09/lab-09/lab-09.sim/sim_1/behav/xsim'
INFO: [USF-XSim-98] *** Running xsim
   with args "top_control_fpga_behav -key {Behavioral:sim_1:Functional:top_control_fpga} -tclbatch {top_control_fpga.tcl} -log {simulate.log}"
INFO: [USF-XSim-8] Loading simulator feature
Vivado Simulator 2020.1
Time resolution is 1 ps
source top_control_fpga.tcl
# set curr_wave [current_wave_config]
# if { [string length $curr_wave] == 0 } {
#   if { [llength [get_objects]] > 0} {
#     add_wave /
#     set_property needs_save false [current_wave_config]
#   } else {
#      send_msg_id Add_Wave-1 WARNING "No top level signals found. Simulator will start without a wave window. If you want to open a wave window go to 'File->New Waveform Configuration' or type 'create_wave_config' in the TCL console."
#   }
# }
# run 1000ns
xsim: Time (s): cpu = 00:00:04 ; elapsed = 00:00:08 . Memory (MB): peak = 2197.488 ; gain = 0.000
INFO: [USF-XSim-96] XSim completed. Design snapshot 'top_control_fpga_behav' loaded.
INFO: [USF-XSim-97] XSim simulation ran for 1000ns
launch_simulation: Time (s): cpu = 00:00:05 ; elapsed = 00:00:12 . Memory (MB): peak = 2197.488 ; gain = 0.000
close_sim
INFO: [Simtcl 6-16] Simulation closed
launch_simulation
Command: launch_simulation 
INFO: [Vivado 12-5682] Launching behavioral simulation in 'C:/Users/hira6/Downloads/lab-09/lab-09/lab-09.sim/sim_1/behav/xsim'
INFO: [SIM-utils-51] Simulation object is 'sim_1'
INFO: [SIM-utils-54] Inspecting design source files for 'top_control_fpga' in fileset 'sim_1'...
INFO: [USF-XSim-97] Finding global include files...
INFO: [USF-XSim-98] Fetching design files from 'sim_1'...
INFO: [USF-XSim-2] XSim::Compile design
INFO: [USF-XSim-61] Executing 'COMPILE and ANALYZE' step in 'C:/Users/hira6/Downloads/lab-09/lab-09/lab-09.sim/sim_1/behav/xsim'
"xvlog --incr --relax -prj top_control_fpga_vlog.prj"
INFO: [USF-XSim-69] 'compile' step finished in '2' seconds
INFO: [USF-XSim-3] XSim::Elaborate design
INFO: [USF-XSim-61] Executing 'ELABORATE' step in 'C:/Users/hira6/Downloads/lab-09/lab-09/lab-09.sim/sim_1/behav/xsim'
"xelab -wto 725e7323d6144b618727ac733475e42f --incr --debug typical --relax --mt 2 -L xil_defaultlib -L unisims_ver -L unimacro_ver -L secureip --snapshot top_control_fpga_behav xil_defaultlib.top_control_fpga xil_defaultlib.glbl -log elaborate.log"
Vivado Simulator 2020.1
Copyright 1986-1999, 2001-2020 Xilinx, Inc. All Rights Reserved.
Running: C:/Xilinx/Vivado/2020.1/bin/unwrapped/win64.o/xelab.exe -wto 725e7323d6144b618727ac733475e42f --incr --debug typical --relax --mt 2 -L xil_defaultlib -L unisims_ver -L unimacro_ver -L secureip --snapshot top_control_fpga_behav xil_defaultlib.top_control_fpga xil_defaultlib.glbl -log elaborate.log 
Using 2 slave threads.
Starting static elaboration
Pass Through NonSizing Optimizer
Completed static elaboration
INFO: [XSIM 43-4323] No Change in HDL. Linking previously generated obj files to create kernel
INFO: [USF-XSim-69] 'elaborate' step finished in '2' seconds
INFO: [USF-XSim-4] XSim::Simulate design
INFO: [USF-XSim-61] Executing 'SIMULATE' step in 'C:/Users/hira6/Downloads/lab-09/lab-09/lab-09.sim/sim_1/behav/xsim'
INFO: [USF-XSim-98] *** Running xsim
   with args "top_control_fpga_behav -key {Behavioral:sim_1:Functional:top_control_fpga} -tclbatch {top_control_fpga.tcl} -log {simulate.log}"
INFO: [USF-XSim-8] Loading simulator feature
Vivado Simulator 2020.1
Time resolution is 1 ps
source top_control_fpga.tcl
# set curr_wave [current_wave_config]
# if { [string length $curr_wave] == 0 } {
#   if { [llength [get_objects]] > 0} {
#     add_wave /
#     set_property needs_save false [current_wave_config]
#   } else {
#      send_msg_id Add_Wave-1 WARNING "No top level signals found. Simulator will start without a wave window. If you want to open a wave window go to 'File->New Waveform Configuration' or type 'create_wave_config' in the TCL console."
#   }
# }
# run 1000ns
xsim: Time (s): cpu = 00:00:04 ; elapsed = 00:00:10 . Memory (MB): peak = 4182.672 ; gain = 0.074
INFO: [USF-XSim-96] XSim completed. Design snapshot 'top_control_fpga_behav' loaded.
INFO: [USF-XSim-97] XSim simulation ran for 1000ns
launch_simulation: Time (s): cpu = 00:00:04 ; elapsed = 00:00:14 . Memory (MB): peak = 4182.672 ; gain = 0.074
close_sim
INFO: [Simtcl 6-16] Simulation closed
launch_simulation
Command: launch_simulation 
INFO: [Vivado 12-5682] Launching behavioral simulation in 'C:/Users/hira6/Downloads/lab-09/lab-09/lab-09.sim/sim_1/behav/xsim'
INFO: [SIM-utils-51] Simulation object is 'sim_1'
INFO: [SIM-utils-54] Inspecting design source files for 'top_control_fpga' in fileset 'sim_1'...
INFO: [USF-XSim-97] Finding global include files...
INFO: [USF-XSim-98] Fetching design files from 'sim_1'...
INFO: [USF-XSim-2] XSim::Compile design
INFO: [USF-XSim-61] Executing 'COMPILE and ANALYZE' step in 'C:/Users/hira6/Downloads/lab-09/lab-09/lab-09.sim/sim_1/behav/xsim'
"xvlog --incr --relax -prj top_control_fpga_vlog.prj"
INFO: [USF-XSim-69] 'compile' step finished in '1' seconds
INFO: [USF-XSim-3] XSim::Elaborate design
INFO: [USF-XSim-61] Executing 'ELABORATE' step in 'C:/Users/hira6/Downloads/lab-09/lab-09/lab-09.sim/sim_1/behav/xsim'
"xelab -wto 725e7323d6144b618727ac733475e42f --incr --debug typical --relax --mt 2 -L xil_defaultlib -L unisims_ver -L unimacro_ver -L secureip --snapshot top_control_fpga_behav xil_defaultlib.top_control_fpga xil_defaultlib.glbl -log elaborate.log"
Vivado Simulator 2020.1
Copyright 1986-1999, 2001-2020 Xilinx, Inc. All Rights Reserved.
Running: C:/Xilinx/Vivado/2020.1/bin/unwrapped/win64.o/xelab.exe -wto 725e7323d6144b618727ac733475e42f --incr --debug typical --relax --mt 2 -L xil_defaultlib -L unisims_ver -L unimacro_ver -L secureip --snapshot top_control_fpga_behav xil_defaultlib.top_control_fpga xil_defaultlib.glbl -log elaborate.log 
Using 2 slave threads.
Starting static elaboration
Pass Through NonSizing Optimizer
Completed static elaboration
INFO: [XSIM 43-4323] No Change in HDL. Linking previously generated obj files to create kernel
INFO: [USF-XSim-69] 'elaborate' step finished in '1' seconds
INFO: [USF-XSim-4] XSim::Simulate design
INFO: [USF-XSim-61] Executing 'SIMULATE' step in 'C:/Users/hira6/Downloads/lab-09/lab-09/lab-09.sim/sim_1/behav/xsim'
INFO: [USF-XSim-98] *** Running xsim
   with args "top_control_fpga_behav -key {Behavioral:sim_1:Functional:top_control_fpga} -tclbatch {top_control_fpga.tcl} -log {simulate.log}"
INFO: [USF-XSim-8] Loading simulator feature
Vivado Simulator 2020.1
Time resolution is 1 ps
source top_control_fpga.tcl
# set curr_wave [current_wave_config]
# if { [string length $curr_wave] == 0 } {
#   if { [llength [get_objects]] > 0} {
#     add_wave /
#     set_property needs_save false [current_wave_config]
#   } else {
#      send_msg_id Add_Wave-1 WARNING "No top level signals found. Simulator will start without a wave window. If you want to open a wave window go to 'File->New Waveform Configuration' or type 'create_wave_config' in the TCL console."
#   }
# }
# run 1000ns
xsim: Time (s): cpu = 00:00:03 ; elapsed = 00:00:08 . Memory (MB): peak = 4182.672 ; gain = 0.000
INFO: [USF-XSim-96] XSim completed. Design snapshot 'top_control_fpga_behav' loaded.
INFO: [USF-XSim-97] XSim simulation ran for 1000ns
launch_simulation: Time (s): cpu = 00:00:04 ; elapsed = 00:00:11 . Memory (MB): peak = 4182.672 ; gain = 0.000
close_sim
INFO: [Simtcl 6-16] Simulation closed
launch_simulation
Command: launch_simulation 
INFO: [Vivado 12-5682] Launching behavioral simulation in 'C:/Users/hira6/Downloads/lab-09/lab-09/lab-09.sim/sim_1/behav/xsim'
INFO: [SIM-utils-51] Simulation object is 'sim_1'
INFO: [SIM-utils-54] Inspecting design source files for 'top_control_fpga' in fileset 'sim_1'...
INFO: [USF-XSim-97] Finding global include files...
INFO: [USF-XSim-98] Fetching design files from 'sim_1'...
INFO: [USF-XSim-2] XSim::Compile design
INFO: [USF-XSim-61] Executing 'COMPILE and ANALYZE' step in 'C:/Users/hira6/Downloads/lab-09/lab-09/lab-09.sim/sim_1/behav/xsim'
"xvlog --incr --relax -prj top_control_fpga_vlog.prj"
INFO: [USF-XSim-69] 'compile' step finished in '2' seconds
INFO: [USF-XSim-3] XSim::Elaborate design
INFO: [USF-XSim-61] Executing 'ELABORATE' step in 'C:/Users/hira6/Downloads/lab-09/lab-09/lab-09.sim/sim_1/behav/xsim'
"xelab -wto 725e7323d6144b618727ac733475e42f --incr --debug typical --relax --mt 2 -L xil_defaultlib -L unisims_ver -L unimacro_ver -L secureip --snapshot top_control_fpga_behav xil_defaultlib.top_control_fpga xil_defaultlib.glbl -log elaborate.log"
Vivado Simulator 2020.1
Copyright 1986-1999, 2001-2020 Xilinx, Inc. All Rights Reserved.
Running: C:/Xilinx/Vivado/2020.1/bin/unwrapped/win64.o/xelab.exe -wto 725e7323d6144b618727ac733475e42f --incr --debug typical --relax --mt 2 -L xil_defaultlib -L unisims_ver -L unimacro_ver -L secureip --snapshot top_control_fpga_behav xil_defaultlib.top_control_fpga xil_defaultlib.glbl -log elaborate.log 
Using 2 slave threads.
Starting static elaboration
Pass Through NonSizing Optimizer
Completed static elaboration
INFO: [XSIM 43-4323] No Change in HDL. Linking previously generated obj files to create kernel
INFO: [USF-XSim-69] 'elaborate' step finished in '1' seconds
INFO: [USF-XSim-4] XSim::Simulate design
INFO: [USF-XSim-61] Executing 'SIMULATE' step in 'C:/Users/hira6/Downloads/lab-09/lab-09/lab-09.sim/sim_1/behav/xsim'
INFO: [USF-XSim-98] *** Running xsim
   with args "top_control_fpga_behav -key {Behavioral:sim_1:Functional:top_control_fpga} -tclbatch {top_control_fpga.tcl} -log {simulate.log}"
INFO: [USF-XSim-8] Loading simulator feature
Vivado Simulator 2020.1
Time resolution is 1 ps
source top_control_fpga.tcl
# set curr_wave [current_wave_config]
# if { [string length $curr_wave] == 0 } {
#   if { [llength [get_objects]] > 0} {
#     add_wave /
#     set_property needs_save false [current_wave_config]
#   } else {
#      send_msg_id Add_Wave-1 WARNING "No top level signals found. Simulator will start without a wave window. If you want to open a wave window go to 'File->New Waveform Configuration' or type 'create_wave_config' in the TCL console."
#   }
# }
# run 1000ns
xsim: Time (s): cpu = 00:00:04 ; elapsed = 00:00:09 . Memory (MB): peak = 4182.672 ; gain = 0.000
INFO: [USF-XSim-96] XSim completed. Design snapshot 'top_control_fpga_behav' loaded.
INFO: [USF-XSim-97] XSim simulation ran for 1000ns
launch_simulation: Time (s): cpu = 00:00:04 ; elapsed = 00:00:12 . Memory (MB): peak = 4182.672 ; gain = 0.000
close_sim
INFO: [Simtcl 6-16] Simulation closed
set_property top control_tb [get_filesets sim_1]
set_property top_lib xil_defaultlib [get_filesets sim_1]
update_compile_order -fileset sim_1
launch_simulation
Command: launch_simulation 
INFO: [Vivado 12-5682] Launching behavioral simulation in 'C:/Users/hira6/Downloads/lab-09/lab-09/lab-09.sim/sim_1/behav/xsim'
INFO: [SIM-utils-51] Simulation object is 'sim_1'
INFO: [SIM-utils-54] Inspecting design source files for 'control_tb' in fileset 'sim_1'...
INFO: [USF-XSim-97] Finding global include files...
INFO: [USF-XSim-98] Fetching design files from 'sim_1'...
INFO: [USF-XSim-2] XSim::Compile design
INFO: [USF-XSim-61] Executing 'COMPILE and ANALYZE' step in 'C:/Users/hira6/Downloads/lab-09/lab-09/lab-09.sim/sim_1/behav/xsim'
"xvlog --incr --relax -prj control_tb_vlog.prj"
INFO: [VRFC 10-2263] Analyzing Verilog file "C:/Users/hira6/Downloads/lab-09/lab-09/lab-09.srcs/sources_1/new/ALUControl.v" into library xil_defaultlib
INFO: [VRFC 10-311] analyzing module ALUControl
INFO: [VRFC 10-2263] Analyzing Verilog file "C:/Users/hira6/Downloads/lab-09/lab-09/lab-09.srcs/sources_1/new/MainControl.v" into library xil_defaultlib
INFO: [VRFC 10-311] analyzing module MainControl
INFO: [VRFC 10-2263] Analyzing Verilog file "C:/Users/hira6/Downloads/lab-09/lab-09/lab-09.srcs/sim_1/new/control_tb.v" into library xil_defaultlib
INFO: [VRFC 10-311] analyzing module control_tb
INFO: [USF-XSim-69] 'compile' step finished in '2' seconds
INFO: [USF-XSim-3] XSim::Elaborate design
INFO: [USF-XSim-61] Executing 'ELABORATE' step in 'C:/Users/hira6/Downloads/lab-09/lab-09/lab-09.sim/sim_1/behav/xsim'
INFO: [Common 17-41] Interrupt caught. Command should exit soon.
"xelab -wto 725e7323d6144b618727ac733475e42f --incr --debug typical --relax --mt 2 -L xil_defaultlib -L unisims_ver -L unimacro_ver -L secureip --snapshot control_tb_behav xil_defaultlib.control_tb xil_defaultlib.glbl -log elaborate.log"
Vivado Simulator 2020.1
Copyright 1986-1999, 2001-2020 Xilinx, Inc. All Rights Reserved.
Running: C:/Xilinx/Vivado/2020.1/bin/unwrapped/win64.o/xelab.exe -wto 725e7323d6144b618727ac733475e42f --incr --debug typical --relax --mt 2 -L xil_defaultlib -L unisims_ver -L unimacro_ver -L secureip --snapshot control_tb_behav xil_defaultlib.control_tb xil_defaultlib.glbl -log elaborate.log 
Using 2 slave threads.
Starting static elaboration
Pass Through NonSizing Optimizer
ERROR: [VRFC 10-2989] 'simple_control_tb' is not declared [C:/Users/hira6/Downloads/lab-09/lab-09/lab-09.srcs/sim_1/new/control_tb.v:39]
ERROR: [XSIM 43-3322] Static elaboration of top level Verilog design unit(s) in library work failed.
INFO: [Common 17-344] 'run_program' was cancelled
INFO: [Vivado 12-5357] 'elaborate' step aborted
INFO: [Common 17-344] 'launch_simulation' was cancelled
launch_simulation
Command: launch_simulation 
INFO: [Vivado 12-5682] Launching behavioral simulation in 'C:/Users/hira6/Downloads/lab-09/lab-09/lab-09.sim/sim_1/behav/xsim'
INFO: [SIM-utils-51] Simulation object is 'sim_1'
INFO: [SIM-utils-54] Inspecting design source files for 'control_tb' in fileset 'sim_1'...
INFO: [USF-XSim-97] Finding global include files...
INFO: [USF-XSim-98] Fetching design files from 'sim_1'...
INFO: [USF-XSim-2] XSim::Compile design
INFO: [USF-XSim-61] Executing 'COMPILE and ANALYZE' step in 'C:/Users/hira6/Downloads/lab-09/lab-09/lab-09.sim/sim_1/behav/xsim'
"xvlog --incr --relax -prj control_tb_vlog.prj"
INFO: [VRFC 10-2263] Analyzing Verilog file "C:/Users/hira6/Downloads/lab-09/lab-09/lab-09.srcs/sources_1/new/ALUControl.v" into library xil_defaultlib
INFO: [VRFC 10-311] analyzing module ALUControl
INFO: [VRFC 10-2263] Analyzing Verilog file "C:/Users/hira6/Downloads/lab-09/lab-09/lab-09.srcs/sources_1/new/MainControl.v" into library xil_defaultlib
INFO: [VRFC 10-311] analyzing module MainControl
INFO: [VRFC 10-2263] Analyzing Verilog file "C:/Users/hira6/Downloads/lab-09/lab-09/lab-09.srcs/sim_1/new/control_tb.v" into library xil_defaultlib
INFO: [VRFC 10-311] analyzing module simple_control_tb
INFO: [VRFC 10-2263] Analyzing Verilog file "C:/Users/hira6/Downloads/lab-09/lab-09/lab-09.srcs/sources_1/new/leds.v" into library xil_defaultlib
INFO: [VRFC 10-311] analyzing module leds
INFO: [VRFC 10-2263] Analyzing Verilog file "C:/Users/hira6/Downloads/lab-09/lab-09/lab-09.srcs/sources_1/new/switches.v" into library xil_defaultlib
INFO: [VRFC 10-311] analyzing module switches
INFO: [VRFC 10-2263] Analyzing Verilog file "C:/Users/hira6/Downloads/lab-09/lab-09/lab-09.srcs/sources_1/new/top_control_fpga.v" into library xil_defaultlib
INFO: [VRFC 10-311] analyzing module top_control_fpga
INFO: [USF-XSim-69] 'compile' step finished in '1' seconds
INFO: [USF-XSim-3] XSim::Elaborate design
INFO: [USF-XSim-61] Executing 'ELABORATE' step in 'C:/Users/hira6/Downloads/lab-09/lab-09/lab-09.sim/sim_1/behav/xsim'
"xelab -wto 725e7323d6144b618727ac733475e42f --incr --debug typical --relax --mt 2 -L xil_defaultlib -L unisims_ver -L unimacro_ver -L secureip --snapshot control_tb_behav xil_defaultlib.control_tb xil_defaultlib.glbl -log elaborate.log"
Vivado Simulator 2020.1
Copyright 1986-1999, 2001-2020 Xilinx, Inc. All Rights Reserved.
Running: C:/Xilinx/Vivado/2020.1/bin/unwrapped/win64.o/xelab.exe -wto 725e7323d6144b618727ac733475e42f --incr --debug typical --relax --mt 2 -L xil_defaultlib -L unisims_ver -L unimacro_ver -L secureip --snapshot control_tb_behav xil_defaultlib.control_tb xil_defaultlib.glbl -log elaborate.log 
Using 2 slave threads.
Starting static elaboration
Pass Through NonSizing Optimizer
ERROR: [VRFC 10-2989] 'simple_control_tb' is not declared [C:/Users/hira6/Downloads/lab-09/lab-09/lab-09.srcs/sim_1/new/control_tb.v:39]
ERROR: [XSIM 43-3322] Static elaboration of top level Verilog design unit(s) in library work failed.
INFO: [USF-XSim-69] 'elaborate' step finished in '2' seconds
INFO: [USF-XSim-99] Step results log file:'C:/Users/hira6/Downloads/lab-09/lab-09/lab-09.sim/sim_1/behav/xsim/elaborate.log'
ERROR: [USF-XSim-62] 'elaborate' step failed with error(s). Please check the Tcl console output or 'C:/Users/hira6/Downloads/lab-09/lab-09/lab-09.sim/sim_1/behav/xsim/elaborate.log' file for more information.
ERROR: [Vivado 12-4473] Detected error while running simulation. Please correct the issue and retry this operation.
launch_simulation: Time (s): cpu = 00:00:01 ; elapsed = 00:00:07 . Memory (MB): peak = 4182.672 ; gain = 0.000
ERROR: [Common 17-39] 'launch_simulation' failed due to earlier errors.
launch_simulation
Command: launch_simulation 
INFO: [Vivado 12-5682] Launching behavioral simulation in 'C:/Users/hira6/Downloads/lab-09/lab-09/lab-09.sim/sim_1/behav/xsim'
INFO: [SIM-utils-51] Simulation object is 'sim_1'
INFO: [SIM-utils-54] Inspecting design source files for 'control_tb' in fileset 'sim_1'...
INFO: [USF-XSim-97] Finding global include files...
INFO: [USF-XSim-98] Fetching design files from 'sim_1'...
INFO: [USF-XSim-2] XSim::Compile design
INFO: [USF-XSim-61] Executing 'COMPILE and ANALYZE' step in 'C:/Users/hira6/Downloads/lab-09/lab-09/lab-09.sim/sim_1/behav/xsim'
"xvlog --incr --relax -prj control_tb_vlog.prj"
INFO: [VRFC 10-2263] Analyzing Verilog file "C:/Users/hira6/Downloads/lab-09/lab-09/lab-09.srcs/sources_1/new/ALUControl.v" into library xil_defaultlib
INFO: [VRFC 10-311] analyzing module ALUControl
INFO: [VRFC 10-2263] Analyzing Verilog file "C:/Users/hira6/Downloads/lab-09/lab-09/lab-09.srcs/sources_1/new/MainControl.v" into library xil_defaultlib
INFO: [VRFC 10-311] analyzing module MainControl
INFO: [VRFC 10-2263] Analyzing Verilog file "C:/Users/hira6/Downloads/lab-09/lab-09/lab-09.srcs/sim_1/new/control_tb.v" into library xil_defaultlib
INFO: [VRFC 10-311] analyzing module control_tb
INFO: [USF-XSim-69] 'compile' step finished in '2' seconds
INFO: [USF-XSim-3] XSim::Elaborate design
INFO: [USF-XSim-61] Executing 'ELABORATE' step in 'C:/Users/hira6/Downloads/lab-09/lab-09/lab-09.sim/sim_1/behav/xsim'
"xelab -wto 725e7323d6144b618727ac733475e42f --incr --debug typical --relax --mt 2 -L xil_defaultlib -L unisims_ver -L unimacro_ver -L secureip --snapshot control_tb_behav xil_defaultlib.control_tb xil_defaultlib.glbl -log elaborate.log"
Vivado Simulator 2020.1
Copyright 1986-1999, 2001-2020 Xilinx, Inc. All Rights Reserved.
Running: C:/Xilinx/Vivado/2020.1/bin/unwrapped/win64.o/xelab.exe -wto 725e7323d6144b618727ac733475e42f --incr --debug typical --relax --mt 2 -L xil_defaultlib -L unisims_ver -L unimacro_ver -L secureip --snapshot control_tb_behav xil_defaultlib.control_tb xil_defaultlib.glbl -log elaborate.log 
Using 2 slave threads.
Starting static elaboration
Pass Through NonSizing Optimizer
Completed static elaboration
Starting simulation data flow analysis
Completed simulation data flow analysis
Time Resolution for simulation is 1ps
Compiling module xil_defaultlib.MainControl
Compiling module xil_defaultlib.ALUControl
Compiling module xil_defaultlib.control_tb
Compiling module xil_defaultlib.glbl
Built simulation snapshot control_tb_behav
INFO: [USF-XSim-69] 'elaborate' step finished in '2' seconds
INFO: [USF-XSim-4] XSim::Simulate design
INFO: [USF-XSim-61] Executing 'SIMULATE' step in 'C:/Users/hira6/Downloads/lab-09/lab-09/lab-09.sim/sim_1/behav/xsim'
INFO: [USF-XSim-98] *** Running xsim
   with args "control_tb_behav -key {Behavioral:sim_1:Functional:control_tb} -tclbatch {control_tb.tcl} -log {simulate.log}"
INFO: [USF-XSim-8] Loading simulator feature
Vivado Simulator 2020.1
Time resolution is 1 ps
source control_tb.tcl
# set curr_wave [current_wave_config]
# if { [string length $curr_wave] == 0 } {
#   if { [llength [get_objects]] > 0} {
#     add_wave /
#     set_property needs_save false [current_wave_config]
#   } else {
#      send_msg_id Add_Wave-1 WARNING "No top level signals found. Simulator will start without a wave window. If you want to open a wave window go to 'File->New Waveform Configuration' or type 'create_wave_config' in the TCL console."
#   }
# }
# run 1000ns
Instr | opcode  funct3 funct7 | RegWrite ALUOp MemRead MemWrite ALUSrc MemtoReg Branch ALUControl
-------------------------------------------------------------------------------
ADD   | 0110011 000 0000000 | 1 10 0 0 0 0 0 0010
SUB   | 0110011 000 0100000 | 1 10 0 0 0 0 0 0110
SLL   | 0110011 001 0000000 | 1 10 0 0 0 0 0 0100
SRL   | 0110011 101 0000000 | 1 10 0 0 0 0 0 0101
AND   | 0110011 111 0000000 | 1 10 0 0 0 0 0 0000
OR    | 0110011 110 0000000 | 1 10 0 0 0 0 0 0001
XOR   | 0110011 100 0000000 | 1 10 0 0 0 0 0 0011
ADDI  | 0010011 000 0000000 | 1 10 0 0 1 0 0 0010
LW    | 0000011 010 0000000 | 1 00 1 0 1 1 0 0010
LH    | 0000011 001 0000000 | 1 00 1 0 1 1 0 0010
LB    | 0000011 000 0000000 | 1 00 1 0 1 1 0 0010
SW    | 0100011 010 0000000 | 0 00 0 1 1 0 0 0010
SH    | 0100011 001 0000000 | 0 00 0 1 1 0 0 0010
SB    | 0100011 000 0000000 | 0 00 0 1 1 0 0 0010
BEQ   | 1100011 000 0000000 | 0 01 0 0 0 0 1 0110
$finish called at time : 150 ns : File "C:/Users/hira6/Downloads/lab-09/lab-09/lab-09.srcs/sim_1/new/control_tb.v" Line 113
xsim: Time (s): cpu = 00:00:04 ; elapsed = 00:00:09 . Memory (MB): peak = 4182.672 ; gain = 0.000
INFO: [USF-XSim-96] XSim completed. Design snapshot 'control_tb_behav' loaded.
INFO: [USF-XSim-97] XSim simulation ran for 1000ns
launch_simulation: Time (s): cpu = 00:00:04 ; elapsed = 00:00:13 . Memory (MB): peak = 4182.672 ; gain = 0.000
close_sim
INFO: [Simtcl 6-16] Simulation closed
launch_simulation
Command: launch_simulation 
INFO: [Vivado 12-5682] Launching behavioral simulation in 'C:/Users/hira6/Downloads/lab-09/lab-09/lab-09.sim/sim_1/behav/xsim'
INFO: [SIM-utils-51] Simulation object is 'sim_1'
INFO: [SIM-utils-54] Inspecting design source files for 'control_tb' in fileset 'sim_1'...
INFO: [USF-XSim-97] Finding global include files...
INFO: [USF-XSim-98] Fetching design files from 'sim_1'...
INFO: [USF-XSim-2] XSim::Compile design
INFO: [USF-XSim-61] Executing 'COMPILE and ANALYZE' step in 'C:/Users/hira6/Downloads/lab-09/lab-09/lab-09.sim/sim_1/behav/xsim'
"xvlog --incr --relax -prj control_tb_vlog.prj"
INFO: [VRFC 10-2263] Analyzing Verilog file "C:/Users/hira6/Downloads/lab-09/lab-09/lab-09.srcs/sources_1/new/ALUControl.v" into library xil_defaultlib
INFO: [VRFC 10-311] analyzing module ALUControl
INFO: [VRFC 10-2263] Analyzing Verilog file "C:/Users/hira6/Downloads/lab-09/lab-09/lab-09.srcs/sources_1/new/MainControl.v" into library xil_defaultlib
INFO: [VRFC 10-311] analyzing module MainControl
INFO: [VRFC 10-2263] Analyzing Verilog file "C:/Users/hira6/Downloads/lab-09/lab-09/lab-09.srcs/sim_1/new/control_tb.v" into library xil_defaultlib
INFO: [VRFC 10-311] analyzing module control_tb
INFO: [USF-XSim-69] 'compile' step finished in '3' seconds
INFO: [USF-XSim-3] XSim::Elaborate design
INFO: [USF-XSim-61] Executing 'ELABORATE' step in 'C:/Users/hira6/Downloads/lab-09/lab-09/lab-09.sim/sim_1/behav/xsim'
"xelab -wto 725e7323d6144b618727ac733475e42f --incr --debug typical --relax --mt 2 -L xil_defaultlib -L unisims_ver -L unimacro_ver -L secureip --snapshot control_tb_behav xil_defaultlib.control_tb xil_defaultlib.glbl -log elaborate.log"
Vivado Simulator 2020.1
Copyright 1986-1999, 2001-2020 Xilinx, Inc. All Rights Reserved.
Running: C:/Xilinx/Vivado/2020.1/bin/unwrapped/win64.o/xelab.exe -wto 725e7323d6144b618727ac733475e42f --incr --debug typical --relax --mt 2 -L xil_defaultlib -L unisims_ver -L unimacro_ver -L secureip --snapshot control_tb_behav xil_defaultlib.control_tb xil_defaultlib.glbl -log elaborate.log 
Using 2 slave threads.
Starting static elaboration
Pass Through NonSizing Optimizer
Completed static elaboration
Starting simulation data flow analysis
Completed simulation data flow analysis
Time Resolution for simulation is 1ps
Compiling module xil_defaultlib.MainControl
Compiling module xil_defaultlib.ALUControl
Compiling module xil_defaultlib.control_tb
Compiling module xil_defaultlib.glbl
Built simulation snapshot control_tb_behav
INFO: [USF-XSim-69] 'elaborate' step finished in '2' seconds
INFO: [USF-XSim-4] XSim::Simulate design
INFO: [USF-XSim-61] Executing 'SIMULATE' step in 'C:/Users/hira6/Downloads/lab-09/lab-09/lab-09.sim/sim_1/behav/xsim'
INFO: [USF-XSim-98] *** Running xsim
   with args "control_tb_behav -key {Behavioral:sim_1:Functional:control_tb} -tclbatch {control_tb.tcl} -log {simulate.log}"
INFO: [USF-XSim-8] Loading simulator feature
Vivado Simulator 2020.1
Time resolution is 1 ps
source control_tb.tcl
# set curr_wave [current_wave_config]
# if { [string length $curr_wave] == 0 } {
#   if { [llength [get_objects]] > 0} {
#     add_wave /
#     set_property needs_save false [current_wave_config]
#   } else {
#      send_msg_id Add_Wave-1 WARNING "No top level signals found. Simulator will start without a wave window. If you want to open a wave window go to 'File->New Waveform Configuration' or type 'create_wave_config' in the TCL console."
#   }
# }
# run 1000ns
Instr | opcode  funct3 funct7 | RegWrite ALUOp MemRead MemWrite ALUSrc MemtoReg Branch ALUControl
-------------------------------------------------------------------------------
ADD   | 0110011 000 0000000 | 1 10 0 0 0 0 0 0010
SUB   | 0110011 000 0100000 | 1 10 0 0 0 0 0 0110
SLL   | 0110011 001 0000000 | 1 10 0 0 0 0 0 0100
SRL   | 0110011 101 0000000 | 1 10 0 0 0 0 0 0101
AND   | 0110011 111 0000000 | 1 10 0 0 0 0 0 0000
OR    | 0110011 110 0000000 | 1 10 0 0 0 0 0 0001
XOR   | 0110011 100 0000000 | 1 10 0 0 0 0 0 0011
ADDI  | 0010011 000 0000000 | 1 10 0 0 1 0 0 0010
LW    | 0000011 010 0000000 | 1 00 1 0 1 1 0 0010
LH    | 0000011 001 0000000 | 1 00 1 0 1 1 0 0010
LB    | 0000011 000 0000000 | 1 00 1 0 1 1 0 0010
SW    | 0100011 010 0000000 | 0 00 0 1 1 0 0 0010
SH    | 0100011 001 0000000 | 0 00 0 1 1 0 0 0010
SB    | 0100011 000 0000000 | 0 00 0 1 1 0 0 0010
BEQ   | 1100011 000 0000000 | 0 01 0 0 0 0 1 0110
UNK   | 1111111 000 0000000 | 0 00 0 0 0 0 0 0010
$finish called at time : 160 ns : File "C:/Users/hira6/Downloads/lab-09/lab-09/lab-09.srcs/sim_1/new/control_tb.v" Line 117
INFO: [USF-XSim-96] XSim completed. Design snapshot 'control_tb_behav' loaded.
INFO: [USF-XSim-97] XSim simulation ran for 1000ns
launch_simulation: Time (s): cpu = 00:00:02 ; elapsed = 00:00:08 . Memory (MB): peak = 4182.672 ; gain = 0.000
close [ open C:/Users/hira6/Downloads/lab-09/lab-09/lab-09.srcs/constrs_1/new/lab09.xdc w ]
add_files -fileset constrs_1 C:/Users/hira6/Downloads/lab-09/lab-09/lab-09.srcs/constrs_1/new/lab09.xdc
export_ip_user_files -of_objects  [get_files C:/Users/hira6/Downloads/lab-09/lab-09/lab-09.srcs/constrs_1/new/conts.xdc] -no_script -reset -force -quiet
remove_files  -fileset constrs_1 C:/Users/hira6/Downloads/lab-09/lab-09/lab-09.srcs/constrs_1/new/conts.xdc
