Copyright 1986-2020 Xilinx, Inc. All Rights Reserved.
-----------------------------------------------------------------------------------------------------------------------------------------------------------------------------------------------
| Tool Version : Vivado v.2020.1 (win64) Build 2902540 Wed May 27 19:54:49 MDT 2020
| Date         : Tue Feb 17 13:04:32 2026
| Host         : HU-DOPX-ML20 running 64-bit major release  (build 9200)
| Command      : report_timing_summary -max_paths 10 -file lab5_top_timing_summary_routed.rpt -pb lab5_top_timing_summary_routed.pb -rpx lab5_top_timing_summary_routed.rpx -warn_on_violation
| Design       : lab5_top
| Device       : 7a35t-cpg236
| Speed File   : -1  PRODUCTION 1.23 2018-06-13
-----------------------------------------------------------------------------------------------------------------------------------------------------------------------------------------------

Timing Summary Report

------------------------------------------------------------------------------------------------
| Timer Settings
| --------------
------------------------------------------------------------------------------------------------

  Enable Multi Corner Analysis               :  Yes
  Enable Pessimism Removal                   :  Yes
  Pessimism Removal Resolution               :  Nearest Common Node
  Enable Input Delay Default Clock           :  No
  Enable Preset / Clear Arcs                 :  No
  Disable Flight Delays                      :  No
  Ignore I/O Paths                           :  No
  Timing Early Launch at Borrowing Latches   :  No
  Borrow Time for Max Delay Exceptions       :  Yes
  Merge Timing Exceptions                    :  Yes

  Corner  Analyze    Analyze    
  Name    Max Paths  Min Paths  
  ------  ---------  ---------  
  Slow    Yes        Yes        
  Fast    Yes        Yes        



check_timing report

Table of Contents
-----------------
1. checking no_clock (0)
2. checking constant_clock (0)
3. checking pulse_width_clock (0)
4. checking unconstrained_internal_endpoints (0)
5. checking no_input_delay (17)
6. checking no_output_delay (25)
7. checking multiple_clock (0)
8. checking generated_clocks (0)
9. checking loops (0)
10. checking partial_input_delay (0)
11. checking partial_output_delay (0)
12. checking latch_loops (0)

1. checking no_clock (0)
------------------------
 There are 0 register/latch pins with no clock.


2. checking constant_clock (0)
------------------------------
 There are 0 register/latch pins with constant_clock.


3. checking pulse_width_clock (0)
---------------------------------
 There are 0 register/latch pins which need pulse_width check


4. checking unconstrained_internal_endpoints (0)
------------------------------------------------
 There are 0 pins that are not constrained for maximum delay.

 There are 0 pins that are not constrained for maximum delay due to constant clock.


5. checking no_input_delay (17)
-------------------------------
 There are 17 input ports with no input delay specified. (HIGH)

 There are 0 input ports with no input delay but user has a false path constraint.


6. checking no_output_delay (25)
--------------------------------
 There are 25 ports with no output delay specified. (HIGH)

 There are 0 ports with no output delay but user has a false path constraint

 There are 0 ports with no output delay but with a timing clock defined on it or propagating through it


7. checking multiple_clock (0)
------------------------------
 There are 0 register/latch pins with multiple clocks.


8. checking generated_clocks (0)
--------------------------------
 There are 0 generated clocks that are not connected to a clock source.


9. checking loops (0)
---------------------
 There are 0 combinational loops in the design.


10. checking partial_input_delay (0)
------------------------------------
 There are 0 input ports with partial input delay specified.


11. checking partial_output_delay (0)
-------------------------------------
 There are 0 ports with partial output delay specified.


12. checking latch_loops (0)
----------------------------
 There are 0 combinational latch loops in the design through latch input



------------------------------------------------------------------------------------------------
| Design Timing Summary
| ---------------------
------------------------------------------------------------------------------------------------

    WNS(ns)      TNS(ns)  TNS Failing Endpoints  TNS Total Endpoints      WHS(ns)      THS(ns)  THS Failing Endpoints  THS Total Endpoints     WPWS(ns)     TPWS(ns)  TPWS Failing Endpoints  TPWS Total Endpoints  
    -------      -------  ---------------------  -------------------      -------      -------  ---------------------  -------------------     --------     --------  ----------------------  --------------------  
      5.077        0.000                      0                  109        0.254        0.000                      0                  109        4.500        0.000                       0                    67  


All user specified timing constraints are met.


------------------------------------------------------------------------------------------------
| Clock Summary
| -------------
------------------------------------------------------------------------------------------------

Clock    Waveform(ns)       Period(ns)      Frequency(MHz)
-----    ------------       ----------      --------------
sys_clk  {0.000 5.000}      10.000          100.000         


------------------------------------------------------------------------------------------------
| Intra Clock Table
| -----------------
------------------------------------------------------------------------------------------------

Clock             WNS(ns)      TNS(ns)  TNS Failing Endpoints  TNS Total Endpoints      WHS(ns)      THS(ns)  THS Failing Endpoints  THS Total Endpoints     WPWS(ns)     TPWS(ns)  TPWS Failing Endpoints  TPWS Total Endpoints  
-----             -------      -------  ---------------------  -------------------      -------      -------  ---------------------  -------------------     --------     --------  ----------------------  --------------------  
sys_clk             5.077        0.000                      0                  109        0.254        0.000                      0                  109        4.500        0.000                       0                    67  


------------------------------------------------------------------------------------------------
| Inter Clock Table
| -----------------
------------------------------------------------------------------------------------------------

From Clock    To Clock          WNS(ns)      TNS(ns)  TNS Failing Endpoints  TNS Total Endpoints      WHS(ns)      THS(ns)  THS Failing Endpoints  THS Total Endpoints  
----------    --------          -------      -------  ---------------------  -------------------      -------      -------  ---------------------  -------------------  


------------------------------------------------------------------------------------------------
| Other Path Groups Table
| -----------------------
------------------------------------------------------------------------------------------------

Path Group    From Clock    To Clock          WNS(ns)      TNS(ns)  TNS Failing Endpoints  TNS Total Endpoints      WHS(ns)      THS(ns)  THS Failing Endpoints  THS Total Endpoints  
----------    ----------    --------          -------      -------  ---------------------  -------------------      -------      -------  ---------------------  -------------------  


------------------------------------------------------------------------------------------------
| Timing Details
| --------------
------------------------------------------------------------------------------------------------


---------------------------------------------------------------------------------------------------
From Clock:  sys_clk
  To Clock:  sys_clk

Setup :            0  Failing Endpoints,  Worst Slack        5.077ns,  Total Violation        0.000ns
Hold  :            0  Failing Endpoints,  Worst Slack        0.254ns,  Total Violation        0.000ns
PW    :            0  Failing Endpoints,  Worst Slack        4.500ns,  Total Violation        0.000ns
---------------------------------------------------------------------------------------------------


Max Delay Paths
--------------------------------------------------------------------------------------
Slack (MET) :             5.077ns  (required time - arrival time)
  Source:                 fsm/sec_counter_reg[15]/C
                            (rising edge-triggered cell FDCE clocked by sys_clk  {rise@0.000ns fall@5.000ns period=10.000ns})
  Destination:            fsm/count_reg_reg[0]/CE
                            (rising edge-triggered cell FDCE clocked by sys_clk  {rise@0.000ns fall@5.000ns period=10.000ns})
  Path Group:             sys_clk
  Path Type:              Setup (Max at Slow Process Corner)
  Requirement:            10.000ns  (sys_clk rise@10.000ns - sys_clk rise@0.000ns)
  Data Path Delay:        4.648ns  (logic 1.145ns (24.636%)  route 3.503ns (75.364%))
  Logic Levels:           4  (LUT5=1 LUT6=3)
  Clock Path Skew:        -0.035ns (DCD - SCD + CPR)
    Destination Clock Delay (DCD):    4.848ns = ( 14.848 - 10.000 ) 
    Source Clock Delay      (SCD):    5.143ns
    Clock Pessimism Removal (CPR):    0.260ns
  Clock Uncertainty:      0.035ns  ((TSJ^2 + TIJ^2)^1/2 + DJ) / 2 + PE
    Total System Jitter     (TSJ):    0.071ns
    Total Input Jitter      (TIJ):    0.000ns
    Discrete Jitter          (DJ):    0.000ns
    Phase Error              (PE):    0.000ns

    Location             Delay type                Incr(ns)  Path(ns)    Netlist Resource(s)
  -------------------------------------------------------------------    -------------------
                         (clock sys_clk rise edge)    0.000     0.000 r  
    W5                                                0.000     0.000 r  clk (IN)
                         net (fo=0)                   0.000     0.000    clk
    W5                   IBUF (Prop_ibuf_I_O)         1.458     1.458 r  clk_IBUF_inst/O
                         net (fo=1, routed)           1.967     3.425    clk_IBUF
    BUFGCTRL_X0Y0        BUFG (Prop_bufg_I_O)         0.096     3.521 r  clk_IBUF_BUFG_inst/O
                         net (fo=66, routed)          1.622     5.143    fsm/CLK
    SLICE_X6Y29          FDCE                                         r  fsm/sec_counter_reg[15]/C
  -------------------------------------------------------------------    -------------------
    SLICE_X6Y29          FDCE (Prop_fdce_C_Q)         0.478     5.621 r  fsm/sec_counter_reg[15]/Q
                         net (fo=2, routed)           1.141     6.762    fsm/sec_counter[15]
    SLICE_X6Y29          LUT6 (Prop_lut6_I2_O)        0.295     7.057 r  fsm/FSM_onehot_state[2]_i_14/O
                         net (fo=1, routed)           0.666     7.723    fsm/FSM_onehot_state[2]_i_14_n_0
    SLICE_X6Y26          LUT6 (Prop_lut6_I5_O)        0.124     7.847 r  fsm/FSM_onehot_state[2]_i_9/O
                         net (fo=1, routed)           0.302     8.149    fsm/FSM_onehot_state[2]_i_9_n_0
    SLICE_X6Y27          LUT6 (Prop_lut6_I5_O)        0.124     8.273 r  fsm/FSM_onehot_state[2]_i_3/O
                         net (fo=31, routed)          0.747     9.020    fsm/one_sec__25
    SLICE_X4Y29          LUT5 (Prop_lut5_I2_O)        0.124     9.144 r  fsm/count_reg[15]_i_1/O
                         net (fo=16, routed)          0.647     9.791    fsm/count_reg[15]_i_1_n_0
    SLICE_X3Y28          FDCE                                         r  fsm/count_reg_reg[0]/CE
  -------------------------------------------------------------------    -------------------

                         (clock sys_clk rise edge)   10.000    10.000 r  
    W5                                                0.000    10.000 r  clk (IN)
                         net (fo=0)                   0.000    10.000    clk
    W5                   IBUF (Prop_ibuf_I_O)         1.388    11.388 r  clk_IBUF_inst/O
                         net (fo=1, routed)           1.862    13.250    clk_IBUF
    BUFGCTRL_X0Y0        BUFG (Prop_bufg_I_O)         0.091    13.341 r  clk_IBUF_BUFG_inst/O
                         net (fo=66, routed)          1.507    14.848    fsm/CLK
    SLICE_X3Y28          FDCE                                         r  fsm/count_reg_reg[0]/C
                         clock pessimism              0.260    15.108    
                         clock uncertainty           -0.035    15.073    
    SLICE_X3Y28          FDCE (Setup_fdce_C_CE)      -0.205    14.868    fsm/count_reg_reg[0]
  -------------------------------------------------------------------
                         required time                         14.868    
                         arrival time                          -9.791    
  -------------------------------------------------------------------
                         slack                                  5.077    

Slack (MET) :             5.077ns  (required time - arrival time)
  Source:                 fsm/sec_counter_reg[15]/C
                            (rising edge-triggered cell FDCE clocked by sys_clk  {rise@0.000ns fall@5.000ns period=10.000ns})
  Destination:            fsm/count_reg_reg[2]/CE
                            (rising edge-triggered cell FDCE clocked by sys_clk  {rise@0.000ns fall@5.000ns period=10.000ns})
  Path Group:             sys_clk
  Path Type:              Setup (Max at Slow Process Corner)
  Requirement:            10.000ns  (sys_clk rise@10.000ns - sys_clk rise@0.000ns)
  Data Path Delay:        4.648ns  (logic 1.145ns (24.636%)  route 3.503ns (75.364%))
  Logic Levels:           4  (LUT5=1 LUT6=3)
  Clock Path Skew:        -0.035ns (DCD - SCD + CPR)
    Destination Clock Delay (DCD):    4.848ns = ( 14.848 - 10.000 ) 
    Source Clock Delay      (SCD):    5.143ns
    Clock Pessimism Removal (CPR):    0.260ns
  Clock Uncertainty:      0.035ns  ((TSJ^2 + TIJ^2)^1/2 + DJ) / 2 + PE
    Total System Jitter     (TSJ):    0.071ns
    Total Input Jitter      (TIJ):    0.000ns
    Discrete Jitter          (DJ):    0.000ns
    Phase Error              (PE):    0.000ns

    Location             Delay type                Incr(ns)  Path(ns)    Netlist Resource(s)
  -------------------------------------------------------------------    -------------------
                         (clock sys_clk rise edge)    0.000     0.000 r  
    W5                                                0.000     0.000 r  clk (IN)
                         net (fo=0)                   0.000     0.000    clk
    W5                   IBUF (Prop_ibuf_I_O)         1.458     1.458 r  clk_IBUF_inst/O
                         net (fo=1, routed)           1.967     3.425    clk_IBUF
    BUFGCTRL_X0Y0        BUFG (Prop_bufg_I_O)         0.096     3.521 r  clk_IBUF_BUFG_inst/O
                         net (fo=66, routed)          1.622     5.143    fsm/CLK
    SLICE_X6Y29          FDCE                                         r  fsm/sec_counter_reg[15]/C
  -------------------------------------------------------------------    -------------------
    SLICE_X6Y29          FDCE (Prop_fdce_C_Q)         0.478     5.621 r  fsm/sec_counter_reg[15]/Q
                         net (fo=2, routed)           1.141     6.762    fsm/sec_counter[15]
    SLICE_X6Y29          LUT6 (Prop_lut6_I2_O)        0.295     7.057 r  fsm/FSM_onehot_state[2]_i_14/O
                         net (fo=1, routed)           0.666     7.723    fsm/FSM_onehot_state[2]_i_14_n_0
    SLICE_X6Y26          LUT6 (Prop_lut6_I5_O)        0.124     7.847 r  fsm/FSM_onehot_state[2]_i_9/O
                         net (fo=1, routed)           0.302     8.149    fsm/FSM_onehot_state[2]_i_9_n_0
    SLICE_X6Y27          LUT6 (Prop_lut6_I5_O)        0.124     8.273 r  fsm/FSM_onehot_state[2]_i_3/O
                         net (fo=31, routed)          0.747     9.020    fsm/one_sec__25
    SLICE_X4Y29          LUT5 (Prop_lut5_I2_O)        0.124     9.144 r  fsm/count_reg[15]_i_1/O
                         net (fo=16, routed)          0.647     9.791    fsm/count_reg[15]_i_1_n_0
    SLICE_X3Y28          FDCE                                         r  fsm/count_reg_reg[2]/CE
  -------------------------------------------------------------------    -------------------

                         (clock sys_clk rise edge)   10.000    10.000 r  
    W5                                                0.000    10.000 r  clk (IN)
                         net (fo=0)                   0.000    10.000    clk
    W5                   IBUF (Prop_ibuf_I_O)         1.388    11.388 r  clk_IBUF_inst/O
                         net (fo=1, routed)           1.862    13.250    clk_IBUF
    BUFGCTRL_X0Y0        BUFG (Prop_bufg_I_O)         0.091    13.341 r  clk_IBUF_BUFG_inst/O
                         net (fo=66, routed)          1.507    14.848    fsm/CLK
    SLICE_X3Y28          FDCE                                         r  fsm/count_reg_reg[2]/C
                         clock pessimism              0.260    15.108    
                         clock uncertainty           -0.035    15.073    
    SLICE_X3Y28          FDCE (Setup_fdce_C_CE)      -0.205    14.868    fsm/count_reg_reg[2]
  -------------------------------------------------------------------
                         required time                         14.868    
                         arrival time                          -9.791    
  -------------------------------------------------------------------
                         slack                                  5.077    

Slack (MET) :             5.082ns  (required time - arrival time)
  Source:                 fsm/sec_counter_reg[15]/C
                            (rising edge-triggered cell FDCE clocked by sys_clk  {rise@0.000ns fall@5.000ns period=10.000ns})
  Destination:            fsm/count_reg_reg[10]/CE
                            (rising edge-triggered cell FDCE clocked by sys_clk  {rise@0.000ns fall@5.000ns period=10.000ns})
  Path Group:             sys_clk
  Path Type:              Setup (Max at Slow Process Corner)
  Requirement:            10.000ns  (sys_clk rise@10.000ns - sys_clk rise@0.000ns)
  Data Path Delay:        4.659ns  (logic 1.145ns (24.579%)  route 3.514ns (75.421%))
  Logic Levels:           4  (LUT5=1 LUT6=3)
  Clock Path Skew:        -0.019ns (DCD - SCD + CPR)
    Destination Clock Delay (DCD):    4.851ns = ( 14.851 - 10.000 ) 
    Source Clock Delay      (SCD):    5.143ns
    Clock Pessimism Removal (CPR):    0.273ns
  Clock Uncertainty:      0.035ns  ((TSJ^2 + TIJ^2)^1/2 + DJ) / 2 + PE
    Total System Jitter     (TSJ):    0.071ns
    Total Input Jitter      (TIJ):    0.000ns
    Discrete Jitter          (DJ):    0.000ns
    Phase Error              (PE):    0.000ns

    Location             Delay type                Incr(ns)  Path(ns)    Netlist Resource(s)
  -------------------------------------------------------------------    -------------------
                         (clock sys_clk rise edge)    0.000     0.000 r  
    W5                                                0.000     0.000 r  clk (IN)
                         net (fo=0)                   0.000     0.000    clk
    W5                   IBUF (Prop_ibuf_I_O)         1.458     1.458 r  clk_IBUF_inst/O
                         net (fo=1, routed)           1.967     3.425    clk_IBUF
    BUFGCTRL_X0Y0        BUFG (Prop_bufg_I_O)         0.096     3.521 r  clk_IBUF_BUFG_inst/O
                         net (fo=66, routed)          1.622     5.143    fsm/CLK
    SLICE_X6Y29          FDCE                                         r  fsm/sec_counter_reg[15]/C
  -------------------------------------------------------------------    -------------------
    SLICE_X6Y29          FDCE (Prop_fdce_C_Q)         0.478     5.621 r  fsm/sec_counter_reg[15]/Q
                         net (fo=2, routed)           1.141     6.762    fsm/sec_counter[15]
    SLICE_X6Y29          LUT6 (Prop_lut6_I2_O)        0.295     7.057 r  fsm/FSM_onehot_state[2]_i_14/O
                         net (fo=1, routed)           0.666     7.723    fsm/FSM_onehot_state[2]_i_14_n_0
    SLICE_X6Y26          LUT6 (Prop_lut6_I5_O)        0.124     7.847 r  fsm/FSM_onehot_state[2]_i_9/O
                         net (fo=1, routed)           0.302     8.149    fsm/FSM_onehot_state[2]_i_9_n_0
    SLICE_X6Y27          LUT6 (Prop_lut6_I5_O)        0.124     8.273 r  fsm/FSM_onehot_state[2]_i_3/O
                         net (fo=31, routed)          0.747     9.020    fsm/one_sec__25
    SLICE_X4Y29          LUT5 (Prop_lut5_I2_O)        0.124     9.144 r  fsm/count_reg[15]_i_1/O
                         net (fo=16, routed)          0.658     9.802    fsm/count_reg[15]_i_1_n_0
    SLICE_X5Y33          FDCE                                         r  fsm/count_reg_reg[10]/CE
  -------------------------------------------------------------------    -------------------

                         (clock sys_clk rise edge)   10.000    10.000 r  
    W5                                                0.000    10.000 r  clk (IN)
                         net (fo=0)                   0.000    10.000    clk
    W5                   IBUF (Prop_ibuf_I_O)         1.388    11.388 r  clk_IBUF_inst/O
                         net (fo=1, routed)           1.862    13.250    clk_IBUF
    BUFGCTRL_X0Y0        BUFG (Prop_bufg_I_O)         0.091    13.341 r  clk_IBUF_BUFG_inst/O
                         net (fo=66, routed)          1.510    14.851    fsm/CLK
    SLICE_X5Y33          FDCE                                         r  fsm/count_reg_reg[10]/C
                         clock pessimism              0.273    15.124    
                         clock uncertainty           -0.035    15.089    
    SLICE_X5Y33          FDCE (Setup_fdce_C_CE)      -0.205    14.884    fsm/count_reg_reg[10]
  -------------------------------------------------------------------
                         required time                         14.884    
                         arrival time                          -9.802    
  -------------------------------------------------------------------
                         slack                                  5.082    

Slack (MET) :             5.082ns  (required time - arrival time)
  Source:                 fsm/sec_counter_reg[15]/C
                            (rising edge-triggered cell FDCE clocked by sys_clk  {rise@0.000ns fall@5.000ns period=10.000ns})
  Destination:            fsm/count_reg_reg[11]/CE
                            (rising edge-triggered cell FDCE clocked by sys_clk  {rise@0.000ns fall@5.000ns period=10.000ns})
  Path Group:             sys_clk
  Path Type:              Setup (Max at Slow Process Corner)
  Requirement:            10.000ns  (sys_clk rise@10.000ns - sys_clk rise@0.000ns)
  Data Path Delay:        4.659ns  (logic 1.145ns (24.579%)  route 3.514ns (75.421%))
  Logic Levels:           4  (LUT5=1 LUT6=3)
  Clock Path Skew:        -0.019ns (DCD - SCD + CPR)
    Destination Clock Delay (DCD):    4.851ns = ( 14.851 - 10.000 ) 
    Source Clock Delay      (SCD):    5.143ns
    Clock Pessimism Removal (CPR):    0.273ns
  Clock Uncertainty:      0.035ns  ((TSJ^2 + TIJ^2)^1/2 + DJ) / 2 + PE
    Total System Jitter     (TSJ):    0.071ns
    Total Input Jitter      (TIJ):    0.000ns
    Discrete Jitter          (DJ):    0.000ns
    Phase Error              (PE):    0.000ns

    Location             Delay type                Incr(ns)  Path(ns)    Netlist Resource(s)
  -------------------------------------------------------------------    -------------------
                         (clock sys_clk rise edge)    0.000     0.000 r  
    W5                                                0.000     0.000 r  clk (IN)
                         net (fo=0)                   0.000     0.000    clk
    W5                   IBUF (Prop_ibuf_I_O)         1.458     1.458 r  clk_IBUF_inst/O
                         net (fo=1, routed)           1.967     3.425    clk_IBUF
    BUFGCTRL_X0Y0        BUFG (Prop_bufg_I_O)         0.096     3.521 r  clk_IBUF_BUFG_inst/O
                         net (fo=66, routed)          1.622     5.143    fsm/CLK
    SLICE_X6Y29          FDCE                                         r  fsm/sec_counter_reg[15]/C
  -------------------------------------------------------------------    -------------------
    SLICE_X6Y29          FDCE (Prop_fdce_C_Q)         0.478     5.621 r  fsm/sec_counter_reg[15]/Q
                         net (fo=2, routed)           1.141     6.762    fsm/sec_counter[15]
    SLICE_X6Y29          LUT6 (Prop_lut6_I2_O)        0.295     7.057 r  fsm/FSM_onehot_state[2]_i_14/O
                         net (fo=1, routed)           0.666     7.723    fsm/FSM_onehot_state[2]_i_14_n_0
    SLICE_X6Y26          LUT6 (Prop_lut6_I5_O)        0.124     7.847 r  fsm/FSM_onehot_state[2]_i_9/O
                         net (fo=1, routed)           0.302     8.149    fsm/FSM_onehot_state[2]_i_9_n_0
    SLICE_X6Y27          LUT6 (Prop_lut6_I5_O)        0.124     8.273 r  fsm/FSM_onehot_state[2]_i_3/O
                         net (fo=31, routed)          0.747     9.020    fsm/one_sec__25
    SLICE_X4Y29          LUT5 (Prop_lut5_I2_O)        0.124     9.144 r  fsm/count_reg[15]_i_1/O
                         net (fo=16, routed)          0.658     9.802    fsm/count_reg[15]_i_1_n_0
    SLICE_X5Y33          FDCE                                         r  fsm/count_reg_reg[11]/CE
  -------------------------------------------------------------------    -------------------

                         (clock sys_clk rise edge)   10.000    10.000 r  
    W5                                                0.000    10.000 r  clk (IN)
                         net (fo=0)                   0.000    10.000    clk
    W5                   IBUF (Prop_ibuf_I_O)         1.388    11.388 r  clk_IBUF_inst/O
                         net (fo=1, routed)           1.862    13.250    clk_IBUF
    BUFGCTRL_X0Y0        BUFG (Prop_bufg_I_O)         0.091    13.341 r  clk_IBUF_BUFG_inst/O
                         net (fo=66, routed)          1.510    14.851    fsm/CLK
    SLICE_X5Y33          FDCE                                         r  fsm/count_reg_reg[11]/C
                         clock pessimism              0.273    15.124    
                         clock uncertainty           -0.035    15.089    
    SLICE_X5Y33          FDCE (Setup_fdce_C_CE)      -0.205    14.884    fsm/count_reg_reg[11]
  -------------------------------------------------------------------
                         required time                         14.884    
                         arrival time                          -9.802    
  -------------------------------------------------------------------
                         slack                                  5.082    

Slack (MET) :             5.082ns  (required time - arrival time)
  Source:                 fsm/sec_counter_reg[15]/C
                            (rising edge-triggered cell FDCE clocked by sys_clk  {rise@0.000ns fall@5.000ns period=10.000ns})
  Destination:            fsm/count_reg_reg[12]/CE
                            (rising edge-triggered cell FDCE clocked by sys_clk  {rise@0.000ns fall@5.000ns period=10.000ns})
  Path Group:             sys_clk
  Path Type:              Setup (Max at Slow Process Corner)
  Requirement:            10.000ns  (sys_clk rise@10.000ns - sys_clk rise@0.000ns)
  Data Path Delay:        4.659ns  (logic 1.145ns (24.579%)  route 3.514ns (75.421%))
  Logic Levels:           4  (LUT5=1 LUT6=3)
  Clock Path Skew:        -0.019ns (DCD - SCD + CPR)
    Destination Clock Delay (DCD):    4.851ns = ( 14.851 - 10.000 ) 
    Source Clock Delay      (SCD):    5.143ns
    Clock Pessimism Removal (CPR):    0.273ns
  Clock Uncertainty:      0.035ns  ((TSJ^2 + TIJ^2)^1/2 + DJ) / 2 + PE
    Total System Jitter     (TSJ):    0.071ns
    Total Input Jitter      (TIJ):    0.000ns
    Discrete Jitter          (DJ):    0.000ns
    Phase Error              (PE):    0.000ns

    Location             Delay type                Incr(ns)  Path(ns)    Netlist Resource(s)
  -------------------------------------------------------------------    -------------------
                         (clock sys_clk rise edge)    0.000     0.000 r  
    W5                                                0.000     0.000 r  clk (IN)
                         net (fo=0)                   0.000     0.000    clk
    W5                   IBUF (Prop_ibuf_I_O)         1.458     1.458 r  clk_IBUF_inst/O
                         net (fo=1, routed)           1.967     3.425    clk_IBUF
    BUFGCTRL_X0Y0        BUFG (Prop_bufg_I_O)         0.096     3.521 r  clk_IBUF_BUFG_inst/O
                         net (fo=66, routed)          1.622     5.143    fsm/CLK
    SLICE_X6Y29          FDCE                                         r  fsm/sec_counter_reg[15]/C
  -------------------------------------------------------------------    -------------------
    SLICE_X6Y29          FDCE (Prop_fdce_C_Q)         0.478     5.621 r  fsm/sec_counter_reg[15]/Q
                         net (fo=2, routed)           1.141     6.762    fsm/sec_counter[15]
    SLICE_X6Y29          LUT6 (Prop_lut6_I2_O)        0.295     7.057 r  fsm/FSM_onehot_state[2]_i_14/O
                         net (fo=1, routed)           0.666     7.723    fsm/FSM_onehot_state[2]_i_14_n_0
    SLICE_X6Y26          LUT6 (Prop_lut6_I5_O)        0.124     7.847 r  fsm/FSM_onehot_state[2]_i_9/O
                         net (fo=1, routed)           0.302     8.149    fsm/FSM_onehot_state[2]_i_9_n_0
    SLICE_X6Y27          LUT6 (Prop_lut6_I5_O)        0.124     8.273 r  fsm/FSM_onehot_state[2]_i_3/O
                         net (fo=31, routed)          0.747     9.020    fsm/one_sec__25
    SLICE_X4Y29          LUT5 (Prop_lut5_I2_O)        0.124     9.144 r  fsm/count_reg[15]_i_1/O
                         net (fo=16, routed)          0.658     9.802    fsm/count_reg[15]_i_1_n_0
    SLICE_X5Y33          FDCE                                         r  fsm/count_reg_reg[12]/CE
  -------------------------------------------------------------------    -------------------

                         (clock sys_clk rise edge)   10.000    10.000 r  
    W5                                                0.000    10.000 r  clk (IN)
                         net (fo=0)                   0.000    10.000    clk
    W5                   IBUF (Prop_ibuf_I_O)         1.388    11.388 r  clk_IBUF_inst/O
                         net (fo=1, routed)           1.862    13.250    clk_IBUF
    BUFGCTRL_X0Y0        BUFG (Prop_bufg_I_O)         0.091    13.341 r  clk_IBUF_BUFG_inst/O
                         net (fo=66, routed)          1.510    14.851    fsm/CLK
    SLICE_X5Y33          FDCE                                         r  fsm/count_reg_reg[12]/C
                         clock pessimism              0.273    15.124    
                         clock uncertainty           -0.035    15.089    
    SLICE_X5Y33          FDCE (Setup_fdce_C_CE)      -0.205    14.884    fsm/count_reg_reg[12]
  -------------------------------------------------------------------
                         required time                         14.884    
                         arrival time                          -9.802    
  -------------------------------------------------------------------
                         slack                                  5.082    

Slack (MET) :             5.082ns  (required time - arrival time)
  Source:                 fsm/sec_counter_reg[15]/C
                            (rising edge-triggered cell FDCE clocked by sys_clk  {rise@0.000ns fall@5.000ns period=10.000ns})
  Destination:            fsm/count_reg_reg[13]/CE
                            (rising edge-triggered cell FDCE clocked by sys_clk  {rise@0.000ns fall@5.000ns period=10.000ns})
  Path Group:             sys_clk
  Path Type:              Setup (Max at Slow Process Corner)
  Requirement:            10.000ns  (sys_clk rise@10.000ns - sys_clk rise@0.000ns)
  Data Path Delay:        4.659ns  (logic 1.145ns (24.579%)  route 3.514ns (75.421%))
  Logic Levels:           4  (LUT5=1 LUT6=3)
  Clock Path Skew:        -0.019ns (DCD - SCD + CPR)
    Destination Clock Delay (DCD):    4.851ns = ( 14.851 - 10.000 ) 
    Source Clock Delay      (SCD):    5.143ns
    Clock Pessimism Removal (CPR):    0.273ns
  Clock Uncertainty:      0.035ns  ((TSJ^2 + TIJ^2)^1/2 + DJ) / 2 + PE
    Total System Jitter     (TSJ):    0.071ns
    Total Input Jitter      (TIJ):    0.000ns
    Discrete Jitter          (DJ):    0.000ns
    Phase Error              (PE):    0.000ns

    Location             Delay type                Incr(ns)  Path(ns)    Netlist Resource(s)
  -------------------------------------------------------------------    -------------------
                         (clock sys_clk rise edge)    0.000     0.000 r  
    W5                                                0.000     0.000 r  clk (IN)
                         net (fo=0)                   0.000     0.000    clk
    W5                   IBUF (Prop_ibuf_I_O)         1.458     1.458 r  clk_IBUF_inst/O
                         net (fo=1, routed)           1.967     3.425    clk_IBUF
    BUFGCTRL_X0Y0        BUFG (Prop_bufg_I_O)         0.096     3.521 r  clk_IBUF_BUFG_inst/O
                         net (fo=66, routed)          1.622     5.143    fsm/CLK
    SLICE_X6Y29          FDCE                                         r  fsm/sec_counter_reg[15]/C
  -------------------------------------------------------------------    -------------------
    SLICE_X6Y29          FDCE (Prop_fdce_C_Q)         0.478     5.621 r  fsm/sec_counter_reg[15]/Q
                         net (fo=2, routed)           1.141     6.762    fsm/sec_counter[15]
    SLICE_X6Y29          LUT6 (Prop_lut6_I2_O)        0.295     7.057 r  fsm/FSM_onehot_state[2]_i_14/O
                         net (fo=1, routed)           0.666     7.723    fsm/FSM_onehot_state[2]_i_14_n_0
    SLICE_X6Y26          LUT6 (Prop_lut6_I5_O)        0.124     7.847 r  fsm/FSM_onehot_state[2]_i_9/O
                         net (fo=1, routed)           0.302     8.149    fsm/FSM_onehot_state[2]_i_9_n_0
    SLICE_X6Y27          LUT6 (Prop_lut6_I5_O)        0.124     8.273 r  fsm/FSM_onehot_state[2]_i_3/O
                         net (fo=31, routed)          0.747     9.020    fsm/one_sec__25
    SLICE_X4Y29          LUT5 (Prop_lut5_I2_O)        0.124     9.144 r  fsm/count_reg[15]_i_1/O
                         net (fo=16, routed)          0.658     9.802    fsm/count_reg[15]_i_1_n_0
    SLICE_X5Y33          FDCE                                         r  fsm/count_reg_reg[13]/CE
  -------------------------------------------------------------------    -------------------

                         (clock sys_clk rise edge)   10.000    10.000 r  
    W5                                                0.000    10.000 r  clk (IN)
                         net (fo=0)                   0.000    10.000    clk
    W5                   IBUF (Prop_ibuf_I_O)         1.388    11.388 r  clk_IBUF_inst/O
                         net (fo=1, routed)           1.862    13.250    clk_IBUF
    BUFGCTRL_X0Y0        BUFG (Prop_bufg_I_O)         0.091    13.341 r  clk_IBUF_BUFG_inst/O
                         net (fo=66, routed)          1.510    14.851    fsm/CLK
    SLICE_X5Y33          FDCE                                         r  fsm/count_reg_reg[13]/C
                         clock pessimism              0.273    15.124    
                         clock uncertainty           -0.035    15.089    
    SLICE_X5Y33          FDCE (Setup_fdce_C_CE)      -0.205    14.884    fsm/count_reg_reg[13]
  -------------------------------------------------------------------
                         required time                         14.884    
                         arrival time                          -9.802    
  -------------------------------------------------------------------
                         slack                                  5.082    

Slack (MET) :             5.082ns  (required time - arrival time)
  Source:                 fsm/sec_counter_reg[15]/C
                            (rising edge-triggered cell FDCE clocked by sys_clk  {rise@0.000ns fall@5.000ns period=10.000ns})
  Destination:            fsm/count_reg_reg[14]/CE
                            (rising edge-triggered cell FDCE clocked by sys_clk  {rise@0.000ns fall@5.000ns period=10.000ns})
  Path Group:             sys_clk
  Path Type:              Setup (Max at Slow Process Corner)
  Requirement:            10.000ns  (sys_clk rise@10.000ns - sys_clk rise@0.000ns)
  Data Path Delay:        4.659ns  (logic 1.145ns (24.579%)  route 3.514ns (75.421%))
  Logic Levels:           4  (LUT5=1 LUT6=3)
  Clock Path Skew:        -0.019ns (DCD - SCD + CPR)
    Destination Clock Delay (DCD):    4.851ns = ( 14.851 - 10.000 ) 
    Source Clock Delay      (SCD):    5.143ns
    Clock Pessimism Removal (CPR):    0.273ns
  Clock Uncertainty:      0.035ns  ((TSJ^2 + TIJ^2)^1/2 + DJ) / 2 + PE
    Total System Jitter     (TSJ):    0.071ns
    Total Input Jitter      (TIJ):    0.000ns
    Discrete Jitter          (DJ):    0.000ns
    Phase Error              (PE):    0.000ns

    Location             Delay type                Incr(ns)  Path(ns)    Netlist Resource(s)
  -------------------------------------------------------------------    -------------------
                         (clock sys_clk rise edge)    0.000     0.000 r  
    W5                                                0.000     0.000 r  clk (IN)
                         net (fo=0)                   0.000     0.000    clk
    W5                   IBUF (Prop_ibuf_I_O)         1.458     1.458 r  clk_IBUF_inst/O
                         net (fo=1, routed)           1.967     3.425    clk_IBUF
    BUFGCTRL_X0Y0        BUFG (Prop_bufg_I_O)         0.096     3.521 r  clk_IBUF_BUFG_inst/O
                         net (fo=66, routed)          1.622     5.143    fsm/CLK
    SLICE_X6Y29          FDCE                                         r  fsm/sec_counter_reg[15]/C
  -------------------------------------------------------------------    -------------------
    SLICE_X6Y29          FDCE (Prop_fdce_C_Q)         0.478     5.621 r  fsm/sec_counter_reg[15]/Q
                         net (fo=2, routed)           1.141     6.762    fsm/sec_counter[15]
    SLICE_X6Y29          LUT6 (Prop_lut6_I2_O)        0.295     7.057 r  fsm/FSM_onehot_state[2]_i_14/O
                         net (fo=1, routed)           0.666     7.723    fsm/FSM_onehot_state[2]_i_14_n_0
    SLICE_X6Y26          LUT6 (Prop_lut6_I5_O)        0.124     7.847 r  fsm/FSM_onehot_state[2]_i_9/O
                         net (fo=1, routed)           0.302     8.149    fsm/FSM_onehot_state[2]_i_9_n_0
    SLICE_X6Y27          LUT6 (Prop_lut6_I5_O)        0.124     8.273 r  fsm/FSM_onehot_state[2]_i_3/O
                         net (fo=31, routed)          0.747     9.020    fsm/one_sec__25
    SLICE_X4Y29          LUT5 (Prop_lut5_I2_O)        0.124     9.144 r  fsm/count_reg[15]_i_1/O
                         net (fo=16, routed)          0.658     9.802    fsm/count_reg[15]_i_1_n_0
    SLICE_X5Y33          FDCE                                         r  fsm/count_reg_reg[14]/CE
  -------------------------------------------------------------------    -------------------

                         (clock sys_clk rise edge)   10.000    10.000 r  
    W5                                                0.000    10.000 r  clk (IN)
                         net (fo=0)                   0.000    10.000    clk
    W5                   IBUF (Prop_ibuf_I_O)         1.388    11.388 r  clk_IBUF_inst/O
                         net (fo=1, routed)           1.862    13.250    clk_IBUF
    BUFGCTRL_X0Y0        BUFG (Prop_bufg_I_O)         0.091    13.341 r  clk_IBUF_BUFG_inst/O
                         net (fo=66, routed)          1.510    14.851    fsm/CLK
    SLICE_X5Y33          FDCE                                         r  fsm/count_reg_reg[14]/C
                         clock pessimism              0.273    15.124    
                         clock uncertainty           -0.035    15.089    
    SLICE_X5Y33          FDCE (Setup_fdce_C_CE)      -0.205    14.884    fsm/count_reg_reg[14]
  -------------------------------------------------------------------
                         required time                         14.884    
                         arrival time                          -9.802    
  -------------------------------------------------------------------
                         slack                                  5.082    

Slack (MET) :             5.082ns  (required time - arrival time)
  Source:                 fsm/sec_counter_reg[15]/C
                            (rising edge-triggered cell FDCE clocked by sys_clk  {rise@0.000ns fall@5.000ns period=10.000ns})
  Destination:            fsm/count_reg_reg[15]/CE
                            (rising edge-triggered cell FDCE clocked by sys_clk  {rise@0.000ns fall@5.000ns period=10.000ns})
  Path Group:             sys_clk
  Path Type:              Setup (Max at Slow Process Corner)
  Requirement:            10.000ns  (sys_clk rise@10.000ns - sys_clk rise@0.000ns)
  Data Path Delay:        4.659ns  (logic 1.145ns (24.579%)  route 3.514ns (75.421%))
  Logic Levels:           4  (LUT5=1 LUT6=3)
  Clock Path Skew:        -0.019ns (DCD - SCD + CPR)
    Destination Clock Delay (DCD):    4.851ns = ( 14.851 - 10.000 ) 
    Source Clock Delay      (SCD):    5.143ns
    Clock Pessimism Removal (CPR):    0.273ns
  Clock Uncertainty:      0.035ns  ((TSJ^2 + TIJ^2)^1/2 + DJ) / 2 + PE
    Total System Jitter     (TSJ):    0.071ns
    Total Input Jitter      (TIJ):    0.000ns
    Discrete Jitter          (DJ):    0.000ns
    Phase Error              (PE):    0.000ns

    Location             Delay type                Incr(ns)  Path(ns)    Netlist Resource(s)
  -------------------------------------------------------------------    -------------------
                         (clock sys_clk rise edge)    0.000     0.000 r  
    W5                                                0.000     0.000 r  clk (IN)
                         net (fo=0)                   0.000     0.000    clk
    W5                   IBUF (Prop_ibuf_I_O)         1.458     1.458 r  clk_IBUF_inst/O
                         net (fo=1, routed)           1.967     3.425    clk_IBUF
    BUFGCTRL_X0Y0        BUFG (Prop_bufg_I_O)         0.096     3.521 r  clk_IBUF_BUFG_inst/O
                         net (fo=66, routed)          1.622     5.143    fsm/CLK
    SLICE_X6Y29          FDCE                                         r  fsm/sec_counter_reg[15]/C
  -------------------------------------------------------------------    -------------------
    SLICE_X6Y29          FDCE (Prop_fdce_C_Q)         0.478     5.621 r  fsm/sec_counter_reg[15]/Q
                         net (fo=2, routed)           1.141     6.762    fsm/sec_counter[15]
    SLICE_X6Y29          LUT6 (Prop_lut6_I2_O)        0.295     7.057 r  fsm/FSM_onehot_state[2]_i_14/O
                         net (fo=1, routed)           0.666     7.723    fsm/FSM_onehot_state[2]_i_14_n_0
    SLICE_X6Y26          LUT6 (Prop_lut6_I5_O)        0.124     7.847 r  fsm/FSM_onehot_state[2]_i_9/O
                         net (fo=1, routed)           0.302     8.149    fsm/FSM_onehot_state[2]_i_9_n_0
    SLICE_X6Y27          LUT6 (Prop_lut6_I5_O)        0.124     8.273 r  fsm/FSM_onehot_state[2]_i_3/O
                         net (fo=31, routed)          0.747     9.020    fsm/one_sec__25
    SLICE_X4Y29          LUT5 (Prop_lut5_I2_O)        0.124     9.144 r  fsm/count_reg[15]_i_1/O
                         net (fo=16, routed)          0.658     9.802    fsm/count_reg[15]_i_1_n_0
    SLICE_X5Y33          FDCE                                         r  fsm/count_reg_reg[15]/CE
  -------------------------------------------------------------------    -------------------

                         (clock sys_clk rise edge)   10.000    10.000 r  
    W5                                                0.000    10.000 r  clk (IN)
                         net (fo=0)                   0.000    10.000    clk
    W5                   IBUF (Prop_ibuf_I_O)         1.388    11.388 r  clk_IBUF_inst/O
                         net (fo=1, routed)           1.862    13.250    clk_IBUF
    BUFGCTRL_X0Y0        BUFG (Prop_bufg_I_O)         0.091    13.341 r  clk_IBUF_BUFG_inst/O
                         net (fo=66, routed)          1.510    14.851    fsm/CLK
    SLICE_X5Y33          FDCE                                         r  fsm/count_reg_reg[15]/C
                         clock pessimism              0.273    15.124    
                         clock uncertainty           -0.035    15.089    
    SLICE_X5Y33          FDCE (Setup_fdce_C_CE)      -0.205    14.884    fsm/count_reg_reg[15]
  -------------------------------------------------------------------
                         required time                         14.884    
                         arrival time                          -9.802    
  -------------------------------------------------------------------
                         slack                                  5.082    

Slack (MET) :             5.171ns  (required time - arrival time)
  Source:                 fsm/sec_counter_reg[15]/C
                            (rising edge-triggered cell FDCE clocked by sys_clk  {rise@0.000ns fall@5.000ns period=10.000ns})
  Destination:            fsm/count_reg_reg[4]/CE
                            (rising edge-triggered cell FDCE clocked by sys_clk  {rise@0.000ns fall@5.000ns period=10.000ns})
  Path Group:             sys_clk
  Path Type:              Setup (Max at Slow Process Corner)
  Requirement:            10.000ns  (sys_clk rise@10.000ns - sys_clk rise@0.000ns)
  Data Path Delay:        4.567ns  (logic 1.145ns (25.071%)  route 3.422ns (74.929%))
  Logic Levels:           4  (LUT5=1 LUT6=3)
  Clock Path Skew:        -0.022ns (DCD - SCD + CPR)
    Destination Clock Delay (DCD):    4.848ns = ( 14.848 - 10.000 ) 
    Source Clock Delay      (SCD):    5.143ns
    Clock Pessimism Removal (CPR):    0.273ns
  Clock Uncertainty:      0.035ns  ((TSJ^2 + TIJ^2)^1/2 + DJ) / 2 + PE
    Total System Jitter     (TSJ):    0.071ns
    Total Input Jitter      (TIJ):    0.000ns
    Discrete Jitter          (DJ):    0.000ns
    Phase Error              (PE):    0.000ns

    Location             Delay type                Incr(ns)  Path(ns)    Netlist Resource(s)
  -------------------------------------------------------------------    -------------------
                         (clock sys_clk rise edge)    0.000     0.000 r  
    W5                                                0.000     0.000 r  clk (IN)
                         net (fo=0)                   0.000     0.000    clk
    W5                   IBUF (Prop_ibuf_I_O)         1.458     1.458 r  clk_IBUF_inst/O
                         net (fo=1, routed)           1.967     3.425    clk_IBUF
    BUFGCTRL_X0Y0        BUFG (Prop_bufg_I_O)         0.096     3.521 r  clk_IBUF_BUFG_inst/O
                         net (fo=66, routed)          1.622     5.143    fsm/CLK
    SLICE_X6Y29          FDCE                                         r  fsm/sec_counter_reg[15]/C
  -------------------------------------------------------------------    -------------------
    SLICE_X6Y29          FDCE (Prop_fdce_C_Q)         0.478     5.621 r  fsm/sec_counter_reg[15]/Q
                         net (fo=2, routed)           1.141     6.762    fsm/sec_counter[15]
    SLICE_X6Y29          LUT6 (Prop_lut6_I2_O)        0.295     7.057 r  fsm/FSM_onehot_state[2]_i_14/O
                         net (fo=1, routed)           0.666     7.723    fsm/FSM_onehot_state[2]_i_14_n_0
    SLICE_X6Y26          LUT6 (Prop_lut6_I5_O)        0.124     7.847 r  fsm/FSM_onehot_state[2]_i_9/O
                         net (fo=1, routed)           0.302     8.149    fsm/FSM_onehot_state[2]_i_9_n_0
    SLICE_X6Y27          LUT6 (Prop_lut6_I5_O)        0.124     8.273 r  fsm/FSM_onehot_state[2]_i_3/O
                         net (fo=31, routed)          0.747     9.020    fsm/one_sec__25
    SLICE_X4Y29          LUT5 (Prop_lut5_I2_O)        0.124     9.144 r  fsm/count_reg[15]_i_1/O
                         net (fo=16, routed)          0.566     9.710    fsm/count_reg[15]_i_1_n_0
    SLICE_X4Y31          FDCE                                         r  fsm/count_reg_reg[4]/CE
  -------------------------------------------------------------------    -------------------

                         (clock sys_clk rise edge)   10.000    10.000 r  
    W5                                                0.000    10.000 r  clk (IN)
                         net (fo=0)                   0.000    10.000    clk
    W5                   IBUF (Prop_ibuf_I_O)         1.388    11.388 r  clk_IBUF_inst/O
                         net (fo=1, routed)           1.862    13.250    clk_IBUF
    BUFGCTRL_X0Y0        BUFG (Prop_bufg_I_O)         0.091    13.341 r  clk_IBUF_BUFG_inst/O
                         net (fo=66, routed)          1.507    14.848    fsm/CLK
    SLICE_X4Y31          FDCE                                         r  fsm/count_reg_reg[4]/C
                         clock pessimism              0.273    15.121    
                         clock uncertainty           -0.035    15.086    
    SLICE_X4Y31          FDCE (Setup_fdce_C_CE)      -0.205    14.881    fsm/count_reg_reg[4]
  -------------------------------------------------------------------
                         required time                         14.881    
                         arrival time                          -9.710    
  -------------------------------------------------------------------
                         slack                                  5.171    

Slack (MET) :             5.171ns  (required time - arrival time)
  Source:                 fsm/sec_counter_reg[15]/C
                            (rising edge-triggered cell FDCE clocked by sys_clk  {rise@0.000ns fall@5.000ns period=10.000ns})
  Destination:            fsm/count_reg_reg[5]/CE
                            (rising edge-triggered cell FDCE clocked by sys_clk  {rise@0.000ns fall@5.000ns period=10.000ns})
  Path Group:             sys_clk
  Path Type:              Setup (Max at Slow Process Corner)
  Requirement:            10.000ns  (sys_clk rise@10.000ns - sys_clk rise@0.000ns)
  Data Path Delay:        4.567ns  (logic 1.145ns (25.071%)  route 3.422ns (74.929%))
  Logic Levels:           4  (LUT5=1 LUT6=3)
  Clock Path Skew:        -0.022ns (DCD - SCD + CPR)
    Destination Clock Delay (DCD):    4.848ns = ( 14.848 - 10.000 ) 
    Source Clock Delay      (SCD):    5.143ns
    Clock Pessimism Removal (CPR):    0.273ns
  Clock Uncertainty:      0.035ns  ((TSJ^2 + TIJ^2)^1/2 + DJ) / 2 + PE
    Total System Jitter     (TSJ):    0.071ns
    Total Input Jitter      (TIJ):    0.000ns
    Discrete Jitter          (DJ):    0.000ns
    Phase Error              (PE):    0.000ns

    Location             Delay type                Incr(ns)  Path(ns)    Netlist Resource(s)
  -------------------------------------------------------------------    -------------------
                         (clock sys_clk rise edge)    0.000     0.000 r  
    W5                                                0.000     0.000 r  clk (IN)
                         net (fo=0)                   0.000     0.000    clk
    W5                   IBUF (Prop_ibuf_I_O)         1.458     1.458 r  clk_IBUF_inst/O
                         net (fo=1, routed)           1.967     3.425    clk_IBUF
    BUFGCTRL_X0Y0        BUFG (Prop_bufg_I_O)         0.096     3.521 r  clk_IBUF_BUFG_inst/O
                         net (fo=66, routed)          1.622     5.143    fsm/CLK
    SLICE_X6Y29          FDCE                                         r  fsm/sec_counter_reg[15]/C
  -------------------------------------------------------------------    -------------------
    SLICE_X6Y29          FDCE (Prop_fdce_C_Q)         0.478     5.621 r  fsm/sec_counter_reg[15]/Q
                         net (fo=2, routed)           1.141     6.762    fsm/sec_counter[15]
    SLICE_X6Y29          LUT6 (Prop_lut6_I2_O)        0.295     7.057 r  fsm/FSM_onehot_state[2]_i_14/O
                         net (fo=1, routed)           0.666     7.723    fsm/FSM_onehot_state[2]_i_14_n_0
    SLICE_X6Y26          LUT6 (Prop_lut6_I5_O)        0.124     7.847 r  fsm/FSM_onehot_state[2]_i_9/O
                         net (fo=1, routed)           0.302     8.149    fsm/FSM_onehot_state[2]_i_9_n_0
    SLICE_X6Y27          LUT6 (Prop_lut6_I5_O)        0.124     8.273 r  fsm/FSM_onehot_state[2]_i_3/O
                         net (fo=31, routed)          0.747     9.020    fsm/one_sec__25
    SLICE_X4Y29          LUT5 (Prop_lut5_I2_O)        0.124     9.144 r  fsm/count_reg[15]_i_1/O
                         net (fo=16, routed)          0.566     9.710    fsm/count_reg[15]_i_1_n_0
    SLICE_X4Y31          FDCE                                         r  fsm/count_reg_reg[5]/CE
  -------------------------------------------------------------------    -------------------

                         (clock sys_clk rise edge)   10.000    10.000 r  
    W5                                                0.000    10.000 r  clk (IN)
                         net (fo=0)                   0.000    10.000    clk
    W5                   IBUF (Prop_ibuf_I_O)         1.388    11.388 r  clk_IBUF_inst/O
                         net (fo=1, routed)           1.862    13.250    clk_IBUF
    BUFGCTRL_X0Y0        BUFG (Prop_bufg_I_O)         0.091    13.341 r  clk_IBUF_BUFG_inst/O
                         net (fo=66, routed)          1.507    14.848    fsm/CLK
    SLICE_X4Y31          FDCE                                         r  fsm/count_reg_reg[5]/C
                         clock pessimism              0.273    15.121    
                         clock uncertainty           -0.035    15.086    
    SLICE_X4Y31          FDCE (Setup_fdce_C_CE)      -0.205    14.881    fsm/count_reg_reg[5]
  -------------------------------------------------------------------
                         required time                         14.881    
                         arrival time                          -9.710    
  -------------------------------------------------------------------
                         slack                                  5.171    





Min Delay Paths
--------------------------------------------------------------------------------------
Slack (MET) :             0.254ns  (arrival time - required time)
  Source:                 display/refresh_counter_reg[10]/C
                            (rising edge-triggered cell FDCE clocked by sys_clk  {rise@0.000ns fall@5.000ns period=10.000ns})
  Destination:            display/refresh_counter_reg[10]/D
                            (rising edge-triggered cell FDCE clocked by sys_clk  {rise@0.000ns fall@5.000ns period=10.000ns})
  Path Group:             sys_clk
  Path Type:              Hold (Min at Fast Process Corner)
  Requirement:            0.000ns  (sys_clk rise@0.000ns - sys_clk rise@0.000ns)
  Data Path Delay:        0.388ns  (logic 0.274ns (70.550%)  route 0.114ns (29.450%))
  Logic Levels:           1  (CARRY4=1)
  Clock Path Skew:        0.000ns (DCD - SCD - CPR)
    Destination Clock Delay (DCD):    1.977ns
    Source Clock Delay      (SCD):    1.465ns
    Clock Pessimism Removal (CPR):    0.512ns

    Location             Delay type                Incr(ns)  Path(ns)    Netlist Resource(s)
  -------------------------------------------------------------------    -------------------
                         (clock sys_clk rise edge)    0.000     0.000 r  
    W5                                                0.000     0.000 r  clk (IN)
                         net (fo=0)                   0.000     0.000    clk
    W5                   IBUF (Prop_ibuf_I_O)         0.226     0.226 r  clk_IBUF_inst/O
                         net (fo=1, routed)           0.631     0.858    clk_IBUF
    BUFGCTRL_X0Y0        BUFG (Prop_bufg_I_O)         0.026     0.884 r  clk_IBUF_BUFG_inst/O
                         net (fo=66, routed)          0.582     1.465    display/CLK
    SLICE_X2Y25          FDCE                                         r  display/refresh_counter_reg[10]/C
  -------------------------------------------------------------------    -------------------
    SLICE_X2Y25          FDCE (Prop_fdce_C_Q)         0.164     1.629 r  display/refresh_counter_reg[10]/Q
                         net (fo=1, routed)           0.114     1.744    display/refresh_counter_reg_n_0_[10]
    SLICE_X2Y25          CARRY4 (Prop_carry4_S[2]_O[2])
                                                      0.110     1.854 r  display/refresh_counter_reg[8]_i_1/O[2]
                         net (fo=1, routed)           0.000     1.854    display/refresh_counter_reg[8]_i_1_n_5
    SLICE_X2Y25          FDCE                                         r  display/refresh_counter_reg[10]/D
  -------------------------------------------------------------------    -------------------

                         (clock sys_clk rise edge)    0.000     0.000 r  
    W5                                                0.000     0.000 r  clk (IN)
                         net (fo=0)                   0.000     0.000    clk
    W5                   IBUF (Prop_ibuf_I_O)         0.414     0.414 r  clk_IBUF_inst/O
                         net (fo=1, routed)           0.685     1.099    clk_IBUF
    BUFGCTRL_X0Y0        BUFG (Prop_bufg_I_O)         0.029     1.128 r  clk_IBUF_BUFG_inst/O
                         net (fo=66, routed)          0.850     1.977    display/CLK
    SLICE_X2Y25          FDCE                                         r  display/refresh_counter_reg[10]/C
                         clock pessimism             -0.512     1.465    
    SLICE_X2Y25          FDCE (Hold_fdce_C_D)         0.134     1.599    display/refresh_counter_reg[10]
  -------------------------------------------------------------------
                         required time                         -1.599    
                         arrival time                           1.854    
  -------------------------------------------------------------------
                         slack                                  0.254    

Slack (MET) :             0.254ns  (arrival time - required time)
  Source:                 display/refresh_counter_reg[14]/C
                            (rising edge-triggered cell FDCE clocked by sys_clk  {rise@0.000ns fall@5.000ns period=10.000ns})
  Destination:            display/refresh_counter_reg[14]/D
                            (rising edge-triggered cell FDCE clocked by sys_clk  {rise@0.000ns fall@5.000ns period=10.000ns})
  Path Group:             sys_clk
  Path Type:              Hold (Min at Fast Process Corner)
  Requirement:            0.000ns  (sys_clk rise@0.000ns - sys_clk rise@0.000ns)
  Data Path Delay:        0.388ns  (logic 0.274ns (70.550%)  route 0.114ns (29.450%))
  Logic Levels:           1  (CARRY4=1)
  Clock Path Skew:        0.000ns (DCD - SCD - CPR)
    Destination Clock Delay (DCD):    1.978ns
    Source Clock Delay      (SCD):    1.466ns
    Clock Pessimism Removal (CPR):    0.512ns

    Location             Delay type                Incr(ns)  Path(ns)    Netlist Resource(s)
  -------------------------------------------------------------------    -------------------
                         (clock sys_clk rise edge)    0.000     0.000 r  
    W5                                                0.000     0.000 r  clk (IN)
                         net (fo=0)                   0.000     0.000    clk
    W5                   IBUF (Prop_ibuf_I_O)         0.226     0.226 r  clk_IBUF_inst/O
                         net (fo=1, routed)           0.631     0.858    clk_IBUF
    BUFGCTRL_X0Y0        BUFG (Prop_bufg_I_O)         0.026     0.884 r  clk_IBUF_BUFG_inst/O
                         net (fo=66, routed)          0.583     1.466    display/CLK
    SLICE_X2Y26          FDCE                                         r  display/refresh_counter_reg[14]/C
  -------------------------------------------------------------------    -------------------
    SLICE_X2Y26          FDCE (Prop_fdce_C_Q)         0.164     1.630 r  display/refresh_counter_reg[14]/Q
                         net (fo=1, routed)           0.114     1.745    display/refresh_counter_reg_n_0_[14]
    SLICE_X2Y26          CARRY4 (Prop_carry4_S[2]_O[2])
                                                      0.110     1.855 r  display/refresh_counter_reg[12]_i_1/O[2]
                         net (fo=1, routed)           0.000     1.855    display/refresh_counter_reg[12]_i_1_n_5
    SLICE_X2Y26          FDCE                                         r  display/refresh_counter_reg[14]/D
  -------------------------------------------------------------------    -------------------

                         (clock sys_clk rise edge)    0.000     0.000 r  
    W5                                                0.000     0.000 r  clk (IN)
                         net (fo=0)                   0.000     0.000    clk
    W5                   IBUF (Prop_ibuf_I_O)         0.414     0.414 r  clk_IBUF_inst/O
                         net (fo=1, routed)           0.685     1.099    clk_IBUF
    BUFGCTRL_X0Y0        BUFG (Prop_bufg_I_O)         0.029     1.128 r  clk_IBUF_BUFG_inst/O
                         net (fo=66, routed)          0.851     1.978    display/CLK
    SLICE_X2Y26          FDCE                                         r  display/refresh_counter_reg[14]/C
                         clock pessimism             -0.512     1.466    
    SLICE_X2Y26          FDCE (Hold_fdce_C_D)         0.134     1.600    display/refresh_counter_reg[14]
  -------------------------------------------------------------------
                         required time                         -1.600    
                         arrival time                           1.855    
  -------------------------------------------------------------------
                         slack                                  0.254    

Slack (MET) :             0.254ns  (arrival time - required time)
  Source:                 display/refresh_counter_reg[18]/C
                            (rising edge-triggered cell FDCE clocked by sys_clk  {rise@0.000ns fall@5.000ns period=10.000ns})
  Destination:            display/refresh_counter_reg[18]/D
                            (rising edge-triggered cell FDCE clocked by sys_clk  {rise@0.000ns fall@5.000ns period=10.000ns})
  Path Group:             sys_clk
  Path Type:              Hold (Min at Fast Process Corner)
  Requirement:            0.000ns  (sys_clk rise@0.000ns - sys_clk rise@0.000ns)
  Data Path Delay:        0.388ns  (logic 0.274ns (70.550%)  route 0.114ns (29.450%))
  Logic Levels:           1  (CARRY4=1)
  Clock Path Skew:        0.000ns (DCD - SCD - CPR)
    Destination Clock Delay (DCD):    1.980ns
    Source Clock Delay      (SCD):    1.468ns
    Clock Pessimism Removal (CPR):    0.512ns

    Location             Delay type                Incr(ns)  Path(ns)    Netlist Resource(s)
  -------------------------------------------------------------------    -------------------
                         (clock sys_clk rise edge)    0.000     0.000 r  
    W5                                                0.000     0.000 r  clk (IN)
                         net (fo=0)                   0.000     0.000    clk
    W5                   IBUF (Prop_ibuf_I_O)         0.226     0.226 r  clk_IBUF_inst/O
                         net (fo=1, routed)           0.631     0.858    clk_IBUF
    BUFGCTRL_X0Y0        BUFG (Prop_bufg_I_O)         0.026     0.884 r  clk_IBUF_BUFG_inst/O
                         net (fo=66, routed)          0.585     1.468    display/CLK
    SLICE_X2Y27          FDCE                                         r  display/refresh_counter_reg[18]/C
  -------------------------------------------------------------------    -------------------
    SLICE_X2Y27          FDCE (Prop_fdce_C_Q)         0.164     1.632 r  display/refresh_counter_reg[18]/Q
                         net (fo=1, routed)           0.114     1.747    display/refresh_counter_reg_n_0_[18]
    SLICE_X2Y27          CARRY4 (Prop_carry4_S[2]_O[2])
                                                      0.110     1.857 r  display/refresh_counter_reg[16]_i_1/O[2]
                         net (fo=1, routed)           0.000     1.857    display/refresh_counter_reg[16]_i_1_n_5
    SLICE_X2Y27          FDCE                                         r  display/refresh_counter_reg[18]/D
  -------------------------------------------------------------------    -------------------

                         (clock sys_clk rise edge)    0.000     0.000 r  
    W5                                                0.000     0.000 r  clk (IN)
                         net (fo=0)                   0.000     0.000    clk
    W5                   IBUF (Prop_ibuf_I_O)         0.414     0.414 r  clk_IBUF_inst/O
                         net (fo=1, routed)           0.685     1.099    clk_IBUF
    BUFGCTRL_X0Y0        BUFG (Prop_bufg_I_O)         0.029     1.128 r  clk_IBUF_BUFG_inst/O
                         net (fo=66, routed)          0.853     1.980    display/CLK
    SLICE_X2Y27          FDCE                                         r  display/refresh_counter_reg[18]/C
                         clock pessimism             -0.512     1.468    
    SLICE_X2Y27          FDCE (Hold_fdce_C_D)         0.134     1.602    display/refresh_counter_reg[18]
  -------------------------------------------------------------------
                         required time                         -1.602    
                         arrival time                           1.857    
  -------------------------------------------------------------------
                         slack                                  0.254    

Slack (MET) :             0.254ns  (arrival time - required time)
  Source:                 display/refresh_counter_reg[2]/C
                            (rising edge-triggered cell FDCE clocked by sys_clk  {rise@0.000ns fall@5.000ns period=10.000ns})
  Destination:            display/refresh_counter_reg[2]/D
                            (rising edge-triggered cell FDCE clocked by sys_clk  {rise@0.000ns fall@5.000ns period=10.000ns})
  Path Group:             sys_clk
  Path Type:              Hold (Min at Fast Process Corner)
  Requirement:            0.000ns  (sys_clk rise@0.000ns - sys_clk rise@0.000ns)
  Data Path Delay:        0.388ns  (logic 0.274ns (70.550%)  route 0.114ns (29.450%))
  Logic Levels:           1  (CARRY4=1)
  Clock Path Skew:        0.000ns (DCD - SCD - CPR)
    Destination Clock Delay (DCD):    1.978ns
    Source Clock Delay      (SCD):    1.466ns
    Clock Pessimism Removal (CPR):    0.512ns

    Location             Delay type                Incr(ns)  Path(ns)    Netlist Resource(s)
  -------------------------------------------------------------------    -------------------
                         (clock sys_clk rise edge)    0.000     0.000 r  
    W5                                                0.000     0.000 r  clk (IN)
                         net (fo=0)                   0.000     0.000    clk
    W5                   IBUF (Prop_ibuf_I_O)         0.226     0.226 r  clk_IBUF_inst/O
                         net (fo=1, routed)           0.631     0.858    clk_IBUF
    BUFGCTRL_X0Y0        BUFG (Prop_bufg_I_O)         0.026     0.884 r  clk_IBUF_BUFG_inst/O
                         net (fo=66, routed)          0.583     1.466    display/CLK
    SLICE_X2Y23          FDCE                                         r  display/refresh_counter_reg[2]/C
  -------------------------------------------------------------------    -------------------
    SLICE_X2Y23          FDCE (Prop_fdce_C_Q)         0.164     1.630 r  display/refresh_counter_reg[2]/Q
                         net (fo=1, routed)           0.114     1.745    display/refresh_counter_reg_n_0_[2]
    SLICE_X2Y23          CARRY4 (Prop_carry4_S[2]_O[2])
                                                      0.110     1.855 r  display/refresh_counter_reg[0]_i_1/O[2]
                         net (fo=1, routed)           0.000     1.855    display/refresh_counter_reg[0]_i_1_n_5
    SLICE_X2Y23          FDCE                                         r  display/refresh_counter_reg[2]/D
  -------------------------------------------------------------------    -------------------

                         (clock sys_clk rise edge)    0.000     0.000 r  
    W5                                                0.000     0.000 r  clk (IN)
                         net (fo=0)                   0.000     0.000    clk
    W5                   IBUF (Prop_ibuf_I_O)         0.414     0.414 r  clk_IBUF_inst/O
                         net (fo=1, routed)           0.685     1.099    clk_IBUF
    BUFGCTRL_X0Y0        BUFG (Prop_bufg_I_O)         0.029     1.128 r  clk_IBUF_BUFG_inst/O
                         net (fo=66, routed)          0.851     1.978    display/CLK
    SLICE_X2Y23          FDCE                                         r  display/refresh_counter_reg[2]/C
                         clock pessimism             -0.512     1.466    
    SLICE_X2Y23          FDCE (Hold_fdce_C_D)         0.134     1.600    display/refresh_counter_reg[2]
  -------------------------------------------------------------------
                         required time                         -1.600    
                         arrival time                           1.855    
  -------------------------------------------------------------------
                         slack                                  0.254    

Slack (MET) :             0.254ns  (arrival time - required time)
  Source:                 display/refresh_counter_reg[6]/C
                            (rising edge-triggered cell FDCE clocked by sys_clk  {rise@0.000ns fall@5.000ns period=10.000ns})
  Destination:            display/refresh_counter_reg[6]/D
                            (rising edge-triggered cell FDCE clocked by sys_clk  {rise@0.000ns fall@5.000ns period=10.000ns})
  Path Group:             sys_clk
  Path Type:              Hold (Min at Fast Process Corner)
  Requirement:            0.000ns  (sys_clk rise@0.000ns - sys_clk rise@0.000ns)
  Data Path Delay:        0.388ns  (logic 0.274ns (70.550%)  route 0.114ns (29.450%))
  Logic Levels:           1  (CARRY4=1)
  Clock Path Skew:        0.000ns (DCD - SCD - CPR)
    Destination Clock Delay (DCD):    1.977ns
    Source Clock Delay      (SCD):    1.465ns
    Clock Pessimism Removal (CPR):    0.512ns

    Location             Delay type                Incr(ns)  Path(ns)    Netlist Resource(s)
  -------------------------------------------------------------------    -------------------
                         (clock sys_clk rise edge)    0.000     0.000 r  
    W5                                                0.000     0.000 r  clk (IN)
                         net (fo=0)                   0.000     0.000    clk
    W5                   IBUF (Prop_ibuf_I_O)         0.226     0.226 r  clk_IBUF_inst/O
                         net (fo=1, routed)           0.631     0.858    clk_IBUF
    BUFGCTRL_X0Y0        BUFG (Prop_bufg_I_O)         0.026     0.884 r  clk_IBUF_BUFG_inst/O
                         net (fo=66, routed)          0.582     1.465    display/CLK
    SLICE_X2Y24          FDCE                                         r  display/refresh_counter_reg[6]/C
  -------------------------------------------------------------------    -------------------
    SLICE_X2Y24          FDCE (Prop_fdce_C_Q)         0.164     1.629 r  display/refresh_counter_reg[6]/Q
                         net (fo=1, routed)           0.114     1.744    display/refresh_counter_reg_n_0_[6]
    SLICE_X2Y24          CARRY4 (Prop_carry4_S[2]_O[2])
                                                      0.110     1.854 r  display/refresh_counter_reg[4]_i_1/O[2]
                         net (fo=1, routed)           0.000     1.854    display/refresh_counter_reg[4]_i_1_n_5
    SLICE_X2Y24          FDCE                                         r  display/refresh_counter_reg[6]/D
  -------------------------------------------------------------------    -------------------

                         (clock sys_clk rise edge)    0.000     0.000 r  
    W5                                                0.000     0.000 r  clk (IN)
                         net (fo=0)                   0.000     0.000    clk
    W5                   IBUF (Prop_ibuf_I_O)         0.414     0.414 r  clk_IBUF_inst/O
                         net (fo=1, routed)           0.685     1.099    clk_IBUF
    BUFGCTRL_X0Y0        BUFG (Prop_bufg_I_O)         0.029     1.128 r  clk_IBUF_BUFG_inst/O
                         net (fo=66, routed)          0.850     1.977    display/CLK
    SLICE_X2Y24          FDCE                                         r  display/refresh_counter_reg[6]/C
                         clock pessimism             -0.512     1.465    
    SLICE_X2Y24          FDCE (Hold_fdce_C_D)         0.134     1.599    display/refresh_counter_reg[6]
  -------------------------------------------------------------------
                         required time                         -1.599    
                         arrival time                           1.854    
  -------------------------------------------------------------------
                         slack                                  0.254    

Slack (MET) :             0.290ns  (arrival time - required time)
  Source:                 display/refresh_counter_reg[10]/C
                            (rising edge-triggered cell FDCE clocked by sys_clk  {rise@0.000ns fall@5.000ns period=10.000ns})
  Destination:            display/refresh_counter_reg[11]/D
                            (rising edge-triggered cell FDCE clocked by sys_clk  {rise@0.000ns fall@5.000ns period=10.000ns})
  Path Group:             sys_clk
  Path Type:              Hold (Min at Fast Process Corner)
  Requirement:            0.000ns  (sys_clk rise@0.000ns - sys_clk rise@0.000ns)
  Data Path Delay:        0.424ns  (logic 0.310ns (73.048%)  route 0.114ns (26.952%))
  Logic Levels:           1  (CARRY4=1)
  Clock Path Skew:        0.000ns (DCD - SCD - CPR)
    Destination Clock Delay (DCD):    1.977ns
    Source Clock Delay      (SCD):    1.465ns
    Clock Pessimism Removal (CPR):    0.512ns

    Location             Delay type                Incr(ns)  Path(ns)    Netlist Resource(s)
  -------------------------------------------------------------------    -------------------
                         (clock sys_clk rise edge)    0.000     0.000 r  
    W5                                                0.000     0.000 r  clk (IN)
                         net (fo=0)                   0.000     0.000    clk
    W5                   IBUF (Prop_ibuf_I_O)         0.226     0.226 r  clk_IBUF_inst/O
                         net (fo=1, routed)           0.631     0.858    clk_IBUF
    BUFGCTRL_X0Y0        BUFG (Prop_bufg_I_O)         0.026     0.884 r  clk_IBUF_BUFG_inst/O
                         net (fo=66, routed)          0.582     1.465    display/CLK
    SLICE_X2Y25          FDCE                                         r  display/refresh_counter_reg[10]/C
  -------------------------------------------------------------------    -------------------
    SLICE_X2Y25          FDCE (Prop_fdce_C_Q)         0.164     1.629 r  display/refresh_counter_reg[10]/Q
                         net (fo=1, routed)           0.114     1.744    display/refresh_counter_reg_n_0_[10]
    SLICE_X2Y25          CARRY4 (Prop_carry4_S[2]_O[3])
                                                      0.146     1.890 r  display/refresh_counter_reg[8]_i_1/O[3]
                         net (fo=1, routed)           0.000     1.890    display/refresh_counter_reg[8]_i_1_n_4
    SLICE_X2Y25          FDCE                                         r  display/refresh_counter_reg[11]/D
  -------------------------------------------------------------------    -------------------

                         (clock sys_clk rise edge)    0.000     0.000 r  
    W5                                                0.000     0.000 r  clk (IN)
                         net (fo=0)                   0.000     0.000    clk
    W5                   IBUF (Prop_ibuf_I_O)         0.414     0.414 r  clk_IBUF_inst/O
                         net (fo=1, routed)           0.685     1.099    clk_IBUF
    BUFGCTRL_X0Y0        BUFG (Prop_bufg_I_O)         0.029     1.128 r  clk_IBUF_BUFG_inst/O
                         net (fo=66, routed)          0.850     1.977    display/CLK
    SLICE_X2Y25          FDCE                                         r  display/refresh_counter_reg[11]/C
                         clock pessimism             -0.512     1.465    
    SLICE_X2Y25          FDCE (Hold_fdce_C_D)         0.134     1.599    display/refresh_counter_reg[11]
  -------------------------------------------------------------------
                         required time                         -1.599    
                         arrival time                           1.890    
  -------------------------------------------------------------------
                         slack                                  0.290    

Slack (MET) :             0.290ns  (arrival time - required time)
  Source:                 display/refresh_counter_reg[14]/C
                            (rising edge-triggered cell FDCE clocked by sys_clk  {rise@0.000ns fall@5.000ns period=10.000ns})
  Destination:            display/refresh_counter_reg[15]/D
                            (rising edge-triggered cell FDCE clocked by sys_clk  {rise@0.000ns fall@5.000ns period=10.000ns})
  Path Group:             sys_clk
  Path Type:              Hold (Min at Fast Process Corner)
  Requirement:            0.000ns  (sys_clk rise@0.000ns - sys_clk rise@0.000ns)
  Data Path Delay:        0.424ns  (logic 0.310ns (73.048%)  route 0.114ns (26.952%))
  Logic Levels:           1  (CARRY4=1)
  Clock Path Skew:        0.000ns (DCD - SCD - CPR)
    Destination Clock Delay (DCD):    1.978ns
    Source Clock Delay      (SCD):    1.466ns
    Clock Pessimism Removal (CPR):    0.512ns

    Location             Delay type                Incr(ns)  Path(ns)    Netlist Resource(s)
  -------------------------------------------------------------------    -------------------
                         (clock sys_clk rise edge)    0.000     0.000 r  
    W5                                                0.000     0.000 r  clk (IN)
                         net (fo=0)                   0.000     0.000    clk
    W5                   IBUF (Prop_ibuf_I_O)         0.226     0.226 r  clk_IBUF_inst/O
                         net (fo=1, routed)           0.631     0.858    clk_IBUF
    BUFGCTRL_X0Y0        BUFG (Prop_bufg_I_O)         0.026     0.884 r  clk_IBUF_BUFG_inst/O
                         net (fo=66, routed)          0.583     1.466    display/CLK
    SLICE_X2Y26          FDCE                                         r  display/refresh_counter_reg[14]/C
  -------------------------------------------------------------------    -------------------
    SLICE_X2Y26          FDCE (Prop_fdce_C_Q)         0.164     1.630 r  display/refresh_counter_reg[14]/Q
                         net (fo=1, routed)           0.114     1.745    display/refresh_counter_reg_n_0_[14]
    SLICE_X2Y26          CARRY4 (Prop_carry4_S[2]_O[3])
                                                      0.146     1.891 r  display/refresh_counter_reg[12]_i_1/O[3]
                         net (fo=1, routed)           0.000     1.891    display/refresh_counter_reg[12]_i_1_n_4
    SLICE_X2Y26          FDCE                                         r  display/refresh_counter_reg[15]/D
  -------------------------------------------------------------------    -------------------

                         (clock sys_clk rise edge)    0.000     0.000 r  
    W5                                                0.000     0.000 r  clk (IN)
                         net (fo=0)                   0.000     0.000    clk
    W5                   IBUF (Prop_ibuf_I_O)         0.414     0.414 r  clk_IBUF_inst/O
                         net (fo=1, routed)           0.685     1.099    clk_IBUF
    BUFGCTRL_X0Y0        BUFG (Prop_bufg_I_O)         0.029     1.128 r  clk_IBUF_BUFG_inst/O
                         net (fo=66, routed)          0.851     1.978    display/CLK
    SLICE_X2Y26          FDCE                                         r  display/refresh_counter_reg[15]/C
                         clock pessimism             -0.512     1.466    
    SLICE_X2Y26          FDCE (Hold_fdce_C_D)         0.134     1.600    display/refresh_counter_reg[15]
  -------------------------------------------------------------------
                         required time                         -1.600    
                         arrival time                           1.891    
  -------------------------------------------------------------------
                         slack                                  0.290    

Slack (MET) :             0.290ns  (arrival time - required time)
  Source:                 display/refresh_counter_reg[18]/C
                            (rising edge-triggered cell FDCE clocked by sys_clk  {rise@0.000ns fall@5.000ns period=10.000ns})
  Destination:            display/refresh_counter_reg[19]/D
                            (rising edge-triggered cell FDCE clocked by sys_clk  {rise@0.000ns fall@5.000ns period=10.000ns})
  Path Group:             sys_clk
  Path Type:              Hold (Min at Fast Process Corner)
  Requirement:            0.000ns  (sys_clk rise@0.000ns - sys_clk rise@0.000ns)
  Data Path Delay:        0.424ns  (logic 0.310ns (73.048%)  route 0.114ns (26.952%))
  Logic Levels:           1  (CARRY4=1)
  Clock Path Skew:        0.000ns (DCD - SCD - CPR)
    Destination Clock Delay (DCD):    1.980ns
    Source Clock Delay      (SCD):    1.468ns
    Clock Pessimism Removal (CPR):    0.512ns

    Location             Delay type                Incr(ns)  Path(ns)    Netlist Resource(s)
  -------------------------------------------------------------------    -------------------
                         (clock sys_clk rise edge)    0.000     0.000 r  
    W5                                                0.000     0.000 r  clk (IN)
                         net (fo=0)                   0.000     0.000    clk
    W5                   IBUF (Prop_ibuf_I_O)         0.226     0.226 r  clk_IBUF_inst/O
                         net (fo=1, routed)           0.631     0.858    clk_IBUF
    BUFGCTRL_X0Y0        BUFG (Prop_bufg_I_O)         0.026     0.884 r  clk_IBUF_BUFG_inst/O
                         net (fo=66, routed)          0.585     1.468    display/CLK
    SLICE_X2Y27          FDCE                                         r  display/refresh_counter_reg[18]/C
  -------------------------------------------------------------------    -------------------
    SLICE_X2Y27          FDCE (Prop_fdce_C_Q)         0.164     1.632 r  display/refresh_counter_reg[18]/Q
                         net (fo=1, routed)           0.114     1.747    display/refresh_counter_reg_n_0_[18]
    SLICE_X2Y27          CARRY4 (Prop_carry4_S[2]_O[3])
                                                      0.146     1.893 r  display/refresh_counter_reg[16]_i_1/O[3]
                         net (fo=1, routed)           0.000     1.893    display/refresh_counter_reg[16]_i_1_n_4
    SLICE_X2Y27          FDCE                                         r  display/refresh_counter_reg[19]/D
  -------------------------------------------------------------------    -------------------

                         (clock sys_clk rise edge)    0.000     0.000 r  
    W5                                                0.000     0.000 r  clk (IN)
                         net (fo=0)                   0.000     0.000    clk
    W5                   IBUF (Prop_ibuf_I_O)         0.414     0.414 r  clk_IBUF_inst/O
                         net (fo=1, routed)           0.685     1.099    clk_IBUF
    BUFGCTRL_X0Y0        BUFG (Prop_bufg_I_O)         0.029     1.128 r  clk_IBUF_BUFG_inst/O
                         net (fo=66, routed)          0.853     1.980    display/CLK
    SLICE_X2Y27          FDCE                                         r  display/refresh_counter_reg[19]/C
                         clock pessimism             -0.512     1.468    
    SLICE_X2Y27          FDCE (Hold_fdce_C_D)         0.134     1.602    display/refresh_counter_reg[19]
  -------------------------------------------------------------------
                         required time                         -1.602    
                         arrival time                           1.893    
  -------------------------------------------------------------------
                         slack                                  0.290    

Slack (MET) :             0.290ns  (arrival time - required time)
  Source:                 display/refresh_counter_reg[2]/C
                            (rising edge-triggered cell FDCE clocked by sys_clk  {rise@0.000ns fall@5.000ns period=10.000ns})
  Destination:            display/refresh_counter_reg[3]/D
                            (rising edge-triggered cell FDCE clocked by sys_clk  {rise@0.000ns fall@5.000ns period=10.000ns})
  Path Group:             sys_clk
  Path Type:              Hold (Min at Fast Process Corner)
  Requirement:            0.000ns  (sys_clk rise@0.000ns - sys_clk rise@0.000ns)
  Data Path Delay:        0.424ns  (logic 0.310ns (73.048%)  route 0.114ns (26.952%))
  Logic Levels:           1  (CARRY4=1)
  Clock Path Skew:        0.000ns (DCD - SCD - CPR)
    Destination Clock Delay (DCD):    1.978ns
    Source Clock Delay      (SCD):    1.466ns
    Clock Pessimism Removal (CPR):    0.512ns

    Location             Delay type                Incr(ns)  Path(ns)    Netlist Resource(s)
  -------------------------------------------------------------------    -------------------
                         (clock sys_clk rise edge)    0.000     0.000 r  
    W5                                                0.000     0.000 r  clk (IN)
                         net (fo=0)                   0.000     0.000    clk
    W5                   IBUF (Prop_ibuf_I_O)         0.226     0.226 r  clk_IBUF_inst/O
                         net (fo=1, routed)           0.631     0.858    clk_IBUF
    BUFGCTRL_X0Y0        BUFG (Prop_bufg_I_O)         0.026     0.884 r  clk_IBUF_BUFG_inst/O
                         net (fo=66, routed)          0.583     1.466    display/CLK
    SLICE_X2Y23          FDCE                                         r  display/refresh_counter_reg[2]/C
  -------------------------------------------------------------------    -------------------
    SLICE_X2Y23          FDCE (Prop_fdce_C_Q)         0.164     1.630 r  display/refresh_counter_reg[2]/Q
                         net (fo=1, routed)           0.114     1.745    display/refresh_counter_reg_n_0_[2]
    SLICE_X2Y23          CARRY4 (Prop_carry4_S[2]_O[3])
                                                      0.146     1.891 r  display/refresh_counter_reg[0]_i_1/O[3]
                         net (fo=1, routed)           0.000     1.891    display/refresh_counter_reg[0]_i_1_n_4
    SLICE_X2Y23          FDCE                                         r  display/refresh_counter_reg[3]/D
  -------------------------------------------------------------------    -------------------

                         (clock sys_clk rise edge)    0.000     0.000 r  
    W5                                                0.000     0.000 r  clk (IN)
                         net (fo=0)                   0.000     0.000    clk
    W5                   IBUF (Prop_ibuf_I_O)         0.414     0.414 r  clk_IBUF_inst/O
                         net (fo=1, routed)           0.685     1.099    clk_IBUF
    BUFGCTRL_X0Y0        BUFG (Prop_bufg_I_O)         0.029     1.128 r  clk_IBUF_BUFG_inst/O
                         net (fo=66, routed)          0.851     1.978    display/CLK
    SLICE_X2Y23          FDCE                                         r  display/refresh_counter_reg[3]/C
                         clock pessimism             -0.512     1.466    
    SLICE_X2Y23          FDCE (Hold_fdce_C_D)         0.134     1.600    display/refresh_counter_reg[3]
  -------------------------------------------------------------------
                         required time                         -1.600    
                         arrival time                           1.891    
  -------------------------------------------------------------------
                         slack                                  0.290    

Slack (MET) :             0.290ns  (arrival time - required time)
  Source:                 display/refresh_counter_reg[6]/C
                            (rising edge-triggered cell FDCE clocked by sys_clk  {rise@0.000ns fall@5.000ns period=10.000ns})
  Destination:            display/refresh_counter_reg[7]/D
                            (rising edge-triggered cell FDCE clocked by sys_clk  {rise@0.000ns fall@5.000ns period=10.000ns})
  Path Group:             sys_clk
  Path Type:              Hold (Min at Fast Process Corner)
  Requirement:            0.000ns  (sys_clk rise@0.000ns - sys_clk rise@0.000ns)
  Data Path Delay:        0.424ns  (logic 0.310ns (73.048%)  route 0.114ns (26.952%))
  Logic Levels:           1  (CARRY4=1)
  Clock Path Skew:        0.000ns (DCD - SCD - CPR)
    Destination Clock Delay (DCD):    1.977ns
    Source Clock Delay      (SCD):    1.465ns
    Clock Pessimism Removal (CPR):    0.512ns

    Location             Delay type                Incr(ns)  Path(ns)    Netlist Resource(s)
  -------------------------------------------------------------------    -------------------
                         (clock sys_clk rise edge)    0.000     0.000 r  
    W5                                                0.000     0.000 r  clk (IN)
                         net (fo=0)                   0.000     0.000    clk
    W5                   IBUF (Prop_ibuf_I_O)         0.226     0.226 r  clk_IBUF_inst/O
                         net (fo=1, routed)           0.631     0.858    clk_IBUF
    BUFGCTRL_X0Y0        BUFG (Prop_bufg_I_O)         0.026     0.884 r  clk_IBUF_BUFG_inst/O
                         net (fo=66, routed)          0.582     1.465    display/CLK
    SLICE_X2Y24          FDCE                                         r  display/refresh_counter_reg[6]/C
  -------------------------------------------------------------------    -------------------
    SLICE_X2Y24          FDCE (Prop_fdce_C_Q)         0.164     1.629 r  display/refresh_counter_reg[6]/Q
                         net (fo=1, routed)           0.114     1.744    display/refresh_counter_reg_n_0_[6]
    SLICE_X2Y24          CARRY4 (Prop_carry4_S[2]_O[3])
                                                      0.146     1.890 r  display/refresh_counter_reg[4]_i_1/O[3]
                         net (fo=1, routed)           0.000     1.890    display/refresh_counter_reg[4]_i_1_n_4
    SLICE_X2Y24          FDCE                                         r  display/refresh_counter_reg[7]/D
  -------------------------------------------------------------------    -------------------

                         (clock sys_clk rise edge)    0.000     0.000 r  
    W5                                                0.000     0.000 r  clk (IN)
                         net (fo=0)                   0.000     0.000    clk
    W5                   IBUF (Prop_ibuf_I_O)         0.414     0.414 r  clk_IBUF_inst/O
                         net (fo=1, routed)           0.685     1.099    clk_IBUF
    BUFGCTRL_X0Y0        BUFG (Prop_bufg_I_O)         0.029     1.128 r  clk_IBUF_BUFG_inst/O
                         net (fo=66, routed)          0.850     1.977    display/CLK
    SLICE_X2Y24          FDCE                                         r  display/refresh_counter_reg[7]/C
                         clock pessimism             -0.512     1.465    
    SLICE_X2Y24          FDCE (Hold_fdce_C_D)         0.134     1.599    display/refresh_counter_reg[7]
  -------------------------------------------------------------------
                         required time                         -1.599    
                         arrival time                           1.890    
  -------------------------------------------------------------------
                         slack                                  0.290    





Pulse Width Checks
--------------------------------------------------------------------------------------
Clock Name:         sys_clk
Waveform(ns):       { 0.000 5.000 }
Period(ns):         10.000
Sources:            { clk }

Check Type        Corner  Lib Pin  Reference Pin  Required(ns)  Actual(ns)  Slack(ns)  Location       Pin
Min Period        n/a     BUFG/I   n/a            2.155         10.000      7.845      BUFGCTRL_X0Y0  clk_IBUF_BUFG_inst/I
Min Period        n/a     FDCE/C   n/a            1.000         10.000      9.000      SLICE_X2Y23    display/refresh_counter_reg[0]/C
Min Period        n/a     FDCE/C   n/a            1.000         10.000      9.000      SLICE_X2Y25    display/refresh_counter_reg[10]/C
Min Period        n/a     FDCE/C   n/a            1.000         10.000      9.000      SLICE_X2Y25    display/refresh_counter_reg[11]/C
Min Period        n/a     FDCE/C   n/a            1.000         10.000      9.000      SLICE_X2Y26    display/refresh_counter_reg[12]/C
Min Period        n/a     FDCE/C   n/a            1.000         10.000      9.000      SLICE_X2Y26    display/refresh_counter_reg[13]/C
Min Period        n/a     FDCE/C   n/a            1.000         10.000      9.000      SLICE_X2Y26    display/refresh_counter_reg[14]/C
Min Period        n/a     FDCE/C   n/a            1.000         10.000      9.000      SLICE_X2Y26    display/refresh_counter_reg[15]/C
Min Period        n/a     FDCE/C   n/a            1.000         10.000      9.000      SLICE_X2Y27    display/refresh_counter_reg[16]/C
Min Period        n/a     FDCE/C   n/a            1.000         10.000      9.000      SLICE_X2Y27    display/refresh_counter_reg[17]/C
Low Pulse Width   Fast    FDCE/C   n/a            0.500         5.000       4.500      SLICE_X2Y23    display/refresh_counter_reg[0]/C
Low Pulse Width   Fast    FDCE/C   n/a            0.500         5.000       4.500      SLICE_X2Y25    display/refresh_counter_reg[10]/C
Low Pulse Width   Fast    FDCE/C   n/a            0.500         5.000       4.500      SLICE_X2Y25    display/refresh_counter_reg[11]/C
Low Pulse Width   Fast    FDCE/C   n/a            0.500         5.000       4.500      SLICE_X2Y26    display/refresh_counter_reg[12]/C
Low Pulse Width   Fast    FDCE/C   n/a            0.500         5.000       4.500      SLICE_X2Y26    display/refresh_counter_reg[13]/C
Low Pulse Width   Fast    FDCE/C   n/a            0.500         5.000       4.500      SLICE_X2Y26    display/refresh_counter_reg[14]/C
Low Pulse Width   Fast    FDCE/C   n/a            0.500         5.000       4.500      SLICE_X2Y26    display/refresh_counter_reg[15]/C
Low Pulse Width   Fast    FDCE/C   n/a            0.500         5.000       4.500      SLICE_X2Y27    display/refresh_counter_reg[16]/C
Low Pulse Width   Fast    FDCE/C   n/a            0.500         5.000       4.500      SLICE_X2Y27    display/refresh_counter_reg[17]/C
Low Pulse Width   Fast    FDCE/C   n/a            0.500         5.000       4.500      SLICE_X2Y27    display/refresh_counter_reg[18]/C
High Pulse Width  Slow    FDCE/C   n/a            0.500         5.000       4.500      SLICE_X2Y23    display/refresh_counter_reg[0]/C
High Pulse Width  Slow    FDCE/C   n/a            0.500         5.000       4.500      SLICE_X2Y25    display/refresh_counter_reg[10]/C
High Pulse Width  Slow    FDCE/C   n/a            0.500         5.000       4.500      SLICE_X2Y25    display/refresh_counter_reg[11]/C
High Pulse Width  Slow    FDCE/C   n/a            0.500         5.000       4.500      SLICE_X2Y26    display/refresh_counter_reg[12]/C
High Pulse Width  Slow    FDCE/C   n/a            0.500         5.000       4.500      SLICE_X2Y26    display/refresh_counter_reg[13]/C
High Pulse Width  Slow    FDCE/C   n/a            0.500         5.000       4.500      SLICE_X2Y26    display/refresh_counter_reg[14]/C
High Pulse Width  Slow    FDCE/C   n/a            0.500         5.000       4.500      SLICE_X2Y26    display/refresh_counter_reg[15]/C
High Pulse Width  Slow    FDCE/C   n/a            0.500         5.000       4.500      SLICE_X2Y27    display/refresh_counter_reg[16]/C
High Pulse Width  Slow    FDCE/C   n/a            0.500         5.000       4.500      SLICE_X2Y27    display/refresh_counter_reg[17]/C
High Pulse Width  Slow    FDCE/C   n/a            0.500         5.000       4.500      SLICE_X2Y27    display/refresh_counter_reg[18]/C



